Archive member included because of file (symbol)

c:/siliconlabs/simplicitystudio/v3/developer/toolchains/gnu_arm/4.8_2013q4/bin/../lib/gcc/arm-none-eabi/4.8.3/armv6-m\libgcc.a(_thumb1_case_uqi.o)
                              ./emlib/em_cmu.o (__gnu_thumb1_case_uqi)
c:/siliconlabs/simplicitystudio/v3/developer/toolchains/gnu_arm/4.8_2013q4/bin/../lib/gcc/arm-none-eabi/4.8.3/armv6-m\libgcc.a(_udivsi3.o)
                              ./emlib/em_usart.o (__aeabi_uidiv)
c:/siliconlabs/simplicitystudio/v3/developer/toolchains/gnu_arm/4.8_2013q4/bin/../lib/gcc/arm-none-eabi/4.8.3/armv6-m\libgcc.a(_dvmd_tls.o)
                              c:/siliconlabs/simplicitystudio/v3/developer/toolchains/gnu_arm/4.8_2013q4/bin/../lib/gcc/arm-none-eabi/4.8.3/armv6-m\libgcc.a(_udivsi3.o) (__aeabi_idiv0)
c:/siliconlabs/simplicitystudio/v3/developer/toolchains/gnu_arm/4.8_2013q4/bin/../lib/gcc/arm-none-eabi/4.8.3/armv6-m\libgcc.a(_clzsi2.o)
                              ./emlib/em_cmu.o (__clzsi2)
c:/siliconlabs/simplicitystudio/v3/developer/toolchains/gnu_arm/4.8_2013q4/bin/../lib/gcc/arm-none-eabi/4.8.3/armv6-m\libgcc.a(_aeabi_uldivmod.o)
                              ./emlib/em_usart.o (__aeabi_uldivmod)
c:/siliconlabs/simplicitystudio/v3/developer/toolchains/gnu_arm/4.8_2013q4/bin/../lib/gcc/arm-none-eabi/4.8.3/armv6-m\libgcc.a(_muldi3.o)
                              ./emlib/em_usart.o (__aeabi_lmul)
c:/siliconlabs/simplicitystudio/v3/developer/toolchains/gnu_arm/4.8_2013q4/bin/../lib/gcc/arm-none-eabi/4.8.3/armv6-m\libgcc.a(bpabi.o)
                              c:/siliconlabs/simplicitystudio/v3/developer/toolchains/gnu_arm/4.8_2013q4/bin/../lib/gcc/arm-none-eabi/4.8.3/armv6-m\libgcc.a(_aeabi_uldivmod.o) (__gnu_uldivmod_helper)
c:/siliconlabs/simplicitystudio/v3/developer/toolchains/gnu_arm/4.8_2013q4/bin/../lib/gcc/arm-none-eabi/4.8.3/armv6-m\libgcc.a(_divdi3.o)
                              c:/siliconlabs/simplicitystudio/v3/developer/toolchains/gnu_arm/4.8_2013q4/bin/../lib/gcc/arm-none-eabi/4.8.3/armv6-m\libgcc.a(bpabi.o) (__divdi3)
c:/siliconlabs/simplicitystudio/v3/developer/toolchains/gnu_arm/4.8_2013q4/bin/../lib/gcc/arm-none-eabi/4.8.3/armv6-m\libgcc.a(_udivdi3.o)
                              c:/siliconlabs/simplicitystudio/v3/developer/toolchains/gnu_arm/4.8_2013q4/bin/../lib/gcc/arm-none-eabi/4.8.3/armv6-m\libgcc.a(bpabi.o) (__udivdi3)
c:/siliconlabs/simplicitystudio/v3/developer/toolchains/gnu_arm/4.8_2013q4/bin/../lib/gcc/arm-none-eabi/4.8.3/../../../../arm-none-eabi/lib/armv6-m\libc_s.a(lib_a-ctype_.o)
                              ./Drivers/textdisplay.o (__ctype_ptr__)
c:/siliconlabs/simplicitystudio/v3/developer/toolchains/gnu_arm/4.8_2013q4/bin/../lib/gcc/arm-none-eabi/4.8.3/../../../../arm-none-eabi/lib/armv6-m\libc_s.a(lib_a-exit.o)
                              c:/siliconlabs/simplicitystudio/v3/developer/toolchains/gnu_arm/4.8_2013q4/bin/../lib/gcc/arm-none-eabi/4.8.3/../../../../arm-none-eabi/lib/armv6-m/crt0.o (exit)
c:/siliconlabs/simplicitystudio/v3/developer/toolchains/gnu_arm/4.8_2013q4/bin/../lib/gcc/arm-none-eabi/4.8.3/../../../../arm-none-eabi/lib/armv6-m\libc_s.a(lib_a-fileno.o)
                              ./Drivers/retargetio.o (fileno)
c:/siliconlabs/simplicitystudio/v3/developer/toolchains/gnu_arm/4.8_2013q4/bin/../lib/gcc/arm-none-eabi/4.8.3/../../../../arm-none-eabi/lib/armv6-m\libc_s.a(lib_a-findfp.o)
                              c:/siliconlabs/simplicitystudio/v3/developer/toolchains/gnu_arm/4.8_2013q4/bin/../lib/gcc/arm-none-eabi/4.8.3/../../../../arm-none-eabi/lib/armv6-m\libc_s.a(lib_a-fileno.o) (__sinit)
c:/siliconlabs/simplicitystudio/v3/developer/toolchains/gnu_arm/4.8_2013q4/bin/../lib/gcc/arm-none-eabi/4.8.3/../../../../arm-none-eabi/lib/armv6-m\libc_s.a(lib_a-fwalk.o)
                              c:/siliconlabs/simplicitystudio/v3/developer/toolchains/gnu_arm/4.8_2013q4/bin/../lib/gcc/arm-none-eabi/4.8.3/../../../../arm-none-eabi/lib/armv6-m\libc_s.a(lib_a-findfp.o) (_fwalk)
c:/siliconlabs/simplicitystudio/v3/developer/toolchains/gnu_arm/4.8_2013q4/bin/../lib/gcc/arm-none-eabi/4.8.3/../../../../arm-none-eabi/lib/armv6-m\libc_s.a(lib_a-impure.o)
                              c:/siliconlabs/simplicitystudio/v3/developer/toolchains/gnu_arm/4.8_2013q4/bin/../lib/gcc/arm-none-eabi/4.8.3/../../../../arm-none-eabi/lib/armv6-m\libc_s.a(lib_a-exit.o) (_global_impure_ptr)
c:/siliconlabs/simplicitystudio/v3/developer/toolchains/gnu_arm/4.8_2013q4/bin/../lib/gcc/arm-none-eabi/4.8.3/../../../../arm-none-eabi/lib/armv6-m\libc_s.a(lib_a-init.o)
                              c:/siliconlabs/simplicitystudio/v3/developer/toolchains/gnu_arm/4.8_2013q4/bin/../lib/gcc/arm-none-eabi/4.8.3/../../../../arm-none-eabi/lib/armv6-m/crt0.o (__libc_init_array)
c:/siliconlabs/simplicitystudio/v3/developer/toolchains/gnu_arm/4.8_2013q4/bin/../lib/gcc/arm-none-eabi/4.8.3/../../../../arm-none-eabi/lib/armv6-m\libc_s.a(lib_a-memcpy-stub.o)
                              ./Drivers/display.o (memcpy)
[...]
Memory Configuration

Name             Origin             Length             Attributes
FLASH            0x00000000         0x00010000         xr
RAM              0x20000000         0x00002000         xrw
*default*        0x00000000         0xffffffff

Linker script and memory map

LOAD c:/siliconlabs/simplicitystudio/v3/developer/toolchains/gnu_arm/4.8_2013q4/bin/../lib/gcc/arm-none-eabi/4.8.3/armv6-m/crti.o
LOAD c:/siliconlabs/simplicitystudio/v3/developer/toolchains/gnu_arm/4.8_2013q4/bin/../lib/gcc/arm-none-eabi/4.8.3/armv6-m/crtbegin.o
LOAD c:/siliconlabs/simplicitystudio/v3/developer/toolchains/gnu_arm/4.8_2013q4/bin/../lib/gcc/arm-none-eabi/4.8.3/../../../../arm-none-eabi/lib/armv6-m/crt0.o
LOAD ./src/main.o
LOAD ./emlib/em_assert.o
LOAD ./emlib/em_cmu.o
LOAD ./emlib/em_dma.o
LOAD ./emlib/em_emu.o
LOAD ./emlib/em_gpio.o
LOAD ./emlib/em_int.o
LOAD ./emlib/em_pcnt.o
LOAD ./emlib/em_prs.o
LOAD ./emlib/em_rtc.o
LOAD ./emlib/em_system.o
LOAD ./emlib/em_timer.o
LOAD ./emlib/em_usart.o
LOAD ./Drivers/display.o
LOAD ./Drivers/displayls013b7dh03.o
LOAD ./Drivers/displaypalemlib.o
LOAD ./Drivers/dmactrl.o
LOAD ./Drivers/dmadrv.o
LOAD ./Drivers/ezradio_api_lib.o
LOAD ./Drivers/ezradio_auto_ack_plugin.o
LOAD ./Drivers/ezradio_comm.o
LOAD ./Drivers/ezradio_crcerror_plugin.o
LOAD ./Drivers/ezradio_direct_receive_plugin.o
LOAD ./Drivers/ezradio_direct_transmit_plugin.o
LOAD ./Drivers/ezradio_hal.o
LOAD ./Drivers/ezradio_plugin_manager.o
LOAD ./Drivers/ezradio_pn9_plugin.o
LOAD ./Drivers/ezradio_receive_plugin.o
LOAD ./Drivers/ezradio_transmit_plugin.o
LOAD ./Drivers/ezradio_unmod_carrier_plugin.o
LOAD ./Drivers/gpiointerrupt.o
LOAD ./Drivers/retargetio.o
LOAD ./Drivers/retargettextdisplay.o
LOAD ./Drivers/rtcdriver.o
LOAD ./Drivers/spidrv.o
LOAD ./Drivers/textdisplay.o
LOAD ./Drivers/udelay.o
LOAD ./Drivers/ustimer.o
LOAD ./Drivers/si4x55/ezradio_api_lib_add.o
LOAD ./CMSIS/ezr32hg/startup_ezr32hg.o
LOAD ./CMSIS/ezr32hg/system_ezr32hg.o
START GROUP
LOAD c:/siliconlabs/simplicitystudio/v3/developer/toolchains/gnu_arm/4.8_2013q4/bin/../lib/gcc/arm-none-eabi/4.8.3/armv6-m\libgcc.a
LOAD c:/siliconlabs/simplicitystudio/v3/developer/toolchains/gnu_arm/4.8_2013q4/bin/../lib/gcc/arm-none-eabi/4.8.3/../../../../arm-none-eabi/lib/armv6-m\libc_s.a
LOAD c:/siliconlabs/simplicitystudio/v3/developer/toolchains/gnu_arm/4.8_2013q4/bin/../lib/gcc/arm-none-eabi/4.8.3/../../../../arm-none-eabi/lib/armv6-m\libnosys.a
END GROUP
START GROUP
LOAD c:/siliconlabs/simplicitystudio/v3/developer/toolchains/gnu_arm/4.8_2013q4/bin/../lib/gcc/arm-none-eabi/4.8.3/armv6-m\libgcc.a
LOAD c:/siliconlabs/simplicitystudio/v3/developer/toolchains/gnu_arm/4.8_2013q4/bin/../lib/gcc/arm-none-eabi/4.8.3/../../../../arm-none-eabi/lib/armv6-m\libg_s.a
LOAD c:/siliconlabs/simplicitystudio/v3/developer/toolchains/gnu_arm/4.8_2013q4/bin/../lib/gcc/arm-none-eabi/4.8.3/../../../../arm-none-eabi/lib/armv6-m\libc_s.a
END GROUP
START GROUP
LOAD c:/siliconlabs/simplicitystudio/v3/developer/toolchains/gnu_arm/4.8_2013q4/bin/../lib/gcc/arm-none-eabi/4.8.3/armv6-m\libgcc.a
LOAD c:/siliconlabs/simplicitystudio/v3/developer/toolchains/gnu_arm/4.8_2013q4/bin/../lib/gcc/arm-none-eabi/4.8.3/../../../../arm-none-eabi/lib/armv6-m\libc_s.a
END GROUP
LOAD c:/siliconlabs/simplicitystudio/v3/developer/toolchains/gnu_arm/4.8_2013q4/bin/../lib/gcc/arm-none-eabi/4.8.3/armv6-m/crtend.o
LOAD c:/siliconlabs/simplicitystudio/v3/developer/toolchains/gnu_arm/4.8_2013q4/bin/../lib/gcc/arm-none-eabi/4.8.3/armv6-m/crtn.o
                0x20002000                __top_RAM = 0x20002000

.text           0x00000000     0x4f44
 *(.vectors)
 .vectors       0x00000000       0x94 ./CMSIS/ezr32hg/startup_ezr32hg.o
                0x00000000                __Vectors
                0x00000094                __Vectors_End = .
                0x00000094                __Vectors_Size = (__Vectors_End - __Vectors)
                0x00000094                __end__ = .
 *(.text*)
 .text          0x00000094       0x60 c:/siliconlabs/simplicitystudio/v3/developer/toolchains/gnu_arm/4.8_2013q4/bin/../lib/gcc/arm-none-eabi/4.8.3/armv6-m/crtbegin.o
 .text          0x000000f4       0x78 c:/siliconlabs/simplicitystudio/v3/developer/toolchains/gnu_arm/4.8_2013q4/bin/../lib/gcc/arm-none-eabi/4.8.3/../../../../arm-none-eabi/lib/armv6-m/crt0.o
                0x000000f4                _start
                0x000000f4                _mainCRTStartup
 .text.RTC_App_IRQHandler
                0x0000016c        0xc ./src/main.o
                0x0000016c                RTC_App_IRQHandler
 .text.appPacketCrcErrorCallback
                0x00000178        0xc ./src/main.o
 .text.appPacketReceivedCallback
                0x00000184       0x6c ./src/main.o
 .text.appPacketTransmittedCallback
                0x000001f0       0x20 ./src/main.o
 .text.alive_pkt_ready
                0x00000210       0x34 ./src/main.o
                0x00000210                alive_pkt_ready
 .text.on_pkt_ready
                0x00000244       0x1c ./src/main.o
                0x00000244                on_pkt_ready
 .text.off_pkt_ready
                0x00000260       0x1c ./src/main.o
                0x00000260                off_pkt_ready
 .text.check_sensors
                0x0000027c       0xc0 ./src/main.o
                0x0000027c                check_sensors
 .text.gpioSetup
                0x0000033c       0x44 ./src/main.o
                0x0000033c                gpioSetup
 .text.startup.main
                0x00000380      0x120 ./src/main.o
                0x00000380                main
 .text.flashWaitStateControl
                0x000004a0       0x40 ./emlib/em_cmu.o
 .text.flashWaitStateMax
                0x000004e0        0xc ./emlib/em_cmu.o
 .text.auxClkGet
                0x000004ec       0x84 ./emlib/em_cmu.o
 .text.syncReg  0x00000570       0x14 ./emlib/em_cmu.o
 .text.CMU_ClockDivSet
                0x00000584       0xd0 ./emlib/em_cmu.o
                0x00000584                CMU_ClockDivSet
 .text.CMU_ClockEnable
                0x00000654       0x84 ./emlib/em_cmu.o
                0x00000654                CMU_ClockEnable
 .text.CMU_ClockSelectGet
                0x000006d8       0xe8 ./emlib/em_cmu.o
                0x000006d8                CMU_ClockSelectGet
 .text.lfClkGet
                0x000007c0       0x94 ./emlib/em_cmu.o
 .text.CMU_ClockFreqGet
                0x00000854       0xf0 ./emlib/em_cmu.o
                0x00000854                CMU_ClockFreqGet
 .text.CMU_OscillatorEnable
                0x00000944       0x74 ./emlib/em_cmu.o
                0x00000944                CMU_OscillatorEnable
 .text.CMU_ClockSelectSet
                0x000009b8      0x17c ./emlib/em_cmu.o
                0x000009b8                CMU_ClockSelectSet
 .text.DMA_Prepare
                0x00000b34       0x90 ./emlib/em_dma.o
 .text.DMA_IRQHandler
                0x00000bc4       0x78 ./emlib/em_dma.o
                0x00000bc4                DMA_IRQHandler
 .text.DMA_ActivateBasic
                0x00000c3c       0x2c ./emlib/em_dma.o
                0x00000c3c                DMA_ActivateBasic
 .text.DMA_ActivatePingPong
                0x00000c68       0x48 ./emlib/em_dma.o
                0x00000c68                DMA_ActivatePingPong
 .text.DMA_CfgChannel
                0x00000cb0       0x64 ./emlib/em_dma.o
                0x00000cb0                DMA_CfgChannel
 .text.DMA_CfgDescr
                0x00000d14       0x3c ./emlib/em_dma.o
                0x00000d14                DMA_CfgDescr
 .text.DMA_RefreshPingPong
                0x00000d50       0x7c ./emlib/em_dma.o
                0x00000d50                DMA_RefreshPingPong
 .text.DMA_Reset
                0x00000dcc       0x68 ./emlib/em_dma.o
                0x00000dcc                DMA_Reset
 .text.DMA_Init
                0x00000e34       0x44 ./emlib/em_dma.o
                0x00000e34                DMA_Init
 .text.EMU_UpdateOscConfig
                0x00000e78       0x14 ./emlib/em_emu.o
                0x00000e78                EMU_UpdateOscConfig
 .text.GPIO_ExtIntConfig
                0x00000e8c       0x98 ./emlib/em_gpio.o
                0x00000e8c                GPIO_ExtIntConfig
 .text.GPIO_PinModeSet
                0x00000f24       0x8c ./emlib/em_gpio.o
                0x00000f24                GPIO_PinModeSet
 .text.RTC_CompareGet
                0x00000fb0       0x1c ./emlib/em_rtc.o
                0x00000fb0                RTC_CompareGet
 .text.RTC_CompareSet
                0x00000fcc       0x1c ./emlib/em_rtc.o
                0x00000fcc                RTC_CompareSet
 .text.RTC_Enable
                0x00000fe8       0x14 ./emlib/em_rtc.o
                0x00000fe8                RTC_Enable
 .text.RTC_Init
                0x00000ffc       0x20 ./emlib/em_rtc.o
                0x00000ffc                RTC_Init
 .text.RTC_CounterReset
                0x0000101c       0x10 ./emlib/em_rtc.o
                0x0000101c                RTC_CounterReset
 .text.TIMER_Init
                0x0000102c       0x7c ./emlib/em_timer.o
                0x0000102c                TIMER_Init
 .text.TIMER_InitCC
                0x000010a8       0x58 ./emlib/em_timer.o
                0x000010a8                TIMER_InitCC
 .text.USART_BaudrateSyncSet
                0x00001100       0x3c ./emlib/em_usart.o
                0x00001100                USART_BaudrateSyncSet
 .text.USART_Reset
                0x0000113c       0x3c ./emlib/em_usart.o
                0x0000113c                USART_Reset
 .text.USART_InitSync
                0x00001178       0x60 ./emlib/em_usart.o
                0x00001178                USART_InitSync
 .text.INT_Disable
                0x000011d8       0x18 ./Drivers/dmadrv.o
 .text.INT_Enable
                0x000011f0       0x1c ./Drivers/dmadrv.o
 .text.DmaBasicCallback
                0x0000120c       0x20 ./Drivers/dmadrv.o
 .text.DmaPingPongCallback
                0x0000122c       0x48 ./Drivers/dmadrv.o
 .text.StartTransfer
                0x00001274      0x1b0 ./Drivers/dmadrv.o
 .text.DMADRV_AllocateChannel
                0x00001424       0x60 ./Drivers/dmadrv.o
                0x00001424                DMADRV_AllocateChannel
 .text.DMADRV_Init
                0x00001484       0x64 ./Drivers/dmadrv.o
                0x00001484                DMADRV_Init
 .text.DMADRV_MemoryPeripheral
                0x000014e8       0x36 ./Drivers/dmadrv.o
                0x000014e8                DMADRV_MemoryPeripheral
 .text.DMADRV_PeripheralMemory
                0x0000151e       0x36 ./Drivers/dmadrv.o
                0x0000151e                DMADRV_PeripheralMemory
 .text.ezradio_reset
                0x00001554       0x24 ./Drivers/ezradio_api_lib.o
                0x00001554                ezradio_reset
 .text.ezradio_start_tx
                0x00001578       0x22 ./Drivers/ezradio_api_lib.o
                0x00001578                ezradio_start_tx
 .text.ezradio_start_rx
                0x0000159a       0x2a ./Drivers/ezradio_api_lib.o
                0x0000159a                ezradio_start_rx
 .text.ezradio_get_int_status
                0x000015c4       0x42 ./Drivers/ezradio_api_lib.o
                0x000015c4                ezradio_get_int_status
 .text.ezradio_change_state
                0x00001606       0x12 ./Drivers/ezradio_api_lib.o
                0x00001606                ezradio_change_state
 .text.ezradio_fifo_info
                0x00001618       0x26 ./Drivers/ezradio_api_lib.o
                0x00001618                ezradio_fifo_info
 .text.ezradio_write_tx_fifo
                0x0000163e       0x10 ./Drivers/ezradio_api_lib.o
                0x0000163e                ezradio_write_tx_fifo
 .text.ezradio_read_rx_fifo
                0x0000164e       0x10 ./Drivers/ezradio_api_lib.o
                0x0000164e                ezradio_read_rx_fifo
 .text.ezradio_request_device_state
                0x0000165e       0x24 ./Drivers/ezradio_api_lib.o
                0x0000165e                ezradio_request_device_state
 *fill*         0x00001682        0x2 
 .text.ezradio_comm_GetResp
                0x00001684       0x5c ./Drivers/ezradio_comm.o
                0x00001684                ezradio_comm_GetResp
 .text.ezradio_comm_PollCTS
                0x000016e0        0xc ./Drivers/ezradio_comm.o
                0x000016e0                ezradio_comm_PollCTS
 .text.ezradio_comm_SendCmd
                0x000016ec       0x30 ./Drivers/ezradio_comm.o
                0x000016ec                ezradio_comm_SendCmd
 .text.ezradio_comm_ReadData
                0x0000171c       0x3c ./Drivers/ezradio_comm.o
                0x0000171c                ezradio_comm_ReadData
 .text.ezradio_comm_WriteData
                0x00001758       0x3c ./Drivers/ezradio_comm.o
                0x00001758                ezradio_comm_WriteData
 .text.ezradio_comm_ClearCTS
                0x00001794        0xc ./Drivers/ezradio_comm.o
                0x00001794                ezradio_comm_ClearCTS
 .text.ezradio_comm_SendCmdGetResp
                0x000017a0       0x14 ./Drivers/ezradio_comm.o
                0x000017a0                ezradio_comm_SendCmdGetResp
 .text.ezradioHandleCrcErrorPlugin
                0x000017b4       0x34 ./Drivers/ezradio_crcerror_plugin.o
                0x000017b4                ezradioHandleCrcErrorPlugin
 .text.ezradio_hal_GpioInit
                0x000017e8       0x48 ./Drivers/ezradio_hal.o
                0x000017e8                ezradio_hal_GpioInit
 .text.ezradio_hal_SpiInit
                0x00001830       0x20 ./Drivers/ezradio_hal.o
                0x00001830                ezradio_hal_SpiInit
 .text.ezradio_hal_AssertShutdown
                0x00001850        0xc ./Drivers/ezradio_hal.o
                0x00001850                ezradio_hal_AssertShutdown
 .text.ezradio_hal_DeassertShutdown
                0x0000185c        0xc ./Drivers/ezradio_hal.o
                0x0000185c                ezradio_hal_DeassertShutdown
 .text.ezradio_hal_ClearNsel
                0x00001868        0xc ./Drivers/ezradio_hal.o
                0x00001868                ezradio_hal_ClearNsel
 .text.ezradio_hal_SetNsel
                0x00001874        0xc ./Drivers/ezradio_hal.o
                0x00001874                ezradio_hal_SetNsel
 .text.ezradio_hal_NirqLevel
                0x00001880       0x10 ./Drivers/ezradio_hal.o
                0x00001880                ezradio_hal_NirqLevel
 .text.ezradio_hal_SpiWriteByte
                0x00001890       0x18 ./Drivers/ezradio_hal.o
                0x00001890                ezradio_hal_SpiWriteByte
 .text.ezradio_hal_SpiReadByte
                0x000018a8       0x14 ./Drivers/ezradio_hal.o
                0x000018a8                ezradio_hal_SpiReadByte
 .text.ezradio_hal_SpiWriteData
                0x000018bc       0x10 ./Drivers/ezradio_hal.o
                0x000018bc                ezradio_hal_SpiWriteData
 .text.ezradio_hal_SpiReadData
                0x000018cc       0x10 ./Drivers/ezradio_hal.o
                0x000018cc                ezradio_hal_SpiReadData
 .text.GPIO_EZRadio_INT_IRQHandler
                0x000018dc        0xc ./Drivers/ezradio_plugin_manager.o
 .text.ezradioInit
                0x000018e8       0x5c ./Drivers/ezradio_plugin_manager.o
                0x000018e8                ezradioInit
 .text.ezradioPluginManager
                0x00001944       0x4c ./Drivers/ezradio_plugin_manager.o
                0x00001944                ezradioPluginManager
 .text.ezradioResetTRxFifo
                0x00001990       0x14 ./Drivers/ezradio_plugin_manager.o
                0x00001990                ezradioResetTRxFifo
 .text.ezradioStartRx
                0x000019a4       0x1a ./Drivers/ezradio_receive_plugin.o
                0x000019a4                ezradioStartRx
 *fill*         0x000019be        0x2 
 .text.ezradioHandleReceivePlugin
                0x000019c0       0x54 ./Drivers/ezradio_receive_plugin.o
                0x000019c0                ezradioHandleReceivePlugin
 .text.ezradioStartTx.isra.0
                0x00001a14       0x7c ./Drivers/ezradio_transmit_plugin.o
 .text.ezradioStartTransmitConfigured
                0x00001a90       0x7c ./Drivers/ezradio_transmit_plugin.o
                0x00001a90                ezradioStartTransmitConfigured
 .text.ezradioHandleTransmitPlugin
                0x00001b0c       0x24 ./Drivers/ezradio_transmit_plugin.o
                0x00001b0c                ezradioHandleTransmitPlugin
 .text.GPIOINT_IRQDispatcher
                0x00001b30       0x34 ./Drivers/gpiointerrupt.o
 .text.GPIOINT_Init
                0x00001b64       0x18 ./Drivers/gpiointerrupt.o
                0x00001b64                GPIOINT_Init
 .text.GPIOINT_CallbackRegister
                0x00001b7c       0x30 ./Drivers/gpiointerrupt.o
                0x00001b7c                GPIOINT_CallbackRegister
 .text.GPIO_EVEN_IRQHandler
                0x00001bac       0x20 ./Drivers/gpiointerrupt.o
                0x00001bac                GPIO_EVEN_IRQHandler
 .text.GPIO_ODD_IRQHandler
                0x00001bcc       0x20 ./Drivers/gpiointerrupt.o
                0x00001bcc                GPIO_ODD_IRQHandler
 .text._close   0x00001bec        0x4 ./Drivers/retargetio.o
                0x00001bec                _close
 .text._exit    0x00001bf0        0x2 ./Drivers/retargetio.o
                0x00001bf0                _exit
 .text._fstat   0x00001bf2        0xa ./Drivers/retargetio.o
                0x00001bf2                _fstat
 .text._isatty  0x00001bfc        0x4 ./Drivers/retargetio.o
                0x00001bfc                _isatty
 .text._lseek   0x00001c00        0x4 ./Drivers/retargetio.o
                0x00001c00                _lseek
 .text._read    0x00001c04       0x28 ./Drivers/retargetio.o
                0x00001c04                _read
 .text._write   0x00001c2c       0x1c ./Drivers/retargetio.o
                0x00001c2c                _write
 .text._sbrk    0x00001c48       0x54 ./Drivers/retargetio.o
                0x00001c48                _sbrk
 .text.RETARGET_ReadChar
                0x00001c9c        0x6 ./Drivers/retargettextdisplay.o
                0x00001c9c                RETARGET_ReadChar
 *fill*         0x00001ca2        0x2 
 .text.RETARGET_WriteChar
                0x00001ca4       0x20 ./Drivers/retargettextdisplay.o
                0x00001ca4                RETARGET_WriteChar
 .text.INT_Disable
                0x00001cc4       0x18 ./Drivers/rtcdriver.o
 .text.INT_Enable
                0x00001cdc       0x1c ./Drivers/rtcdriver.o
 .text.checkAllTimers
                0x00001cf8       0xa0 ./Drivers/rtcdriver.o
 .text.executeTimerCallbacks
                0x00001d98       0x28 ./Drivers/rtcdriver.o
 .text.delayTicks.part.0
                0x00001dc0       0x20 ./Drivers/rtcdriver.o
 .text.rescheduleRtc
                0x00001de0       0x90 ./Drivers/rtcdriver.o
 .text.RTCDRV_AllocateTimer
                0x00001e70       0x44 ./Drivers/rtcdriver.o
                0x00001e70                RTCDRV_AllocateTimer
 *fill*         0x00001eb4        0x4 
 .text.RTCDRV_Delay
                0x00001eb8       0x68 ./Drivers/rtcdriver.o
                0x00001eb8                RTCDRV_Delay
 .text.RTCDRV_Init
                0x00001f20       0x98 ./Drivers/rtcdriver.o
                0x00001f20                RTCDRV_Init
 .text.RTCDRV_StartTimer
                0x00001fb8      0x1e8 ./Drivers/rtcdriver.o
                0x00001fb8                RTCDRV_StartTimer
 .text.RTC_IRQHandler
                0x000021a0       0x78 ./Drivers/rtcdriver.o
                0x000021a0                RTC_IRQHandler
 .text.INT_Disable
                0x00002218       0x18 ./Drivers/spidrv.o
 .text.INT_Enable
                0x00002230       0x1c ./Drivers/spidrv.o
 .text.BlockingComplete
                0x0000224c        0xa ./Drivers/spidrv.o
 .text.RxDMAComplete
                0x00002256       0x28 ./Drivers/spidrv.o
 *fill*         0x0000227e        0x2 
 .text.ConfigGPIO
                0x00002280      0x1fc ./Drivers/spidrv.o
 .text.StartReceiveDMA
                0x0000247c       0x70 ./Drivers/spidrv.o
 .text.StartTransmitDMA
                0x000024ec       0x74 ./Drivers/spidrv.o
 .text.TransferApiBlockingPrologue
                0x00002560       0x4c ./Drivers/spidrv.o
 .text.WaitForTransferCompletion
                0x000025ac       0x2e ./Drivers/spidrv.o
 *fill*         0x000025da        0x2 
 .text.SPIDRV_Init
                0x000025dc      0x170 ./Drivers/spidrv.o
                0x000025dc                SPIDRV_Init
 .text.SPIDRV_MReceiveB
                0x0000274c       0x38 ./Drivers/spidrv.o
                0x0000274c                SPIDRV_MReceiveB
 .text.SPIDRV_MTransmitB
                0x00002784       0x38 ./Drivers/spidrv.o
                0x00002784                SPIDRV_MTransmitB
 .text.TextdisplayClear
                0x000027bc       0x24 ./Drivers/textdisplay.o
 .text.TextdisplayLineDraw
                0x000027e0       0xe4 ./Drivers/textdisplay.o
 .text.TextdisplayUpdate
                0x000028c4       0x94 ./Drivers/textdisplay.o
 .text.TextdisplayScrollUp
                0x00002958       0x44 ./Drivers/textdisplay.o
 .text.TextdisplayCharAdd
                0x0000299c       0xc4 ./Drivers/textdisplay.o
 .text.TEXTDISPLAY_WriteChar
                0x00002a60       0x94 ./Drivers/textdisplay.o
                0x00002a60                TEXTDISPLAY_WriteChar
 .text.DelayTicksEM1.part.1
                0x00002af4       0x74 ./Drivers/ustimer.o
 .text.USTIMER_Init
                0x00002b68       0xf8 ./Drivers/ustimer.o
                0x00002b68                USTIMER_Init
 .text.USTIMER_DeInit
                0x00002c60       0x38 ./Drivers/ustimer.o
                0x00002c60                USTIMER_DeInit
 .text.USTIMER_Delay
                0x00002c98       0x70 ./Drivers/ustimer.o
                0x00002c98                USTIMER_Delay
 .text.TIMER0_IRQHandler
                0x00002d08       0x1c ./Drivers/ustimer.o
                0x00002d08                TIMER0_IRQHandler
 .text.ezradio_write_ezconfig_array
                0x00002d24       0x10 ./Drivers/si4x55/ezradio_api_lib_add.o
                0x00002d24                ezradio_write_ezconfig_array
 .text.ezradio_configuration_init
                0x00002d34       0x8c ./Drivers/si4x55/ezradio_api_lib_add.o
                0x00002d34                ezradio_configuration_init
 .text          0x00002dc0       0x30 ./CMSIS/ezr32hg/startup_ezr32hg.o
                0x00002dc0                Reset_Handler
                0x00002dec                USART0_TX_IRQHandler
                0x00002dec                I2C0_IRQHandler
                0x00002dec                HardFault_Handler
                0x00002dec                SysTick_Handler
                0x00002dec                PendSV_Handler
                0x00002dec                NMI_Handler
                0x00002dec                MSC_IRQHandler
                0x00002dec                ADC0_IRQHandler
                0x00002dec                LEUART0_IRQHandler
                0x00002dec                USARTRF1_TX_IRQHandler
                0x00002dec                TIMER2_IRQHandler
                0x00002dec                TIMER1_IRQHandler
                0x00002dec                Default_Handler
                0x00002dec                PCNT0_IRQHandler
                0x00002dec                USB_IRQHandler
                0x00002dec                USART0_RX_IRQHandler
                0x00002dec                SVC_Handler
                0x00002dec                USARTRF1_RX_IRQHandler
                0x00002dec                CMU_IRQHandler
                0x00002dec                AES_IRQHandler
                0x00002dec                VCMP_IRQHandler
 .text.SystemMaxCoreClockGet
                0x00002df0        0x8 ./CMSIS/ezr32hg/system_ezr32hg.o
                0x00002df0                SystemMaxCoreClockGet
 .text.SystemHFClockGet
                0x00002df8       0xbc ./CMSIS/ezr32hg/system_ezr32hg.o
                0x00002df8                SystemHFClockGet
 .text.SystemCoreClockGet
                0x00002eb4       0x20 ./CMSIS/ezr32hg/system_ezr32hg.o
                0x00002eb4                SystemCoreClockGet
 .text.SystemInit
                0x00002ed4        0x2 ./CMSIS/ezr32hg/system_ezr32hg.o
                0x00002ed4                SystemInit
 .text.SystemLFRCOClockGet
                0x00002ed6        0x6 ./CMSIS/ezr32hg/system_ezr32hg.o
                0x00002ed6                SystemLFRCOClockGet
 .text.SystemULFRCOClockGet
                0x00002edc        0x6 ./CMSIS/ezr32hg/system_ezr32hg.o
                0x00002edc                SystemULFRCOClockGet
 *fill*         0x00002ee2        0x2 
 .text.SystemLFXOClockGet
                0x00002ee4        0xc ./CMSIS/ezr32hg/system_ezr32hg.o
                0x00002ee4                SystemLFXOClockGet
 .text          0x00002ef0       0x14 c:/siliconlabs/simplicitystudio/v3/developer/toolchains/gnu_arm/4.8_2013q4/bin/../lib/gcc/arm-none-eabi/4.8.3/armv6-m\libgcc.a(_thumb1_case_uqi.o)
                0x00002ef0                __gnu_thumb1_case_uqi
 .text          0x00002f04       0x9c c:/siliconlabs/simplicitystudio/v3/developer/toolchains/gnu_arm/4.8_2013q4/bin/../lib/gcc/arm-none-eabi/4.8.3/armv6-m\libgcc.a(_udivsi3.o)
                0x00002f04                __aeabi_uidiv
                0x00002f04                __udivsi3
                0x00002f8c                __aeabi_uidivmod
 .text          0x00002fa0        0x4 c:/siliconlabs/simplicitystudio/v3/developer/toolchains/gnu_arm/4.8_2013q4/bin/../lib/gcc/arm-none-eabi/4.8.3/armv6-m\libgcc.a(_dvmd_tls.o)
                0x00002fa0                __aeabi_idiv0
                0x00002fa0                __aeabi_ldiv0
 .text          0x00002fa4       0x3c c:/siliconlabs/simplicitystudio/v3/developer/toolchains/gnu_arm/4.8_2013q4/bin/../lib/gcc/arm-none-eabi/4.8.3/armv6-m\libgcc.a(_clzsi2.o)
                0x00002fa4                __clzsi2
 .text          0x00002fe0       0x40 c:/siliconlabs/simplicitystudio/v3/developer/toolchains/gnu_arm/4.8_2013q4/bin/../lib/gcc/arm-none-eabi/4.8.3/armv6-m\libgcc.a(_aeabi_uldivmod.o)
                0x00002fe0                __aeabi_uldivmod
 .text          0x00003020       0x44 c:/siliconlabs/simplicitystudio/v3/developer/toolchains/gnu_arm/4.8_2013q4/bin/../lib/gcc/arm-none-eabi/4.8.3/armv6-m\libgcc.a(_muldi3.o)
                0x00003020                __muldi3
                0x00003020                __aeabi_lmul
 .text          0x00003064       0x6c c:/siliconlabs/simplicitystudio/v3/developer/toolchains/gnu_arm/4.8_2013q4/bin/../lib/gcc/arm-none-eabi/4.8.3/armv6-m\libgcc.a(bpabi.o)
                0x00003064                __gnu_ldivmod_helper
                0x0000309c                __gnu_uldivmod_helper
 .text          0x000030d0      0x3b0 c:/siliconlabs/simplicitystudio/v3/developer/toolchains/gnu_arm/4.8_2013q4/bin/../lib/gcc/arm-none-eabi/4.8.3/armv6-m\libgcc.a(_divdi3.o)
                0x000030d0                __divdi3
 .text          0x00003480      0x380 c:/siliconlabs/simplicitystudio/v3/developer/toolchains/gnu_arm/4.8_2013q4/bin/../lib/gcc/arm-none-eabi/4.8.3/armv6-m\libgcc.a(_udivdi3.o)
                0x00003480                __udivdi3
 .text.exit     0x00003800       0x2c c:/siliconlabs/simplicitystudio/v3/developer/toolchains/gnu_arm/4.8_2013q4/bin/../lib/gcc/arm-none-eabi/4.8.3/../../../../arm-none-eabi/lib/armv6-m\libc_s.a(lib_a-exit.o)
                0x00003800                exit
 .text.fileno   0x0000382c       0x60 c:/siliconlabs/simplicitystudio/v3/developer/toolchains/gnu_arm/4.8_2013q4/bin/../lib/gcc/arm-none-eabi/4.8.3/../../../../arm-none-eabi/lib/armv6-m\libc_s.a(lib_a-fileno.o)
                0x0000382c                fileno
 .text._cleanup_r
                0x0000388c       0x34 c:/siliconlabs/simplicitystudio/v3/developer/toolchains/gnu_arm/4.8_2013q4/bin/../lib/gcc/arm-none-eabi/4.8.3/../../../../arm-none-eabi/lib/armv6-m\libc_s.a(lib_a-findfp.o)
                0x0000388c                _cleanup_r
 .text.std.isra.0
                0x000038c0       0x48 c:/siliconlabs/simplicitystudio/v3/developer/toolchains/gnu_arm/4.8_2013q4/bin/../lib/gcc/arm-none-eabi/4.8.3/../../../../arm-none-eabi/lib/armv6-m\libc_s.a(lib_a-findfp.o)
 .text.__sfmoreglue
                0x00003908       0x2c c:/siliconlabs/simplicitystudio/v3/developer/toolchains/gnu_arm/4.8_2013q4/bin/../lib/gcc/arm-none-eabi/4.8.3/../../../../arm-none-eabi/lib/armv6-m\libc_s.a(lib_a-findfp.o)
                0x00003908                __sfmoreglue
 .text.__sinit  0x00003934       0x64 c:/siliconlabs/simplicitystudio/v3/developer/toolchains/gnu_arm/4.8_2013q4/bin/../lib/gcc/arm-none-eabi/4.8.3/../../../../arm-none-eabi/lib/armv6-m\libc_s.a(lib_a-findfp.o)
                0x00003934                __sinit
 .text.__sfp    0x00003998       0x7c c:/siliconlabs/simplicitystudio/v3/developer/toolchains/gnu_arm/4.8_2013q4/bin/../lib/gcc/arm-none-eabi/4.8.3/../../../../arm-none-eabi/lib/armv6-m\libc_s.a(lib_a-findfp.o)
                0x00003998                __sfp
 .text.__libc_init_array
                0x00003a14       0x4c c:/siliconlabs/simplicitystudio/v3/developer/toolchains/gnu_arm/4.8_2013q4/bin/../lib/gcc/arm-none-eabi/4.8.3/../../../../arm-none-eabi/lib/armv6-m\libc_s.a(lib_a-init.o)
                0x00003a14                __libc_init_array
 .text.memcpy   0x00003a60       0x12 c:/siliconlabs/simplicitystudio/v3/developer/toolchains/gnu_arm/4.8_2013q4/bin/../lib/gcc/arm-none-eabi/4.8.3/../../../../arm-none-eabi/lib/armv6-m\libc_s.a(lib_a-memcpy-stub.o)
                0x00003a60                memcpy
 .text.memset   0x00003a72       0x10 c:/siliconlabs/simplicitystudio/v3/developer/toolchains/gnu_arm/4.8_2013q4/bin/../lib/gcc/arm-none-eabi/4.8.3/../../../../arm-none-eabi/lib/armv6-m\libc_s.a(lib_a-memset.o)
                0x00003a72                memset
 *fill*         0x00003a82        0x2 
 .text._malloc_r
                0x00003a84       0xa8 c:/siliconlabs/simplicitystudio/v3/developer/toolchains/gnu_arm/4.8_2013q4/bin/../lib/gcc/arm-none-eabi/4.8.3/../../../../arm-none-eabi/lib/armv6-m\libc_s.a(lib_a-nano-mallocr.o)
                0x00003a84                _malloc_r
 .text.printf   0x00003b2c       0x34 c:/siliconlabs/simplicitystudio/v3/developer/toolchains/gnu_arm/4.8_2013q4/bin/../lib/gcc/arm-none-eabi/4.8.3/../../../../arm-none-eabi/lib/armv6-m\libc_s.a(lib_a-printf.o)
                0x00003b2c                iprintf
                0x00003b2c                printf
 .text._sbrk_r  0x00003b60       0x24 c:/siliconlabs/simplicitystudio/v3/developer/toolchains/gnu_arm/4.8_2013q4/bin/../lib/gcc/arm-none-eabi/4.8.3/../../../../arm-none-eabi/lib/armv6-m\libc_s.a(lib_a-sbrkr.o)
                0x00003b60                _sbrk_r
 .text.__sread  0x00003b84       0x28 c:/siliconlabs/simplicitystudio/v3/developer/toolchains/gnu_arm/4.8_2013q4/bin/../lib/gcc/arm-none-eabi/4.8.3/../../../../arm-none-eabi/lib/armv6-m\libc_s.a(lib_a-stdio.o)
                0x00003b84                __sread
 .text.__swrite
                0x00003bac       0x38 c:/siliconlabs/simplicitystudio/v3/developer/toolchains/gnu_arm/4.8_2013q4/bin/../lib/gcc/arm-none-eabi/4.8.3/../../../../arm-none-eabi/lib/armv6-m\libc_s.a(lib_a-stdio.o)
                0x00003bac                __swrite
 .text.__sseek  0x00003be4       0x2c c:/siliconlabs/simplicitystudio/v3/developer/toolchains/gnu_arm/4.8_2013q4/bin/../lib/gcc/arm-none-eabi/4.8.3/../../../../arm-none-eabi/lib/armv6-m\libc_s.a(lib_a-stdio.o)
                0x00003be4                __sseek
 .text.__sclose
                0x00003c10        0xc c:/siliconlabs/simplicitystudio/v3/developer/toolchains/gnu_arm/4.8_2013q4/bin/../lib/gcc/arm-none-eabi/4.8.3/../../../../arm-none-eabi/lib/armv6-m\libc_s.a(lib_a-stdio.o)
                0x00003c10                __sclose
 .text.strlen   0x00003c1c        0xe c:/siliconlabs/simplicitystudio/v3/developer/toolchains/gnu_arm/4.8_2013q4/bin/../lib/gcc/arm-none-eabi/4.8.3/../../../../arm-none-eabi/lib/armv6-m\libc_s.a(lib_a-strlen.o)
                0x00003c1c                strlen
 .text.__sfputc_r
                0x00003c2a       0x2a c:/siliconlabs/simplicitystudio/v3/developer/toolchains/gnu_arm/4.8_2013q4/bin/../lib/gcc/arm-none-eabi/4.8.3/../../../../arm-none-eabi/lib/armv6-m\libc_s.a(lib_a-vfprintf.o)
 .text.__sfputs_r
                0x00003c54       0x24 c:/siliconlabs/simplicitystudio/v3/developer/toolchains/gnu_arm/4.8_2013q4/bin/../lib/gcc/arm-none-eabi/4.8.3/../../../../arm-none-eabi/lib/armv6-m\libc_s.a(lib_a-vfprintf.o)
                0x00003c54                __sfputs_r
 .text._vfprintf_r
                0x00003c78      0x210 c:/siliconlabs/simplicitystudio/v3/developer/toolchains/gnu_arm/4.8_2013q4/bin/../lib/gcc/arm-none-eabi/4.8.3/../../../../arm-none-eabi/lib/armv6-m\libc_s.a(lib_a-vfprintf.o)
                0x00003c78                _vfprintf_r
                0x00003c78                _vfiprintf_r
 .text._printf_common
                0x00003e88       0xe8 c:/siliconlabs/simplicitystudio/v3/developer/toolchains/gnu_arm/4.8_2013q4/bin/../lib/gcc/arm-none-eabi/4.8.3/../../../../arm-none-eabi/lib/armv6-m\libc_s.a(lib_a-vfprintf_i.o)
                0x00003e88                _printf_common
 .text._printf_i
                0x00003f70      0x22c c:/siliconlabs/simplicitystudio/v3/developer/toolchains/gnu_arm/4.8_2013q4/bin/../lib/gcc/arm-none-eabi/4.8.3/../../../../arm-none-eabi/lib/armv6-m\libc_s.a(lib_a-vfprintf_i.o)
                0x00003f70                _printf_i
 .text.__swbuf_r
                0x0000419c       0xb0 c:/siliconlabs/simplicitystudio/v3/developer/toolchains/gnu_arm/4.8_2013q4/bin/../lib/gcc/arm-none-eabi/4.8.3/../../../../arm-none-eabi/lib/armv6-m\libc_s.a(lib_a-wbuf.o)
                0x0000419c                __swbuf_r
 .text._write_r
                0x0000424c       0x28 c:/siliconlabs/simplicitystudio/v3/developer/toolchains/gnu_arm/4.8_2013q4/bin/../lib/gcc/arm-none-eabi/4.8.3/../../../../arm-none-eabi/lib/armv6-m\libc_s.a(lib_a-writer.o)
                0x0000424c                _write_r
 .text.__swsetup_r
                0x00004274       0xe4 c:/siliconlabs/simplicitystudio/v3/developer/toolchains/gnu_arm/4.8_2013q4/bin/../lib/gcc/arm-none-eabi/4.8.3/../../../../arm-none-eabi/lib/armv6-m\libc_s.a(lib_a-wsetup.o)
                0x00004274                __swsetup_r
 .text._close_r
                0x00004358       0x24 c:/siliconlabs/simplicitystudio/v3/developer/toolchains/gnu_arm/4.8_2013q4/bin/../lib/gcc/arm-none-eabi/4.8.3/../../../../arm-none-eabi/lib/armv6-m\libc_s.a(lib_a-closer.o)
                0x00004358                _close_r
 .text.__sflush_r
                0x0000437c      0x112 c:/siliconlabs/simplicitystudio/v3/developer/toolchains/gnu_arm/4.8_2013q4/bin/../lib/gcc/arm-none-eabi/4.8.3/../../../../arm-none-eabi/lib/armv6-m\libc_s.a(lib_a-fflush.o)
                0x0000437c                __sflush_r
 *fill*         0x0000448e        0x2 
 .text._fflush_r
                0x00004490       0x58 c:/siliconlabs/simplicitystudio/v3/developer/toolchains/gnu_arm/4.8_2013q4/bin/../lib/gcc/arm-none-eabi/4.8.3/../../../../arm-none-eabi/lib/armv6-m\libc_s.a(lib_a-fflush.o)
                0x00004490                _fflush_r
 .text._lseek_r
                0x000044e8       0x28 c:/siliconlabs/simplicitystudio/v3/developer/toolchains/gnu_arm/4.8_2013q4/bin/../lib/gcc/arm-none-eabi/4.8.3/../../../../arm-none-eabi/lib/armv6-m\libc_s.a(lib_a-lseekr.o)
                0x000044e8                _lseek_r
 .text.__smakebuf_r
                0x00004510       0xa0 c:/siliconlabs/simplicitystudio/v3/developer/toolchains/gnu_arm/4.8_2013q4/bin/../lib/gcc/arm-none-eabi/4.8.3/../../../../arm-none-eabi/lib/armv6-m\libc_s.a(lib_a-makebuf.o)
                0x00004510                __smakebuf_r
 .text.memchr   0x000045b0       0x16 c:/siliconlabs/simplicitystudio/v3/developer/toolchains/gnu_arm/4.8_2013q4/bin/../lib/gcc/arm-none-eabi/4.8.3/../../../../arm-none-eabi/lib/armv6-m\libc_s.a(lib_a-memchr-stub.o)
                0x000045b0                memchr
 *fill*         0x000045c6        0x2 
 .text._free_r  0x000045c8       0x90 c:/siliconlabs/simplicitystudio/v3/developer/toolchains/gnu_arm/4.8_2013q4/bin/../lib/gcc/arm-none-eabi/4.8.3/../../../../arm-none-eabi/lib/armv6-m\libc_s.a(lib_a-nano-freer.o)
                0x000045c8                _free_r
 .text._read_r  0x00004658       0x28 c:/siliconlabs/simplicitystudio/v3/developer/toolchains/gnu_arm/4.8_2013q4/bin/../lib/gcc/arm-none-eabi/4.8.3/../../../../arm-none-eabi/lib/armv6-m\libc_s.a(lib_a-readr.o)
                0x00004658                _read_r
 .text._fstat_r
                0x00004680       0x24 c:/siliconlabs/simplicitystudio/v3/developer/toolchains/gnu_arm/4.8_2013q4/bin/../lib/gcc/arm-none-eabi/4.8.3/../../../../arm-none-eabi/lib/armv6-m\libc_s.a(lib_a-fstatr.o)
                0x00004680                _fstat_r
 .text._isatty_r
                0x000046a4       0x24 c:/siliconlabs/simplicitystudio/v3/developer/toolchains/gnu_arm/4.8_2013q4/bin/../lib/gcc/arm-none-eabi/4.8.3/../../../../arm-none-eabi/lib/armv6-m\libc_s.a(lib_a-isattyr.o)
                0x000046a4                _isatty_r
 *(.init)
 .init          0x000046c8        0x4 c:/siliconlabs/simplicitystudio/v3/developer/toolchains/gnu_arm/4.8_2013q4/bin/../lib/gcc/arm-none-eabi/4.8.3/armv6-m/crti.o
                0x000046c8                _init
 .init          0x000046cc        0x8 c:/siliconlabs/simplicitystudio/v3/developer/toolchains/gnu_arm/4.8_2013q4/bin/../lib/gcc/arm-none-eabi/4.8.3/armv6-m/crtn.o
 *(.fini)
 .fini          0x000046d4        0x4 c:/siliconlabs/simplicitystudio/v3/developer/toolchains/gnu_arm/4.8_2013q4/bin/../lib/gcc/arm-none-eabi/4.8.3/armv6-m/crti.o
                0x000046d4                _fini
 .fini          0x000046d8        0x8 c:/siliconlabs/simplicitystudio/v3/developer/toolchains/gnu_arm/4.8_2013q4/bin/../lib/gcc/arm-none-eabi/4.8.3/armv6-m/crtn.o
 *crtbegin.o(.ctors)
 *crtbegin?.o(.ctors)
 *(EXCLUDE_FILE(*crtend.o *crtend?.o) .ctors)
 *(SORT(.ctors.*))
 *(.ctors)
 *crtbegin.o(.dtors)
 *crtbegin?.o(.dtors)
 *(EXCLUDE_FILE(*crtend.o *crtend?.o) .dtors)
 *(SORT(.dtors.*))
 *(.dtors)
 *(.rodata*)
 .rodata.Radio_Configuration_Data_Array
                0x000046e0      0x33a ./Drivers/ezradio_plugin_manager.o
 .rodata.str1.1
                0x00004a1a       0x24 ./Drivers/ezradio_plugin_manager.o
 .rodata        0x00004a3e        0xa ./Drivers/ezradio_transmit_plugin.o
 .rodata.heaperr.8264
                0x00004a48       0x1a ./Drivers/retargetio.o
 .rodata.initRTC
                0x00004a62        0x3 ./Drivers/rtcdriver.o
 *fill*         0x00004a65        0x3 
 .rodata        0x00004a68       0x18 ./Drivers/spidrv.o
 .rodata.chars_6x8_bits
                0x00004a80      0x320 ./Drivers/textdisplay.o
 .rodata._ctype_
                0x00004da0      0x101 c:/siliconlabs/simplicitystudio/v3/developer/toolchains/gnu_arm/4.8_2013q4/bin/../lib/gcc/arm-none-eabi/4.8.3/../../../../arm-none-eabi/lib/armv6-m\libc_s.a(lib_a-ctype_.o)
                0x00004da0                _ctype_
 *fill*         0x00004ea1        0x3 
 .rodata.__sf_fake_stdin
                0x00004ea4       0x20 c:/siliconlabs/simplicitystudio/v3/developer/toolchains/gnu_arm/4.8_2013q4/bin/../lib/gcc/arm-none-eabi/4.8.3/../../../../arm-none-eabi/lib/armv6-m\libc_s.a(lib_a-findfp.o)
                0x00004ea4                __sf_fake_stdin
 .rodata.__sf_fake_stdout
                0x00004ec4       0x20 c:/siliconlabs/simplicitystudio/v3/developer/toolchains/gnu_arm/4.8_2013q4/bin/../lib/gcc/arm-none-eabi/4.8.3/../../../../arm-none-eabi/lib/armv6-m\libc_s.a(lib_a-findfp.o)
                0x00004ec4                __sf_fake_stdout
 .rodata.__sf_fake_stderr
                0x00004ee4       0x20 c:/siliconlabs/simplicitystudio/v3/developer/toolchains/gnu_arm/4.8_2013q4/bin/../lib/gcc/arm-none-eabi/4.8.3/../../../../arm-none-eabi/lib/armv6-m\libc_s.a(lib_a-findfp.o)
                0x00004ee4                __sf_fake_stderr
 .rodata.str1.1
                0x00004f04        0x2 c:/siliconlabs/simplicitystudio/v3/developer/toolchains/gnu_arm/4.8_2013q4/bin/../lib/gcc/arm-none-eabi/4.8.3/../../../../arm-none-eabi/lib/armv6-m\libc_s.a(lib_a-impure.o)
 *fill*         0x00004f06        0x2 
 .rodata._global_impure_ptr
                0x00004f08        0x4 c:/siliconlabs/simplicitystudio/v3/developer/toolchains/gnu_arm/4.8_2013q4/bin/../lib/gcc/arm-none-eabi/4.8.3/../../../../arm-none-eabi/lib/armv6-m\libc_s.a(lib_a-impure.o)
                0x00004f08                _global_impure_ptr
 .rodata.str1.1
                0x00004f0c       0x11 c:/siliconlabs/simplicitystudio/v3/developer/toolchains/gnu_arm/4.8_2013q4/bin/../lib/gcc/arm-none-eabi/4.8.3/../../../../arm-none-eabi/lib/armv6-m\libc_s.a(lib_a-vfprintf.o)
 .rodata.str1.1
                0x00004f1d       0x22 c:/siliconlabs/simplicitystudio/v3/developer/toolchains/gnu_arm/4.8_2013q4/bin/../lib/gcc/arm-none-eabi/4.8.3/../../../../arm-none-eabi/lib/armv6-m\libc_s.a(lib_a-vfprintf_i.o)
 *(.eh_frame*)
 *fill*         0x00004f3f        0x1 
 .eh_frame      0x00004f40        0x0 c:/siliconlabs/simplicitystudio/v3/developer/toolchains/gnu_arm/4.8_2013q4/bin/../lib/gcc/arm-none-eabi/4.8.3/armv6-m/crtbegin.o
 .eh_frame      0x00004f40        0x4 c:/siliconlabs/simplicitystudio/v3/developer/toolchains/gnu_arm/4.8_2013q4/bin/../lib/gcc/arm-none-eabi/4.8.3/armv6-m/crtend.o

.glue_7         0x00004f44        0x0
 .glue_7        0x00000000        0x0 linker stubs

.glue_7t        0x00004f44        0x0
 .glue_7t       0x00000000        0x0 linker stubs

.vfp11_veneer   0x00004f44        0x0
 .vfp11_veneer  0x00000000        0x0 linker stubs

.v4_bx          0x00004f44        0x0
 .v4_bx         0x00000000        0x0 linker stubs

.iplt           0x00004f44        0x0
 .iplt          0x00000000        0x0 c:/siliconlabs/simplicitystudio/v3/developer/toolchains/gnu_arm/4.8_2013q4/bin/../lib/gcc/arm-none-eabi/4.8.3/armv6-m/crtbegin.o

.ARM.extab
 *(.ARM.extab* .gnu.linkonce.armextab.*)
                0x00004f44                __exidx_start = .

.ARM.exidx      0x00004f44        0x8
 *(.ARM.exidx* .gnu.linkonce.armexidx.*)
 .ARM.exidx     0x00004f44        0x8 c:/siliconlabs/simplicitystudio/v3/developer/toolchains/gnu_arm/4.8_2013q4/bin/../lib/gcc/arm-none-eabi/4.8.3/../../../../arm-none-eabi/lib/armv6-m/crt0.o
 .ARM.exidx     0x00004f4c        0x0 c:/siliconlabs/simplicitystudio/v3/developer/toolchains/gnu_arm/4.8_2013q4/bin/../lib/gcc/arm-none-eabi/4.8.3/armv6-m\libgcc.a(_divdi3.o)
                                  0x8 (size before relaxing)
 .ARM.exidx     0x00004f4c        0x0 c:/siliconlabs/simplicitystudio/v3/developer/toolchains/gnu_arm/4.8_2013q4/bin/../lib/gcc/arm-none-eabi/4.8.3/armv6-m\libgcc.a(_udivdi3.o)
                                  0x8 (size before relaxing)
                0x00004f4c                __exidx_end = .
                0x00004f4c                __etext = .

.rel.dyn        0x00004f4c        0x0
 .rel.iplt      0x00000000        0x0 c:/siliconlabs/simplicitystudio/v3/developer/toolchains/gnu_arm/4.8_2013q4/bin/../lib/gcc/arm-none-eabi/4.8.3/armv6-m/crtbegin.o

.data           0x20000000       0xd8 load address 0x00004f4c
                0x20000000                __data_start__ = .
 *(vtable)
 *(.data*)
 .data.radioTxPkt
                0x20000000       0x40 ./src/main.o
 .data.ezradioSpiInitData
                0x20000040       0x1c ./Drivers/ezradio_hal.o
 .data.SystemLFXOClock
                0x2000005c        0x4 ./CMSIS/ezr32hg/system_ezr32hg.o
 .data.SystemHFXOClock
                0x20000060        0x4 ./CMSIS/ezr32hg/system_ezr32hg.o
 .data.__ctype_ptr__
                0x20000064        0x4 c:/siliconlabs/simplicitystudio/v3/developer/toolchains/gnu_arm/4.8_2013q4/bin/../lib/gcc/arm-none-eabi/4.8.3/../../../../arm-none-eabi/lib/armv6-m\libc_s.a(lib_a-ctype_.o)
                0x20000064                __ctype_ptr__
 .data.impure_data
                0x20000068       0x60 c:/siliconlabs/simplicitystudio/v3/developer/toolchains/gnu_arm/4.8_2013q4/bin/../lib/gcc/arm-none-eabi/4.8.3/../../../../arm-none-eabi/lib/armv6-m\libc_s.a(lib_a-impure.o)
 .data._impure_ptr
                0x200000c8        0x4 c:/siliconlabs/simplicitystudio/v3/developer/toolchains/gnu_arm/4.8_2013q4/bin/../lib/gcc/arm-none-eabi/4.8.3/../../../../arm-none-eabi/lib/armv6-m\libc_s.a(lib_a-impure.o)
                0x200000c8                _impure_ptr
                0x200000cc                . = ALIGN (0x4)
 *(.ram)
                0x200000cc                . = ALIGN (0x4)
                0x200000cc                PROVIDE (__preinit_array_start, .)
 *(.preinit_array)
                0x200000cc                PROVIDE (__preinit_array_end, .)
                0x200000cc                . = ALIGN (0x4)
                0x200000cc                PROVIDE (__init_array_start, .)
 *(SORT(.init_array.*))
 *(.init_array)
 .init_array    0x200000cc        0x4 c:/siliconlabs/simplicitystudio/v3/developer/toolchains/gnu_arm/4.8_2013q4/bin/../lib/gcc/arm-none-eabi/4.8.3/armv6-m/crtbegin.o
                0x200000d0                PROVIDE (__init_array_end, .)
                0x200000d0                . = ALIGN (0x4)
                0x200000d0                PROVIDE (__fini_array_start, .)
 *(SORT(.fini_array.*))
 *(.fini_array)
 .fini_array    0x200000d0        0x4 c:/siliconlabs/simplicitystudio/v3/developer/toolchains/gnu_arm/4.8_2013q4/bin/../lib/gcc/arm-none-eabi/4.8.3/armv6-m/crtbegin.o
                0x200000d4                PROVIDE (__fini_array_end, .)
 *(.jcr*)
 .jcr           0x200000d4        0x0 c:/siliconlabs/simplicitystudio/v3/developer/toolchains/gnu_arm/4.8_2013q4/bin/../lib/gcc/arm-none-eabi/4.8.3/armv6-m/crtbegin.o
 .jcr           0x200000d4        0x4 c:/siliconlabs/simplicitystudio/v3/developer/toolchains/gnu_arm/4.8_2013q4/bin/../lib/gcc/arm-none-eabi/4.8.3/armv6-m/crtend.o
                0x200000d8                . = ALIGN (0x4)
                0x200000d8                __data_end__ = .

.igot.plt       0x200000d8        0x0 load address 0x00005024
 .igot.plt      0x00000000        0x0 c:/siliconlabs/simplicitystudio/v3/developer/toolchains/gnu_arm/4.8_2013q4/bin/../lib/gcc/arm-none-eabi/4.8.3/armv6-m/crtbegin.o

.bss            0x20000100      0x408 load address 0x00005100
                0x20000100                . = ALIGN (0x4)
                0x20000100                __bss_start__ = .
 *(.bss*)
 .bss           0x20000100       0x1c c:/siliconlabs/simplicitystudio/v3/developer/toolchains/gnu_arm/4.8_2013q4/bin/../lib/gcc/arm-none-eabi/4.8.3/armv6-m/crtbegin.o
 .bss.relay_status
                0x2000011c        0x4 ./src/main.o
 .bss.portC9    0x20000120        0x4 ./src/main.o
 .bss.pending_pkt_flag
                0x20000124        0x4 ./src/main.o
 .bss.rtcTick   0x20000128        0x1 ./src/main.o
 .bss.appTxActive
                0x20000129        0x1 ./src/main.o
 *fill*         0x2000012a        0x2 
 .bss.rtcTickTimer
                0x2000012c        0x4 ./src/main.o
 .bss.sig       0x20000130        0x4 ./src/main.o
 .bss.portC10   0x20000134        0x4 ./src/main.o
 .bss.radioRxPkt
                0x20000138       0x40 ./src/main.o
 .bss.cmuStatus
                0x20000178        0x4 ./emlib/em_emu.o
 .bss.INT_LockCnt
                0x2000017c        0x4 ./emlib/em_int.o
                0x2000017c                INT_LockCnt
 .bss.chTable   0x20000180       0x50 ./Drivers/dmadrv.o
 .bss.initialized
                0x200001d0        0x1 ./Drivers/dmadrv.o
 *fill*         0x200001d1        0x3 
 .bss.dmaCallBack
                0x200001d4       0x30 ./Drivers/dmadrv.o
 .bss.ezradio_comm_CtsWentHigh
                0x20000204        0x1 ./Drivers/ezradio_comm.o
                0x20000204                ezradio_comm_CtsWentHigh
 *fill*         0x20000205        0x3 
 .bss.ezradioSpiHandle
                0x20000208       0x54 ./Drivers/ezradio_hal.o
 .bss.ezradioIrqReceived
                0x2000025c        0x1 ./Drivers/ezradio_plugin_manager.o
 *fill*         0x2000025d        0x3 
 .bss.gpioCallbacks
                0x20000260       0x40 ./Drivers/gpiointerrupt.o
 .bss.heap_end.8262
                0x200002a0        0x4 ./Drivers/retargetio.o
 .bss.textDisplayHandle
                0x200002a4        0x4 ./Drivers/retargettextdisplay.o
                0x200002a4                textDisplayHandle
 .bss.rtcRunning
                0x200002a8        0x1 ./Drivers/rtcdriver.o
 .bss.rtcdrvIsInitialized
                0x200002a9        0x1 ./Drivers/rtcdriver.o
 .bss.inTimerIRQ
                0x200002aa        0x1 ./Drivers/rtcdriver.o
 *fill*         0x200002ab        0x5 
 .bss.timer     0x200002b0       0xa0 ./Drivers/rtcdriver.o
 .bss.startTimerNestingLevel
                0x20000350        0x4 ./Drivers/rtcdriver.o
 .bss.lastStart
                0x20000354        0x4 ./Drivers/rtcdriver.o
 .bss.spidrvIsInitialized
                0x20000358        0x1 ./Drivers/spidrv.o
 *fill*         0x20000359        0x3 
 .bss.minTicks  0x2000035c        0x4 ./Drivers/ustimer.o
 .bss.freq      0x20000360        0x4 ./Drivers/ustimer.o
 .bss.timeElapsed
                0x20000364        0x1 ./Drivers/ustimer.o
 *fill*         0x20000365        0x3 
 .bss.__malloc_sbrk_start
                0x20000368        0x4 c:/siliconlabs/simplicitystudio/v3/developer/toolchains/gnu_arm/4.8_2013q4/bin/../lib/gcc/arm-none-eabi/4.8.3/../../../../arm-none-eabi/lib/armv6-m\libc_s.a(lib_a-nano-mallocr.o)
                0x20000368                __malloc_sbrk_start
 .bss.__malloc_free_list
                0x2000036c        0x4 c:/siliconlabs/simplicitystudio/v3/developer/toolchains/gnu_arm/4.8_2013q4/bin/../lib/gcc/arm-none-eabi/4.8.3/../../../../arm-none-eabi/lib/armv6-m\libc_s.a(lib_a-nano-mallocr.o)
                0x2000036c                __malloc_free_list
 *(COMMON)
 *fill*         0x20000370       0x90 
 COMMON         0x20000400      0x100 ./Drivers/dmactrl.o
                0x20000400                dmaControlBlock
 COMMON         0x20000500        0x4 ./CMSIS/ezr32hg/system_ezr32hg.o
                0x20000500                SystemCoreClock
 COMMON         0x20000504        0x4 c:/siliconlabs/simplicitystudio/v3/developer/toolchains/gnu_arm/4.8_2013q4/bin/../lib/gcc/arm-none-eabi/4.8.3/../../../../arm-none-eabi/lib/armv6-m\libc_s.a(lib_a-reent.o)
                0x20000504                errno
                0x20000508                . = ALIGN (0x4)
                0x20000508                __bss_end__ = .

.heap           0x20000508      0x400
                0x20000508                __HeapBase = .
                0x20000508                __end__ = .
                0x20000508                end = __end__
                0x20000508                _end = __end__
 *(.heap*)
 .heap          0x20000508      0x400 ./CMSIS/ezr32hg/startup_ezr32hg.o
                0x20000908                __HeapLimit = .

.stack_dummy    0x20000508      0x400
 *(.stack*)
 .stack         0x20000508      0x400 ./CMSIS/ezr32hg/startup_ezr32hg.o
                0x20002000                __StackTop = (ORIGIN (RAM) + 0x2000)
                0x20001c00                __StackLimit = (__StackTop - SIZEOF (.stack_dummy))
                0x20002000                PROVIDE (__stack, __StackTop)
                0x00000001                ASSERT ((__StackLimit >= __HeapLimit), region RAM overflowed with stack)
                0x00000001                ASSERT ((0x10000 >= (__etext + SIZEOF (.data))), FLASH memory overflowed !)
OUTPUT(top.axf elf32-littlearm)

.ARM.attributes
                0x00000000       0x28
 .ARM.attributes
                0x00000000       0x1e c:/siliconlabs/simplicitystudio/v3/developer/toolchains/gnu_arm/4.8_2013q4/bin/../lib/gcc/arm-none-eabi/4.8.3/armv6-m/crti.o
 .ARM.attributes
                0x0000001e       0x2c c:/siliconlabs/simplicitystudio/v3/developer/toolchains/gnu_arm/4.8_2013q4/bin/../lib/gcc/arm-none-eabi/4.8.3/armv6-m/crtbegin.o
 .ARM.attributes
                0x0000004a       0x1b c:/siliconlabs/simplicitystudio/v3/developer/toolchains/gnu_arm/4.8_2013q4/bin/../lib/gcc/arm-none-eabi/4.8.3/../../../../arm-none-eabi/lib/armv6-m/crt0.o
 .ARM.attributes
                0x00000065       0x32 ./src/main.o
 .ARM.attributes
                0x00000097       0x32 ./emlib/em_cmu.o
 .ARM.attributes
                0x000000c9       0x32 ./emlib/em_dma.o
 .ARM.attributes
                0x000000fb       0x32 ./emlib/em_emu.o
 .ARM.attributes
                0x0000012d       0x32 ./emlib/em_gpio.o
 .ARM.attributes
                0x0000015f       0x32 ./emlib/em_int.o
 .ARM.attributes
                0x00000191       0x32 ./emlib/em_rtc.o
 .ARM.attributes
                0x000001c3       0x32 ./emlib/em_timer.o
 .ARM.attributes
                0x000001f5       0x32 ./emlib/em_usart.o
 .ARM.attributes
                0x00000227       0x32 ./Drivers/dmactrl.o
 .ARM.attributes
                0x00000259       0x32 ./Drivers/dmadrv.o
 .ARM.attributes
                0x0000028b       0x32 ./Drivers/ezradio_api_lib.o
 .ARM.attributes
                0x000002bd       0x32 ./Drivers/ezradio_comm.o
 .ARM.attributes
                0x000002ef       0x32 ./Drivers/ezradio_crcerror_plugin.o
 .ARM.attributes
                0x00000321       0x32 ./Drivers/ezradio_hal.o
 .ARM.attributes
                0x00000353       0x32 ./Drivers/ezradio_plugin_manager.o
 .ARM.attributes
                0x00000385       0x32 ./Drivers/ezradio_receive_plugin.o
 .ARM.attributes
                0x000003b7       0x32 ./Drivers/ezradio_transmit_plugin.o
 .ARM.attributes
                0x000003e9       0x32 ./Drivers/gpiointerrupt.o
 .ARM.attributes
                0x0000041b       0x32 ./Drivers/retargetio.o
 .ARM.attributes
                0x0000044d       0x32 ./Drivers/retargettextdisplay.o
 .ARM.attributes
                0x0000047f       0x32 ./Drivers/rtcdriver.o
 .ARM.attributes
                0x000004b1       0x32 ./Drivers/spidrv.o
 .ARM.attributes
                0x000004e3       0x32 ./Drivers/textdisplay.o
 .ARM.attributes
                0x00000515       0x32 ./Drivers/ustimer.o
 .ARM.attributes
                0x00000547       0x32 ./Drivers/si4x55/ezradio_api_lib_add.o
 .ARM.attributes
                0x00000579       0x1b ./CMSIS/ezr32hg/startup_ezr32hg.o
 .ARM.attributes
                0x00000594       0x32 ./CMSIS/ezr32hg/system_ezr32hg.o
 .ARM.attributes
                0x000005c6       0x1e c:/siliconlabs/simplicitystudio/v3/developer/toolchains/gnu_arm/4.8_2013q4/bin/../lib/gcc/arm-none-eabi/4.8.3/armv6-m\libgcc.a(_thumb1_case_uqi.o)
 .ARM.attributes
                0x000005e4       0x1e c:/siliconlabs/simplicitystudio/v3/developer/toolchains/gnu_arm/4.8_2013q4/bin/../lib/gcc/arm-none-eabi/4.8.3/armv6-m\libgcc.a(_udivsi3.o)
 .ARM.attributes
                0x00000602       0x1e c:/siliconlabs/simplicitystudio/v3/developer/toolchains/gnu_arm/4.8_2013q4/bin/../lib/gcc/arm-none-eabi/4.8.3/armv6-m\libgcc.a(_dvmd_tls.o)
 .ARM.attributes
                0x00000620       0x1e c:/siliconlabs/simplicitystudio/v3/developer/toolchains/gnu_arm/4.8_2013q4/bin/../lib/gcc/arm-none-eabi/4.8.3/armv6-m\libgcc.a(_clzsi2.o)
 .ARM.attributes
                0x0000063e       0x1e c:/siliconlabs/simplicitystudio/v3/developer/toolchains/gnu_arm/4.8_2013q4/bin/../lib/gcc/arm-none-eabi/4.8.3/armv6-m\libgcc.a(_aeabi_uldivmod.o)
 .ARM.attributes
                0x0000065c       0x2c c:/siliconlabs/simplicitystudio/v3/developer/toolchains/gnu_arm/4.8_2013q4/bin/../lib/gcc/arm-none-eabi/4.8.3/armv6-m\libgcc.a(_muldi3.o)
 .ARM.attributes
                0x00000688       0x2c c:/siliconlabs/simplicitystudio/v3/developer/toolchains/gnu_arm/4.8_2013q4/bin/../lib/gcc/arm-none-eabi/4.8.3/armv6-m\libgcc.a(bpabi.o)
 .ARM.attributes
                0x000006b4       0x2c c:/siliconlabs/simplicitystudio/v3/developer/toolchains/gnu_arm/4.8_2013q4/bin/../lib/gcc/arm-none-eabi/4.8.3/armv6-m\libgcc.a(_divdi3.o)
 .ARM.attributes
                0x000006e0       0x2c c:/siliconlabs/simplicitystudio/v3/developer/toolchains/gnu_arm/4.8_2013q4/bin/../lib/gcc/arm-none-eabi/4.8.3/armv6-m\libgcc.a(_udivdi3.o)
 .ARM.attributes
                0x0000070c       0x2c c:/siliconlabs/simplicitystudio/v3/developer/toolchains/gnu_arm/4.8_2013q4/bin/../lib/gcc/arm-none-eabi/4.8.3/../../../../arm-none-eabi/lib/armv6-m\libc_s.a(lib_a-ctype_.o)
 .ARM.attributes
                0x00000738       0x2c c:/siliconlabs/simplicitystudio/v3/developer/toolchains/gnu_arm/4.8_2013q4/bin/../lib/gcc/arm-none-eabi/4.8.3/../../../../arm-none-eabi/lib/armv6-m\libc_s.a(lib_a-exit.o)
 .ARM.attributes
                0x00000764       0x2c c:/siliconlabs/simplicitystudio/v3/developer/toolchains/gnu_arm/4.8_2013q4/bin/../lib/gcc/arm-none-eabi/4.8.3/../../../../arm-none-eabi/lib/armv6-m\libc_s.a(lib_a-fileno.o)
 .ARM.attributes
                0x00000790       0x2c c:/siliconlabs/simplicitystudio/v3/developer/toolchains/gnu_arm/4.8_2013q4/bin/../lib/gcc/arm-none-eabi/4.8.3/../../../../arm-none-eabi/lib/armv6-m\libc_s.a(lib_a-findfp.o)
 .ARM.attributes
                0x000007bc       0x2c c:/siliconlabs/simplicitystudio/v3/developer/toolchains/gnu_arm/4.8_2013q4/bin/../lib/gcc/arm-none-eabi/4.8.3/../../../../arm-none-eabi/lib/armv6-m\libc_s.a(lib_a-impure.o)
 .ARM.attributes
                0x000007e8       0x2c c:/siliconlabs/simplicitystudio/v3/developer/toolchains/gnu_arm/4.8_2013q4/bin/../lib/gcc/arm-none-eabi/4.8.3/../../../../arm-none-eabi/lib/armv6-m\libc_s.a(lib_a-init.o)
 .ARM.attributes
                0x00000814       0x2c c:/siliconlabs/simplicitystudio/v3/developer/toolchains/gnu_arm/4.8_2013q4/bin/../lib/gcc/arm-none-eabi/4.8.3/../../../../arm-none-eabi/lib/armv6-m\libc_s.a(lib_a-memcpy-stub.o)
 .ARM.attributes
                0x00000840       0x2c c:/siliconlabs/simplicitystudio/v3/developer/toolchains/gnu_arm/4.8_2013q4/bin/../lib/gcc/arm-none-eabi/4.8.3/../../../../arm-none-eabi/lib/armv6-m\libc_s.a(lib_a-memset.o)
 .ARM.attributes
                0x0000086c       0x2c c:/siliconlabs/simplicitystudio/v3/developer/toolchains/gnu_arm/4.8_2013q4/bin/../lib/gcc/arm-none-eabi/4.8.3/../../../../arm-none-eabi/lib/armv6-m\libc_s.a(lib_a-nano-mallocr.o)
 .ARM.attributes
                0x00000898       0x2c c:/siliconlabs/simplicitystudio/v3/developer/toolchains/gnu_arm/4.8_2013q4/bin/../lib/gcc/arm-none-eabi/4.8.3/../../../../arm-none-eabi/lib/armv6-m\libc_s.a(lib_a-printf.o)
 .ARM.attributes
                0x000008c4       0x2c c:/siliconlabs/simplicitystudio/v3/developer/toolchains/gnu_arm/4.8_2013q4/bin/../lib/gcc/arm-none-eabi/4.8.3/../../../../arm-none-eabi/lib/armv6-m\libc_s.a(lib_a-sbrkr.o)
 .ARM.attributes
                0x000008f0       0x2c c:/siliconlabs/simplicitystudio/v3/developer/toolchains/gnu_arm/4.8_2013q4/bin/../lib/gcc/arm-none-eabi/4.8.3/../../../../arm-none-eabi/lib/armv6-m\libc_s.a(lib_a-stdio.o)
 .ARM.attributes
                0x0000091c       0x2c c:/siliconlabs/simplicitystudio/v3/developer/toolchains/gnu_arm/4.8_2013q4/bin/../lib/gcc/arm-none-eabi/4.8.3/../../../../arm-none-eabi/lib/armv6-m\libc_s.a(lib_a-strlen.o)
 .ARM.attributes
                0x00000948       0x2c c:/siliconlabs/simplicitystudio/v3/developer/toolchains/gnu_arm/4.8_2013q4/bin/../lib/gcc/arm-none-eabi/4.8.3/../../../../arm-none-eabi/lib/armv6-m\libc_s.a(lib_a-vfprintf.o)
 .ARM.attributes
                0x00000974       0x2c c:/siliconlabs/simplicitystudio/v3/developer/toolchains/gnu_arm/4.8_2013q4/bin/../lib/gcc/arm-none-eabi/4.8.3/../../../../arm-none-eabi/lib/armv6-m\libc_s.a(lib_a-vfprintf_i.o)
 .ARM.attributes
                0x000009a0       0x2c c:/siliconlabs/simplicitystudio/v3/developer/toolchains/gnu_arm/4.8_2013q4/bin/../lib/gcc/arm-none-eabi/4.8.3/../../../../arm-none-eabi/lib/armv6-m\libc_s.a(lib_a-wbuf.o)
 .ARM.attributes
                0x000009cc       0x2c c:/siliconlabs/simplicitystudio/v3/developer/toolchains/gnu_arm/4.8_2013q4/bin/../lib/gcc/arm-none-eabi/4.8.3/../../../../arm-none-eabi/lib/armv6-m\libc_s.a(lib_a-writer.o)
 .ARM.attributes
                0x000009f8       0x2c c:/siliconlabs/simplicitystudio/v3/developer/toolchains/gnu_arm/4.8_2013q4/bin/../lib/gcc/arm-none-eabi/4.8.3/../../../../arm-none-eabi/lib/armv6-m\libc_s.a(lib_a-wsetup.o)
 .ARM.attributes
                0x00000a24       0x2c c:/siliconlabs/simplicitystudio/v3/developer/toolchains/gnu_arm/4.8_2013q4/bin/../lib/gcc/arm-none-eabi/4.8.3/../../../../arm-none-eabi/lib/armv6-m\libc_s.a(lib_a-closer.o)
 .ARM.attributes
                0x00000a50       0x2c c:/siliconlabs/simplicitystudio/v3/developer/toolchains/gnu_arm/4.8_2013q4/bin/../lib/gcc/arm-none-eabi/4.8.3/../../../../arm-none-eabi/lib/armv6-m\libc_s.a(lib_a-fflush.o)
 .ARM.attributes
                0x00000a7c       0x2c c:/siliconlabs/simplicitystudio/v3/developer/toolchains/gnu_arm/4.8_2013q4/bin/../lib/gcc/arm-none-eabi/4.8.3/../../../../arm-none-eabi/lib/armv6-m\libc_s.a(lib_a-lseekr.o)
 .ARM.attributes
                0x00000aa8       0x2c c:/siliconlabs/simplicitystudio/v3/developer/toolchains/gnu_arm/4.8_2013q4/bin/../lib/gcc/arm-none-eabi/4.8.3/../../../../arm-none-eabi/lib/armv6-m\libc_s.a(lib_a-makebuf.o)
 .ARM.attributes
                0x00000ad4       0x2c c:/siliconlabs/simplicitystudio/v3/developer/toolchains/gnu_arm/4.8_2013q4/bin/../lib/gcc/arm-none-eabi/4.8.3/../../../../arm-none-eabi/lib/armv6-m\libc_s.a(lib_a-memchr-stub.o)
 .ARM.attributes
                0x00000b00       0x2c c:/siliconlabs/simplicitystudio/v3/developer/toolchains/gnu_arm/4.8_2013q4/bin/../lib/gcc/arm-none-eabi/4.8.3/../../../../arm-none-eabi/lib/armv6-m\libc_s.a(lib_a-nano-freer.o)
 .ARM.attributes
                0x00000b2c       0x2c c:/siliconlabs/simplicitystudio/v3/developer/toolchains/gnu_arm/4.8_2013q4/bin/../lib/gcc/arm-none-eabi/4.8.3/../../../../arm-none-eabi/lib/armv6-m\libc_s.a(lib_a-readr.o)
 .ARM.attributes
                0x00000b58       0x2c c:/siliconlabs/simplicitystudio/v3/developer/toolchains/gnu_arm/4.8_2013q4/bin/../lib/gcc/arm-none-eabi/4.8.3/../../../../arm-none-eabi/lib/armv6-m\libc_s.a(lib_a-reent.o)
 .ARM.attributes
                0x00000b84       0x2c c:/siliconlabs/simplicitystudio/v3/developer/toolchains/gnu_arm/4.8_2013q4/bin/../lib/gcc/arm-none-eabi/4.8.3/../../../../arm-none-eabi/lib/armv6-m\libc_s.a(lib_a-fstatr.o)
 .ARM.attributes
                0x00000bb0       0x2c c:/siliconlabs/simplicitystudio/v3/developer/toolchains/gnu_arm/4.8_2013q4/bin/../lib/gcc/arm-none-eabi/4.8.3/../../../../arm-none-eabi/lib/armv6-m\libc_s.a(lib_a-isattyr.o)
 .ARM.attributes
                0x00000bdc       0x2c c:/siliconlabs/simplicitystudio/v3/developer/toolchains/gnu_arm/4.8_2013q4/bin/../lib/gcc/arm-none-eabi/4.8.3/armv6-m/crtend.o
 .ARM.attributes
                0x00000c08       0x1e c:/siliconlabs/simplicitystudio/v3/developer/toolchains/gnu_arm/4.8_2013q4/bin/../lib/gcc/arm-none-eabi/4.8.3/armv6-m/crtn.o

.comment        0x00000000       0x70
 .comment       0x00000000       0x70 ./src/main.o
                                 0x71 (size before relaxing)
 .comment       0x00000000       0x71 ./emlib/em_cmu.o
 .comment       0x00000000       0x71 ./emlib/em_dma.o
 .comment       0x00000000       0x71 ./emlib/em_emu.o
 .comment       0x00000000       0x71 ./emlib/em_gpio.o
 .comment       0x00000000       0x71 ./emlib/em_int.o
 .comment       0x00000000       0x71 ./emlib/em_rtc.o
 .comment       0x00000000       0x71 ./emlib/em_timer.o
 .comment       0x00000000       0x71 ./emlib/em_usart.o
 .comment       0x00000000       0x71 ./Drivers/dmactrl.o
 .comment       0x00000000       0x71 ./Drivers/dmadrv.o
 .comment       0x00000000       0x71 ./Drivers/ezradio_api_lib.o
 .comment       0x00000000       0x71 ./Drivers/ezradio_comm.o
 .comment       0x00000000       0x71 ./Drivers/ezradio_crcerror_plugin.o
 .comment       0x00000000       0x71 ./Drivers/ezradio_hal.o
 .comment       0x00000000       0x71 ./Drivers/ezradio_plugin_manager.o
 .comment       0x00000000       0x71 ./Drivers/ezradio_receive_plugin.o
 .comment       0x00000000       0x71 ./Drivers/ezradio_transmit_plugin.o
 .comment       0x00000000       0x71 ./Drivers/gpiointerrupt.o
 .comment       0x00000000       0x71 ./Drivers/retargetio.o
 .comment       0x00000000       0x71 ./Drivers/retargettextdisplay.o
 .comment       0x00000000       0x71 ./Drivers/rtcdriver.o
 .comment       0x00000000       0x71 ./Drivers/spidrv.o
 .comment       0x00000000       0x71 ./Drivers/textdisplay.o
 .comment       0x00000000       0x71 ./Drivers/ustimer.o
 .comment       0x00000000       0x71 ./Drivers/si4x55/ezradio_api_lib_add.o
 .comment       0x00000000       0x71 ./CMSIS/ezr32hg/system_ezr32hg.o

.debug_info     0x00000000    0x15994
 .debug_info    0x00000000     0x1075 ./src/main.o
 .debug_info    0x00001075     0x1967 ./emlib/em_cmu.o
 .debug_info    0x000029dc     0x1264 ./emlib/em_dma.o
 .debug_info    0x00003c40      0x6b0 ./emlib/em_emu.o
 .debug_info    0x000042f0      0x7aa ./emlib/em_gpio.o
 .debug_info    0x00004a9a       0xa0 ./emlib/em_int.o
 .debug_info    0x00004b3a      0x362 ./emlib/em_rtc.o
 .debug_info    0x00004e9c      0x8eb ./emlib/em_timer.o
 .debug_info    0x00005787      0xf25 ./emlib/em_usart.o
 .debug_info    0x000066ac      0x10d ./Drivers/dmactrl.o
 .debug_info    0x000067b9     0x19e5 ./Drivers/dmadrv.o
 .debug_info    0x0000819e     0x1672 ./Drivers/ezradio_api_lib.o
 .debug_info    0x00009810      0x473 ./Drivers/ezradio_comm.o
 .debug_info    0x00009c83      0x94c ./Drivers/ezradio_crcerror_plugin.o
 .debug_info    0x0000a5cf     0x1008 ./Drivers/ezradio_hal.o
 .debug_info    0x0000b5d7      0xc95 ./Drivers/ezradio_plugin_manager.o
 .debug_info    0x0000c26c      0xa25 ./Drivers/ezradio_receive_plugin.o
 .debug_info    0x0000cc91      0xd55 ./Drivers/ezradio_transmit_plugin.o
 .debug_info    0x0000d9e6      0x7c6 ./Drivers/gpiointerrupt.o
 .debug_info    0x0000e1ac      0xea9 ./Drivers/retargetio.o
 .debug_info    0x0000f055      0xdc8 ./Drivers/retargettextdisplay.o
 .debug_info    0x0000fe1d     0x119d ./Drivers/rtcdriver.o
 .debug_info    0x00010fba     0x1cf9 ./Drivers/spidrv.o
 .debug_info    0x00012cb3      0xbb8 ./Drivers/textdisplay.o
 .debug_info    0x0001386b     0x1279 ./Drivers/ustimer.o
 .debug_info    0x00014ae4      0x932 ./Drivers/si4x55/ezradio_api_lib_add.o
 .debug_info    0x00015416       0xe5 ./CMSIS/ezr32hg/startup_ezr32hg.o
 .debug_info    0x000154fb      0x499 ./CMSIS/ezr32hg/system_ezr32hg.o

.debug_abbrev   0x00000000     0x4173
 .debug_abbrev  0x00000000      0x3ff ./src/main.o
 .debug_abbrev  0x000003ff      0x440 ./emlib/em_cmu.o
 .debug_abbrev  0x0000083f      0x340 ./emlib/em_dma.o
 .debug_abbrev  0x00000b7f      0x20a ./emlib/em_emu.o
 .debug_abbrev  0x00000d89      0x2c4 ./emlib/em_gpio.o
 .debug_abbrev  0x0000104d       0x42 ./emlib/em_int.o
 .debug_abbrev  0x0000108f      0x1e9 ./emlib/em_rtc.o
 .debug_abbrev  0x00001278      0x1c0 ./emlib/em_timer.o
 .debug_abbrev  0x00001438      0x2a1 ./emlib/em_usart.o
 .debug_abbrev  0x000016d9       0x85 ./Drivers/dmactrl.o
 .debug_abbrev  0x0000175e      0x3a1 ./Drivers/dmadrv.o
 .debug_abbrev  0x00001aff      0x1f3 ./Drivers/ezradio_api_lib.o
 .debug_abbrev  0x00001cf2      0x182 ./Drivers/ezradio_comm.o
 .debug_abbrev  0x00001e74      0x16c ./Drivers/ezradio_crcerror_plugin.o
 .debug_abbrev  0x00001fe0      0x2a8 ./Drivers/ezradio_hal.o
 .debug_abbrev  0x00002288      0x255 ./Drivers/ezradio_plugin_manager.o
 .debug_abbrev  0x000024dd      0x19e ./Drivers/ezradio_receive_plugin.o
 .debug_abbrev  0x0000267b      0x23a ./Drivers/ezradio_transmit_plugin.o
 .debug_abbrev  0x000028b5      0x2a1 ./Drivers/gpiointerrupt.o
 .debug_abbrev  0x00002b56      0x2ea ./Drivers/retargetio.o
 .debug_abbrev  0x00002e40      0x231 ./Drivers/retargettextdisplay.o
 .debug_abbrev  0x00003071      0x423 ./Drivers/rtcdriver.o
 .debug_abbrev  0x00003494      0x377 ./Drivers/spidrv.o
 .debug_abbrev  0x0000380b      0x275 ./Drivers/textdisplay.o
 .debug_abbrev  0x00003a80      0x39b ./Drivers/ustimer.o
 .debug_abbrev  0x00003e1b      0x1cc ./Drivers/si4x55/ezradio_api_lib_add.o
 .debug_abbrev  0x00003fe7       0x14 ./CMSIS/ezr32hg/startup_ezr32hg.o
 .debug_abbrev  0x00003ffb      0x178 ./CMSIS/ezr32hg/system_ezr32hg.o

.debug_loc      0x00000000     0xa2b3
 .debug_loc     0x00000000      0x452 ./src/main.o
 .debug_loc     0x00000452     0x186b ./emlib/em_cmu.o
 .debug_loc     0x00001cbd      0xb17 ./emlib/em_dma.o
 .debug_loc     0x000027d4      0x178 ./emlib/em_emu.o
 .debug_loc     0x0000294c      0x406 ./emlib/em_gpio.o
 .debug_loc     0x00002d52       0xfb ./emlib/em_rtc.o
 .debug_loc     0x00002e4d      0x14f ./emlib/em_timer.o
 .debug_loc     0x00002f9c      0x6c8 ./emlib/em_usart.o
 .debug_loc     0x00003664     0x1437 ./Drivers/dmadrv.o
 .debug_loc     0x00004a9b     0x1036 ./Drivers/ezradio_api_lib.o
 .debug_loc     0x00005ad1      0x383 ./Drivers/ezradio_comm.o
 .debug_loc     0x00005e54       0x9c ./Drivers/ezradio_crcerror_plugin.o
 .debug_loc     0x00005ef0      0x2bb ./Drivers/ezradio_hal.o
 .debug_loc     0x000061ab       0xef ./Drivers/ezradio_plugin_manager.o
 .debug_loc     0x0000629a      0x118 ./Drivers/ezradio_receive_plugin.o
 .debug_loc     0x000063b2      0x8be ./Drivers/ezradio_transmit_plugin.o
 .debug_loc     0x00006c70      0x157 ./Drivers/gpiointerrupt.o
 .debug_loc     0x00006dc7      0x350 ./Drivers/retargetio.o
 .debug_loc     0x00007117      0x11d ./Drivers/retargettextdisplay.o
 .debug_loc     0x00007234      0x970 ./Drivers/rtcdriver.o
 .debug_loc     0x00007ba4     0x1758 ./Drivers/spidrv.o
 .debug_loc     0x000092fc      0x8e7 ./Drivers/textdisplay.o
 .debug_loc     0x00009be3      0x2eb ./Drivers/ustimer.o
 .debug_loc     0x00009ece      0x2c9 ./Drivers/si4x55/ezradio_api_lib_add.o
 .debug_loc     0x0000a197      0x11c ./CMSIS/ezr32hg/system_ezr32hg.o

.debug_aranges  0x00000000      0xb88
 .debug_aranges
                0x00000000       0x70 ./src/main.o
 .debug_aranges
                0x00000070      0x118 ./emlib/em_cmu.o
 .debug_aranges
                0x00000188       0x90 ./emlib/em_dma.o
 .debug_aranges
                0x00000218       0x50 ./emlib/em_emu.o
 .debug_aranges
                0x00000268       0x48 ./emlib/em_gpio.o
 .debug_aranges
                0x000002b0       0x18 ./emlib/em_int.o
 .debug_aranges
                0x000002c8       0x50 ./emlib/em_rtc.o
 .debug_aranges
                0x00000318       0x38 ./emlib/em_timer.o
 .debug_aranges
                0x00000350       0xb8 ./emlib/em_usart.o
 .debug_aranges
                0x00000408       0x18 ./Drivers/dmactrl.o
 .debug_aranges
                0x00000420       0xb8 ./Drivers/dmadrv.o
 .debug_aranges
                0x000004d8      0x148 ./Drivers/ezradio_api_lib.o
 .debug_aranges
                0x00000620       0x50 ./Drivers/ezradio_comm.o
 .debug_aranges
                0x00000670       0x20 ./Drivers/ezradio_crcerror_plugin.o
 .debug_aranges
                0x00000690       0x78 ./Drivers/ezradio_hal.o
 .debug_aranges
                0x00000708       0x38 ./Drivers/ezradio_plugin_manager.o
 .debug_aranges
                0x00000740       0x28 ./Drivers/ezradio_receive_plugin.o
 .debug_aranges
                0x00000768       0x50 ./Drivers/ezradio_transmit_plugin.o
 .debug_aranges
                0x000007b8       0x40 ./Drivers/gpiointerrupt.o
 .debug_aranges
                0x000007f8       0x68 ./Drivers/retargetio.o
 .debug_aranges
                0x00000860       0x38 ./Drivers/retargettextdisplay.o
 .debug_aranges
                0x00000898       0x98 ./Drivers/rtcdriver.o
 .debug_aranges
                0x00000930       0xe8 ./Drivers/spidrv.o
 .debug_aranges
                0x00000a18       0x68 ./Drivers/textdisplay.o
 .debug_aranges
                0x00000a80       0x48 ./Drivers/ustimer.o
 .debug_aranges
                0x00000ac8       0x38 ./Drivers/si4x55/ezradio_api_lib_add.o
 .debug_aranges
                0x00000b00       0x20 ./CMSIS/ezr32hg/startup_ezr32hg.o
 .debug_aranges
                0x00000b20       0x68 ./CMSIS/ezr32hg/system_ezr32hg.o

.debug_ranges   0x00000000      0xec0
 .debug_ranges  0x00000000      0x108 ./src/main.o
 .debug_ranges  0x00000108      0x230 ./emlib/em_cmu.o
 .debug_ranges  0x00000338       0x80 ./emlib/em_dma.o
 .debug_ranges  0x000003b8       0x70 ./emlib/em_emu.o
 .debug_ranges  0x00000428       0xb8 ./emlib/em_gpio.o
 .debug_ranges  0x000004e0       0x58 ./emlib/em_rtc.o
 .debug_ranges  0x00000538       0x28 ./emlib/em_timer.o
 .debug_ranges  0x00000560       0xc8 ./emlib/em_usart.o
 .debug_ranges  0x00000628       0xc0 ./Drivers/dmadrv.o
 .debug_ranges  0x000006e8      0x138 ./Drivers/ezradio_api_lib.o
 .debug_ranges  0x00000820       0x40 ./Drivers/ezradio_comm.o
 .debug_ranges  0x00000860       0x10 ./Drivers/ezradio_crcerror_plugin.o
 .debug_ranges  0x00000870       0x80 ./Drivers/ezradio_hal.o
 .debug_ranges  0x000008f0       0x28 ./Drivers/ezradio_plugin_manager.o
 .debug_ranges  0x00000918       0x18 ./Drivers/ezradio_receive_plugin.o
 .debug_ranges  0x00000930       0x40 ./Drivers/ezradio_transmit_plugin.o
 .debug_ranges  0x00000970       0x60 ./Drivers/gpiointerrupt.o
 .debug_ranges  0x000009d0       0x58 ./Drivers/retargetio.o
 .debug_ranges  0x00000a28       0x28 ./Drivers/retargettextdisplay.o
 .debug_ranges  0x00000a50      0x1a0 ./Drivers/rtcdriver.o
 .debug_ranges  0x00000bf0       0xd8 ./Drivers/spidrv.o
 .debug_ranges  0x00000cc8       0x58 ./Drivers/textdisplay.o
 .debug_ranges  0x00000d20      0x120 ./Drivers/ustimer.o
 .debug_ranges  0x00000e40       0x28 ./Drivers/si4x55/ezradio_api_lib_add.o
 .debug_ranges  0x00000e68       0x58 ./CMSIS/ezr32hg/system_ezr32hg.o

.debug_line     0x00000000     0x71ab
 .debug_line    0x00000000      0x591 ./src/main.o
 .debug_line    0x00000591      0x8c9 ./emlib/em_cmu.o
 .debug_line    0x00000e5a      0x4ea ./emlib/em_dma.o
 .debug_line    0x00001344      0x3a4 ./emlib/em_emu.o
 .debug_line    0x000016e8      0x2f7 ./emlib/em_gpio.o
 .debug_line    0x000019df       0xdb ./emlib/em_int.o
 .debug_line    0x00001aba      0x269 ./emlib/em_rtc.o
 .debug_line    0x00001d23      0x2bc ./emlib/em_timer.o
 .debug_line    0x00001fdf      0x44c ./emlib/em_usart.o
 .debug_line    0x0000242b      0x160 ./Drivers/dmactrl.o
 .debug_line    0x0000258b      0x69b ./Drivers/dmadrv.o
 .debug_line    0x00002c26      0x72d ./Drivers/ezradio_api_lib.o
 .debug_line    0x00003353      0x21f ./Drivers/ezradio_comm.o
 .debug_line    0x00003572      0x311 ./Drivers/ezradio_crcerror_plugin.o
 .debug_line    0x00003883      0x4a0 ./Drivers/ezradio_hal.o
 .debug_line    0x00003d23      0x4ad ./Drivers/ezradio_plugin_manager.o
 .debug_line    0x000041d0      0x328 ./Drivers/ezradio_receive_plugin.o
 .debug_line    0x000044f8      0x414 ./Drivers/ezradio_transmit_plugin.o
 .debug_line    0x0000490c      0x3b6 ./Drivers/gpiointerrupt.o
 .debug_line    0x00004cc2      0x359 ./Drivers/retargetio.o
 .debug_line    0x0000501b      0x2cc ./Drivers/retargettextdisplay.o
 .debug_line    0x000052e7      0x78e ./Drivers/rtcdriver.o
 .debug_line    0x00005a75      0x86a ./Drivers/spidrv.o
 .debug_line    0x000062df      0x45b ./Drivers/textdisplay.o
 .debug_line    0x0000673a      0x4d1 ./Drivers/ustimer.o
 .debug_line    0x00006c0b      0x288 ./Drivers/si4x55/ezradio_api_lib_add.o
 .debug_line    0x00006e93       0xc0 ./CMSIS/ezr32hg/startup_ezr32hg.o
 .debug_line    0x00006f53      0x258 ./CMSIS/ezr32hg/system_ezr32hg.o

.debug_str      0x00000000     0x632c
 .debug_str     0x00000000      0xca7 ./src/main.o
                                0xd04 (size before relaxing)
 .debug_str     0x00000ca7      0x8f4 ./emlib/em_cmu.o
                                0xd9e (size before relaxing)
 .debug_str     0x0000159b      0x712 ./emlib/em_dma.o
                                0xb43 (size before relaxing)
 .debug_str     0x00001cad      0x180 ./emlib/em_emu.o
                                0x489 (size before relaxing)
 .debug_str     0x00001e2d      0x166 ./emlib/em_gpio.o
                                0x5d9 (size before relaxing)
 .debug_str     0x00001f93       0x5a ./emlib/em_int.o
                                0x1e3 (size before relaxing)
 .debug_str     0x00001fed       0xf4 ./emlib/em_rtc.o
                                0x2bf (size before relaxing)
 .debug_str     0x000020e1      0x72a ./emlib/em_timer.o
                                0x90f (size before relaxing)
 .debug_str     0x0000280b      0x8b7 ./emlib/em_usart.o
                                0xc60 (size before relaxing)
 .debug_str     0x000030c2       0x69 ./Drivers/dmactrl.o
                                0x221 (size before relaxing)
 .debug_str     0x0000312b      0x83f ./Drivers/dmadrv.o
                               0x119c (size before relaxing)
 .debug_str     0x0000396a      0xb39 ./Drivers/ezradio_api_lib.o
                                0xd7a (size before relaxing)
 .debug_str     0x000044a3      0x177 ./Drivers/ezradio_comm.o
                                0x3da (size before relaxing)
 .debug_str     0x0000461a       0xc4 ./Drivers/ezradio_crcerror_plugin.o
                                0xab5 (size before relaxing)
 .debug_str     0x000046de      0x49f ./Drivers/ezradio_hal.o
                               0x1140 (size before relaxing)
 .debug_str     0x00004b7d      0x1cb ./Drivers/ezradio_plugin_manager.o
                                0xd16 (size before relaxing)
 .debug_str     0x00004d48       0x81 ./Drivers/ezradio_receive_plugin.o
                                0xae3 (size before relaxing)
 .debug_str     0x00004dc9      0x12a ./Drivers/ezradio_transmit_plugin.o
                                0xbbc (size before relaxing)
 .debug_str     0x00004ef3       0xf8 ./Drivers/gpiointerrupt.o
                                0x589 (size before relaxing)
 .debug_str     0x00004feb      0x56c ./Drivers/retargetio.o
                                0x7a9 (size before relaxing)
 .debug_str     0x00005557      0x2f8 ./Drivers/retargettextdisplay.o
                                0x8c3 (size before relaxing)
 .debug_str     0x0000584f      0x274 ./Drivers/rtcdriver.o
                                0xa7f (size before relaxing)
 .debug_str     0x00005ac3      0x286 ./Drivers/spidrv.o
                               0x1474 (size before relaxing)
 .debug_str     0x00005d49      0x2a4 ./Drivers/textdisplay.o
                                0x6ec (size before relaxing)
 .debug_str     0x00005fed      0x156 ./Drivers/ustimer.o
                                0xc94 (size before relaxing)
 .debug_str     0x00006143      0x107 ./Drivers/si4x55/ezradio_api_lib_add.o
                                0x96d (size before relaxing)
 .debug_str     0x0000624a       0xe2 ./CMSIS/ezr32hg/system_ezr32hg.o
                                0x432 (size before relaxing)

.debug_frame    0x00000000     0x2548
 .debug_frame   0x00000000      0x108 ./src/main.o
 .debug_frame   0x00000108      0x2cc ./emlib/em_cmu.o
 .debug_frame   0x000003d4      0x1a4 ./emlib/em_dma.o
 .debug_frame   0x00000578       0xa0 ./emlib/em_emu.o
 .debug_frame   0x00000618       0x94 ./emlib/em_gpio.o
 .debug_frame   0x000006ac       0x88 ./emlib/em_rtc.o
 .debug_frame   0x00000734       0x84 ./emlib/em_timer.o
 .debug_frame   0x000007b8      0x1b8 ./emlib/em_usart.o
 .debug_frame   0x00000970      0x224 ./Drivers/dmadrv.o
 .debug_frame   0x00000b94      0x474 ./Drivers/ezradio_api_lib.o
 .debug_frame   0x00001008       0xd4 ./Drivers/ezradio_comm.o
 .debug_frame   0x000010dc       0x28 ./Drivers/ezradio_crcerror_plugin.o
 .debug_frame   0x00001104      0x110 ./Drivers/ezradio_hal.o
 .debug_frame   0x00001214       0x6c ./Drivers/ezradio_plugin_manager.o
 .debug_frame   0x00001280       0x48 ./Drivers/ezradio_receive_plugin.o
 .debug_frame   0x000012c8       0xdc ./Drivers/ezradio_transmit_plugin.o
 .debug_frame   0x000013a4       0x80 ./Drivers/gpiointerrupt.o
 .debug_frame   0x00001424       0xd8 ./Drivers/retargetio.o
 .debug_frame   0x000014fc       0x6c ./Drivers/retargettextdisplay.o
 .debug_frame   0x00001568      0x1bc ./Drivers/rtcdriver.o
 .debug_frame   0x00001724      0x2e0 ./Drivers/spidrv.o
 .debug_frame   0x00001a04      0x12c ./Drivers/textdisplay.o
 .debug_frame   0x00001b30       0xac ./Drivers/ustimer.o
 .debug_frame   0x00001bdc       0x84 ./Drivers/si4x55/ezradio_api_lib_add.o
 .debug_frame   0x00001c60       0xd0 ./CMSIS/ezr32hg/system_ezr32hg.o
 .debug_frame   0x00001d30       0x20 c:/siliconlabs/simplicitystudio/v3/developer/toolchains/gnu_arm/4.8_2013q4/bin/../lib/gcc/arm-none-eabi/4.8.3/armv6-m\libgcc.a(_udivsi3.o)
 .debug_frame   0x00001d50       0x30 c:/siliconlabs/simplicitystudio/v3/developer/toolchains/gnu_arm/4.8_2013q4/bin/../lib/gcc/arm-none-eabi/4.8.3/armv6-m\libgcc.a(_muldi3.o)
 .debug_frame   0x00001d80       0x50 c:/siliconlabs/simplicitystudio/v3/developer/toolchains/gnu_arm/4.8_2013q4/bin/../lib/gcc/arm-none-eabi/4.8.3/armv6-m\libgcc.a(bpabi.o)
 .debug_frame   0x00001dd0       0x3c c:/siliconlabs/simplicitystudio/v3/developer/toolchains/gnu_arm/4.8_2013q4/bin/../lib/gcc/arm-none-eabi/4.8.3/armv6-m\libgcc.a(_divdi3.o)
 .debug_frame   0x00001e0c       0x3c c:/siliconlabs/simplicitystudio/v3/developer/toolchains/gnu_arm/4.8_2013q4/bin/../lib/gcc/arm-none-eabi/4.8.3/armv6-m\libgcc.a(_udivdi3.o)
 .debug_frame   0x00001e48       0x28 c:/siliconlabs/simplicitystudio/v3/developer/toolchains/gnu_arm/4.8_2013q4/bin/../lib/gcc/arm-none-eabi/4.8.3/../../../../arm-none-eabi/lib/armv6-m\libc_s.a(lib_a-exit.o)
 .debug_frame   0x00001e70       0x2c c:/siliconlabs/simplicitystudio/v3/developer/toolchains/gnu_arm/4.8_2013q4/bin/../lib/gcc/arm-none-eabi/4.8.3/../../../../arm-none-eabi/lib/armv6-m\libc_s.a(lib_a-fileno.o)
 .debug_frame   0x00001e9c      0x148 c:/siliconlabs/simplicitystudio/v3/developer/toolchains/gnu_arm/4.8_2013q4/bin/../lib/gcc/arm-none-eabi/4.8.3/../../../../arm-none-eabi/lib/armv6-m\libc_s.a(lib_a-findfp.o)
 .debug_frame   0x00001fe4       0x2c c:/siliconlabs/simplicitystudio/v3/developer/toolchains/gnu_arm/4.8_2013q4/bin/../lib/gcc/arm-none-eabi/4.8.3/../../../../arm-none-eabi/lib/armv6-m\libc_s.a(lib_a-init.o)
 .debug_frame   0x00002010       0x28 c:/siliconlabs/simplicitystudio/v3/developer/toolchains/gnu_arm/4.8_2013q4/bin/../lib/gcc/arm-none-eabi/4.8.3/../../../../arm-none-eabi/lib/armv6-m\libc_s.a(lib_a-memcpy-stub.o)
 .debug_frame   0x00002038       0x20 c:/siliconlabs/simplicitystudio/v3/developer/toolchains/gnu_arm/4.8_2013q4/bin/../lib/gcc/arm-none-eabi/4.8.3/../../../../arm-none-eabi/lib/armv6-m\libc_s.a(lib_a-memset.o)
 .debug_frame   0x00002058       0x2c c:/siliconlabs/simplicitystudio/v3/developer/toolchains/gnu_arm/4.8_2013q4/bin/../lib/gcc/arm-none-eabi/4.8.3/../../../../arm-none-eabi/lib/armv6-m\libc_s.a(lib_a-nano-mallocr.o)
 .debug_frame   0x00002084       0x50 c:/siliconlabs/simplicitystudio/v3/developer/toolchains/gnu_arm/4.8_2013q4/bin/../lib/gcc/arm-none-eabi/4.8.3/../../../../arm-none-eabi/lib/armv6-m\libc_s.a(lib_a-printf.o)
 .debug_frame   0x000020d4       0x2c c:/siliconlabs/simplicitystudio/v3/developer/toolchains/gnu_arm/4.8_2013q4/bin/../lib/gcc/arm-none-eabi/4.8.3/../../../../arm-none-eabi/lib/armv6-m\libc_s.a(lib_a-sbrkr.o)
 .debug_frame   0x00002100       0x90 c:/siliconlabs/simplicitystudio/v3/developer/toolchains/gnu_arm/4.8_2013q4/bin/../lib/gcc/arm-none-eabi/4.8.3/../../../../arm-none-eabi/lib/armv6-m\libc_s.a(lib_a-stdio.o)
 .debug_frame   0x00002190       0x20 c:/siliconlabs/simplicitystudio/v3/developer/toolchains/gnu_arm/4.8_2013q4/bin/../lib/gcc/arm-none-eabi/4.8.3/../../../../arm-none-eabi/lib/armv6-m\libc_s.a(lib_a-strlen.o)
 .debug_frame   0x000021b0       0xa0 c:/siliconlabs/simplicitystudio/v3/developer/toolchains/gnu_arm/4.8_2013q4/bin/../lib/gcc/arm-none-eabi/4.8.3/../../../../arm-none-eabi/lib/armv6-m\libc_s.a(lib_a-vfprintf.o)
 .debug_frame   0x00002250       0x54 c:/siliconlabs/simplicitystudio/v3/developer/toolchains/gnu_arm/4.8_2013q4/bin/../lib/gcc/arm-none-eabi/4.8.3/../../../../arm-none-eabi/lib/armv6-m\libc_s.a(lib_a-vfprintf_i.o)
 .debug_frame   0x000022a4       0x44 c:/siliconlabs/simplicitystudio/v3/developer/toolchains/gnu_arm/4.8_2013q4/bin/../lib/gcc/arm-none-eabi/4.8.3/../../../../arm-none-eabi/lib/armv6-m\libc_s.a(lib_a-wbuf.o)
 .debug_frame   0x000022e8       0x2c c:/siliconlabs/simplicitystudio/v3/developer/toolchains/gnu_arm/4.8_2013q4/bin/../lib/gcc/arm-none-eabi/4.8.3/../../../../arm-none-eabi/lib/armv6-m\libc_s.a(lib_a-writer.o)
 .debug_frame   0x00002314       0x2c c:/siliconlabs/simplicitystudio/v3/developer/toolchains/gnu_arm/4.8_2013q4/bin/../lib/gcc/arm-none-eabi/4.8.3/../../../../arm-none-eabi/lib/armv6-m\libc_s.a(lib_a-wsetup.o)
 .debug_frame   0x00002340       0x2c c:/siliconlabs/simplicitystudio/v3/developer/toolchains/gnu_arm/4.8_2013q4/bin/../lib/gcc/arm-none-eabi/4.8.3/../../../../arm-none-eabi/lib/armv6-m\libc_s.a(lib_a-closer.o)
 .debug_frame   0x0000236c       0x68 c:/siliconlabs/simplicitystudio/v3/developer/toolchains/gnu_arm/4.8_2013q4/bin/../lib/gcc/arm-none-eabi/4.8.3/../../../../arm-none-eabi/lib/armv6-m\libc_s.a(lib_a-fflush.o)
 .debug_frame   0x000023d4       0x2c c:/siliconlabs/simplicitystudio/v3/developer/toolchains/gnu_arm/4.8_2013q4/bin/../lib/gcc/arm-none-eabi/4.8.3/../../../../arm-none-eabi/lib/armv6-m\libc_s.a(lib_a-lseekr.o)
 .debug_frame   0x00002400       0x30 c:/siliconlabs/simplicitystudio/v3/developer/toolchains/gnu_arm/4.8_2013q4/bin/../lib/gcc/arm-none-eabi/4.8.3/../../../../arm-none-eabi/lib/armv6-m\libc_s.a(lib_a-makebuf.o)
 .debug_frame   0x00002430       0x20 c:/siliconlabs/simplicitystudio/v3/developer/toolchains/gnu_arm/4.8_2013q4/bin/../lib/gcc/arm-none-eabi/4.8.3/../../../../arm-none-eabi/lib/armv6-m\libc_s.a(lib_a-memchr-stub.o)
 .debug_frame   0x00002450       0x2c c:/siliconlabs/simplicitystudio/v3/developer/toolchains/gnu_arm/4.8_2013q4/bin/../lib/gcc/arm-none-eabi/4.8.3/../../../../arm-none-eabi/lib/armv6-m\libc_s.a(lib_a-nano-freer.o)
 .debug_frame   0x0000247c       0x2c c:/siliconlabs/simplicitystudio/v3/developer/toolchains/gnu_arm/4.8_2013q4/bin/../lib/gcc/arm-none-eabi/4.8.3/../../../../arm-none-eabi/lib/armv6-m\libc_s.a(lib_a-readr.o)
 .debug_frame   0x000024a8       0x48 c:/siliconlabs/simplicitystudio/v3/developer/toolchains/gnu_arm/4.8_2013q4/bin/../lib/gcc/arm-none-eabi/4.8.3/../../../../arm-none-eabi/lib/armv6-m\libc_s.a(lib_a-reent.o)
 .debug_frame   0x000024f0       0x2c c:/siliconlabs/simplicitystudio/v3/developer/toolchains/gnu_arm/4.8_2013q4/bin/../lib/gcc/arm-none-eabi/4.8.3/../../../../arm-none-eabi/lib/armv6-m\libc_s.a(lib_a-fstatr.o)
 .debug_frame   0x0000251c       0x2c c:/siliconlabs/simplicitystudio/v3/developer/toolchains/gnu_arm/4.8_2013q4/bin/../lib/gcc/arm-none-eabi/4.8.3/../../../../arm-none-eabi/lib/armv6-m\libc_s.a(lib_a-isattyr.o)
