Archive member included because of file (symbol)

c:/siliconlabs/simplicitystudio/v3/developer/toolchains/gnu_arm/4.8_2013q4/bin/../lib/gcc/arm-none-eabi/4.8.3/armv6-m\libgcc.a(_thumb1_case_uqi.o)
                              ./emlib/em_cmu.o (__gnu_thumb1_case_uqi)
c:/siliconlabs/simplicitystudio/v3/developer/toolchains/gnu_arm/4.8_2013q4/bin/../lib/gcc/arm-none-eabi/4.8.3/armv6-m\libgcc.a(_udivsi3.o)
                              ./emlib/em_usart.o (__aeabi_uidiv)
c:/siliconlabs/simplicitystudio/v3/developer/toolchains/gnu_arm/4.8_2013q4/bin/../lib/gcc/arm-none-eabi/4.8.3/armv6-m\libgcc.a(_dvmd_tls.o)
                              c:/siliconlabs/simplicitystudio/v3/developer/toolchains/gnu_arm/4.8_2013q4/bin/../lib/gcc/arm-none-eabi/4.8.3/armv6-m\libgcc.a(_udivsi3.o) (__aeabi_idiv0)
c:/siliconlabs/simplicitystudio/v3/developer/toolchains/gnu_arm/4.8_2013q4/bin/../lib/gcc/arm-none-eabi/4.8.3/armv6-m\libgcc.a(_clzsi2.o)
                              ./emlib/em_cmu.o (__clzsi2)
c:/siliconlabs/simplicitystudio/v3/developer/toolchains/gnu_arm/4.8_2013q4/bin/../lib/gcc/arm-none-eabi/4.8.3/armv6-m\libgcc.a(_aeabi_uldivmod.o)
                              ./emlib/em_usart.o (__aeabi_uldivmod)
c:/siliconlabs/simplicitystudio/v3/developer/toolchains/gnu_arm/4.8_2013q4/bin/../lib/gcc/arm-none-eabi/4.8.3/armv6-m\libgcc.a(_muldi3.o)
                              ./emlib/em_usart.o (__aeabi_lmul)
c:/siliconlabs/simplicitystudio/v3/developer/toolchains/gnu_arm/4.8_2013q4/bin/../lib/gcc/arm-none-eabi/4.8.3/armv6-m\libgcc.a(bpabi.o)
                              c:/siliconlabs/simplicitystudio/v3/developer/toolchains/gnu_arm/4.8_2013q4/bin/../lib/gcc/arm-none-eabi/4.8.3/armv6-m\libgcc.a(_aeabi_uldivmod.o) (__gnu_uldivmod_helper)
c:/siliconlabs/simplicitystudio/v3/developer/toolchains/gnu_arm/4.8_2013q4/bin/../lib/gcc/arm-none-eabi/4.8.3/armv6-m\libgcc.a(_divdi3.o)
                              c:/siliconlabs/simplicitystudio/v3/developer/toolchains/gnu_arm/4.8_2013q4/bin/../lib/gcc/arm-none-eabi/4.8.3/armv6-m\libgcc.a(bpabi.o) (__divdi3)
c:/siliconlabs/simplicitystudio/v3/developer/toolchains/gnu_arm/4.8_2013q4/bin/../lib/gcc/arm-none-eabi/4.8.3/armv6-m\libgcc.a(_udivdi3.o)
                              c:/siliconlabs/simplicitystudio/v3/developer/toolchains/gnu_arm/4.8_2013q4/bin/../lib/gcc/arm-none-eabi/4.8.3/armv6-m\libgcc.a(bpabi.o) (__udivdi3)
c:/siliconlabs/simplicitystudio/v3/developer/toolchains/gnu_arm/4.8_2013q4/bin/../lib/gcc/arm-none-eabi/4.8.3/../../../../arm-none-eabi/lib/armv6-m\libc_s.a(lib_a-ctype_.o)
                              ./Drivers/textdisplay.o (__ctype_ptr__)
c:/siliconlabs/simplicitystudio/v3/developer/toolchains/gnu_arm/4.8_2013q4/bin/../lib/gcc/arm-none-eabi/4.8.3/../../../../arm-none-eabi/lib/armv6-m\libc_s.a(lib_a-exit.o)
                              c:/siliconlabs/simplicitystudio/v3/developer/toolchains/gnu_arm/4.8_2013q4/bin/../lib/gcc/arm-none-eabi/4.8.3/../../../../arm-none-eabi/lib/armv6-m/crt0.o (exit)
c:/siliconlabs/simplicitystudio/v3/developer/toolchains/gnu_arm/4.8_2013q4/bin/../lib/gcc/arm-none-eabi/4.8.3/../../../../arm-none-eabi/lib/armv6-m\libc_s.a(lib_a-fileno.o)
                              ./Drivers/retargetio.o (fileno)
c:/siliconlabs/simplicitystudio/v3/developer/toolchains/gnu_arm/4.8_2013q4/bin/../lib/gcc/arm-none-eabi/4.8.3/../../../../arm-none-eabi/lib/armv6-m\libc_s.a(lib_a-findfp.o)
                              c:/siliconlabs/simplicitystudio/v3/developer/toolchains/gnu_arm/4.8_2013q4/bin/../lib/gcc/arm-none-eabi/4.8.3/../../../../arm-none-eabi/lib/armv6-m\libc_s.a(lib_a-fileno.o) (__sinit)
c:/siliconlabs/simplicitystudio/v3/developer/toolchains/gnu_arm/4.8_2013q4/bin/../lib/gcc/arm-none-eabi/4.8.3/../../../../arm-none-eabi/lib/armv6-m\libc_s.a(lib_a-fwalk.o)
                              c:/siliconlabs/simplicitystudio/v3/developer/toolchains/gnu_arm/4.8_2013q4/bin/../lib/gcc/arm-none-eabi/4.8.3/../../../../arm-none-eabi/lib/armv6-m\libc_s.a(lib_a-findfp.o) (_fwalk)
c:/siliconlabs/simplicitystudio/v3/developer/toolchains/gnu_arm/4.8_2013q4/bin/../lib/gcc/arm-none-eabi/4.8.3/../../../../arm-none-eabi/lib/armv6-m\libc_s.a(lib_a-impure.o)
                              c:/siliconlabs/simplicitystudio/v3/developer/toolchains/gnu_arm/4.8_2013q4/bin/../lib/gcc/arm-none-eabi/4.8.3/../../../../arm-none-eabi/lib/armv6-m\libc_s.a(lib_a-exit.o) (_global_impure_ptr)
c:/siliconlabs/simplicitystudio/v3/developer/toolchains/gnu_arm/4.8_2013q4/bin/../lib/gcc/arm-none-eabi/4.8.3/../../../../arm-none-eabi/lib/armv6-m\libc_s.a(lib_a-init.o)
                              c:/siliconlabs/simplicitystudio/v3/developer/toolchains/gnu_arm/4.8_2013q4/bin/../lib/gcc/arm-none-eabi/4.8.3/../../../../arm-none-eabi/lib/armv6-m/crt0.o (__libc_init_array)
c:/siliconlabs/simplicitystudio/v3/developer/toolchains/gnu_arm/4.8_2013q4/bin/../lib/gcc/arm-none-eabi/4.8.3/../../../../arm-none-eabi/lib/armv6-m\libc_s.a(lib_a-memcpy-stub.o)
                              ./Drivers/display.o (memcpy)
[...]
Memory Configuration

Name             Origin             Length             Attributes
FLASH            0x00000000         0x00010000         xr
RAM              0x20000000         0x00002000         xrw
*default*        0x00000000         0xffffffff

Linker script and memory map

LOAD c:/siliconlabs/simplicitystudio/v3/developer/toolchains/gnu_arm/4.8_2013q4/bin/../lib/gcc/arm-none-eabi/4.8.3/armv6-m/crti.o
LOAD c:/siliconlabs/simplicitystudio/v3/developer/toolchains/gnu_arm/4.8_2013q4/bin/../lib/gcc/arm-none-eabi/4.8.3/armv6-m/crtbegin.o
LOAD c:/siliconlabs/simplicitystudio/v3/developer/toolchains/gnu_arm/4.8_2013q4/bin/../lib/gcc/arm-none-eabi/4.8.3/../../../../arm-none-eabi/lib/armv6-m/crt0.o
LOAD ./src/main.o
LOAD ./emlib/em_assert.o
LOAD ./emlib/em_cmu.o
LOAD ./emlib/em_dma.o
LOAD ./emlib/em_emu.o
LOAD ./emlib/em_gpio.o
LOAD ./emlib/em_int.o
LOAD ./emlib/em_pcnt.o
LOAD ./emlib/em_prs.o
LOAD ./emlib/em_rtc.o
LOAD ./emlib/em_system.o
LOAD ./emlib/em_timer.o
LOAD ./emlib/em_usart.o
LOAD ./Drivers/display.o
LOAD ./Drivers/displayls013b7dh03.o
LOAD ./Drivers/displaypalemlib.o
LOAD ./Drivers/dmactrl.o
LOAD ./Drivers/dmadrv.o
LOAD ./Drivers/ezradio_api_lib.o
LOAD ./Drivers/ezradio_auto_ack_plugin.o
LOAD ./Drivers/ezradio_comm.o
LOAD ./Drivers/ezradio_crcerror_plugin.o
LOAD ./Drivers/ezradio_direct_receive_plugin.o
LOAD ./Drivers/ezradio_direct_transmit_plugin.o
LOAD ./Drivers/ezradio_hal.o
LOAD ./Drivers/ezradio_plugin_manager.o
LOAD ./Drivers/ezradio_pn9_plugin.o
LOAD ./Drivers/ezradio_receive_plugin.o
LOAD ./Drivers/ezradio_transmit_plugin.o
LOAD ./Drivers/ezradio_unmod_carrier_plugin.o
LOAD ./Drivers/gpiointerrupt.o
LOAD ./Drivers/retargetio.o
LOAD ./Drivers/retargettextdisplay.o
LOAD ./Drivers/rtcdriver.o
LOAD ./Drivers/spidrv.o
LOAD ./Drivers/textdisplay.o
LOAD ./Drivers/udelay.o
LOAD ./Drivers/ustimer.o
LOAD ./Drivers/si4x55/ezradio_api_lib_add.o
LOAD ./CMSIS/ezr32hg/startup_ezr32hg.o
LOAD ./CMSIS/ezr32hg/system_ezr32hg.o
START GROUP
LOAD c:/siliconlabs/simplicitystudio/v3/developer/toolchains/gnu_arm/4.8_2013q4/bin/../lib/gcc/arm-none-eabi/4.8.3/armv6-m\libgcc.a
LOAD c:/siliconlabs/simplicitystudio/v3/developer/toolchains/gnu_arm/4.8_2013q4/bin/../lib/gcc/arm-none-eabi/4.8.3/../../../../arm-none-eabi/lib/armv6-m\libc_s.a
LOAD c:/siliconlabs/simplicitystudio/v3/developer/toolchains/gnu_arm/4.8_2013q4/bin/../lib/gcc/arm-none-eabi/4.8.3/../../../../arm-none-eabi/lib/armv6-m\libnosys.a
END GROUP
START GROUP
LOAD c:/siliconlabs/simplicitystudio/v3/developer/toolchains/gnu_arm/4.8_2013q4/bin/../lib/gcc/arm-none-eabi/4.8.3/armv6-m\libgcc.a
LOAD c:/siliconlabs/simplicitystudio/v3/developer/toolchains/gnu_arm/4.8_2013q4/bin/../lib/gcc/arm-none-eabi/4.8.3/../../../../arm-none-eabi/lib/armv6-m\libg_s.a
LOAD c:/siliconlabs/simplicitystudio/v3/developer/toolchains/gnu_arm/4.8_2013q4/bin/../lib/gcc/arm-none-eabi/4.8.3/../../../../arm-none-eabi/lib/armv6-m\libc_s.a
END GROUP
START GROUP
LOAD c:/siliconlabs/simplicitystudio/v3/developer/toolchains/gnu_arm/4.8_2013q4/bin/../lib/gcc/arm-none-eabi/4.8.3/armv6-m\libgcc.a
LOAD c:/siliconlabs/simplicitystudio/v3/developer/toolchains/gnu_arm/4.8_2013q4/bin/../lib/gcc/arm-none-eabi/4.8.3/../../../../arm-none-eabi/lib/armv6-m\libc_s.a
END GROUP
LOAD c:/siliconlabs/simplicitystudio/v3/developer/toolchains/gnu_arm/4.8_2013q4/bin/../lib/gcc/arm-none-eabi/4.8.3/armv6-m/crtend.o
LOAD c:/siliconlabs/simplicitystudio/v3/developer/toolchains/gnu_arm/4.8_2013q4/bin/../lib/gcc/arm-none-eabi/4.8.3/armv6-m/crtn.o
                0x20002000                __top_RAM = 0x20002000

.text           0x00000000     0x4dd4
 *(.vectors)
 .vectors       0x00000000       0x94 ./CMSIS/ezr32hg/startup_ezr32hg.o
                0x00000000                __Vectors
                0x00000094                __Vectors_End = .
                0x00000094                __Vectors_Size = (__Vectors_End - __Vectors)
                0x00000094                __end__ = .
 *(.text*)
 .text          0x00000094       0x60 c:/siliconlabs/simplicitystudio/v3/developer/toolchains/gnu_arm/4.8_2013q4/bin/../lib/gcc/arm-none-eabi/4.8.3/armv6-m/crtbegin.o
 .text          0x000000f4       0x78 c:/siliconlabs/simplicitystudio/v3/developer/toolchains/gnu_arm/4.8_2013q4/bin/../lib/gcc/arm-none-eabi/4.8.3/../../../../arm-none-eabi/lib/armv6-m/crt0.o
                0x000000f4                _start
                0x000000f4                _mainCRTStartup
 .text.RTC_App_IRQHandler
                0x0000016c        0xc ./src/main.o
                0x0000016c                RTC_App_IRQHandler
 .text.appPacketCrcErrorCallback
                0x00000178        0xc ./src/main.o
 .text.appPacketReceivedCallback
                0x00000184       0xd4 ./src/main.o
 .text.appPacketTransmittedCallback
                0x00000258       0x20 ./src/main.o
 .text.gpioSetup
                0x00000278       0x38 ./src/main.o
                0x00000278                gpioSetup
 .text.startup.main
                0x000002b0      0x108 ./src/main.o
                0x000002b0                main
 .text.flashWaitStateControl
                0x000003b8       0x40 ./emlib/em_cmu.o
 .text.flashWaitStateMax
                0x000003f8        0xc ./emlib/em_cmu.o
 .text.auxClkGet
                0x00000404       0x84 ./emlib/em_cmu.o
 .text.syncReg  0x00000488       0x14 ./emlib/em_cmu.o
 .text.CMU_ClockDivSet
                0x0000049c       0xd0 ./emlib/em_cmu.o
                0x0000049c                CMU_ClockDivSet
 .text.CMU_ClockEnable
                0x0000056c       0x84 ./emlib/em_cmu.o
                0x0000056c                CMU_ClockEnable
 .text.CMU_ClockSelectGet
                0x000005f0       0xe8 ./emlib/em_cmu.o
                0x000005f0                CMU_ClockSelectGet
 .text.lfClkGet
                0x000006d8       0x94 ./emlib/em_cmu.o
 .text.CMU_ClockFreqGet
                0x0000076c       0xf0 ./emlib/em_cmu.o
                0x0000076c                CMU_ClockFreqGet
 .text.CMU_OscillatorEnable
                0x0000085c       0x74 ./emlib/em_cmu.o
                0x0000085c                CMU_OscillatorEnable
 .text.CMU_ClockSelectSet
                0x000008d0      0x17c ./emlib/em_cmu.o
                0x000008d0                CMU_ClockSelectSet
 .text.DMA_Prepare
                0x00000a4c       0x90 ./emlib/em_dma.o
 .text.DMA_IRQHandler
                0x00000adc       0x78 ./emlib/em_dma.o
                0x00000adc                DMA_IRQHandler
 .text.DMA_ActivateBasic
                0x00000b54       0x2c ./emlib/em_dma.o
                0x00000b54                DMA_ActivateBasic
 .text.DMA_ActivatePingPong
                0x00000b80       0x48 ./emlib/em_dma.o
                0x00000b80                DMA_ActivatePingPong
 .text.DMA_CfgChannel
                0x00000bc8       0x64 ./emlib/em_dma.o
                0x00000bc8                DMA_CfgChannel
 .text.DMA_CfgDescr
                0x00000c2c       0x3c ./emlib/em_dma.o
                0x00000c2c                DMA_CfgDescr
 .text.DMA_RefreshPingPong
                0x00000c68       0x7c ./emlib/em_dma.o
                0x00000c68                DMA_RefreshPingPong
 .text.DMA_Reset
                0x00000ce4       0x68 ./emlib/em_dma.o
                0x00000ce4                DMA_Reset
 .text.DMA_Init
                0x00000d4c       0x44 ./emlib/em_dma.o
                0x00000d4c                DMA_Init
 .text.EMU_UpdateOscConfig
                0x00000d90       0x14 ./emlib/em_emu.o
                0x00000d90                EMU_UpdateOscConfig
 .text.GPIO_ExtIntConfig
                0x00000da4       0x98 ./emlib/em_gpio.o
                0x00000da4                GPIO_ExtIntConfig
 .text.GPIO_PinModeSet
                0x00000e3c       0x8c ./emlib/em_gpio.o
                0x00000e3c                GPIO_PinModeSet
 .text.RTC_CompareGet
                0x00000ec8       0x1c ./emlib/em_rtc.o
                0x00000ec8                RTC_CompareGet
 .text.RTC_CompareSet
                0x00000ee4       0x1c ./emlib/em_rtc.o
                0x00000ee4                RTC_CompareSet
 .text.RTC_Enable
                0x00000f00       0x14 ./emlib/em_rtc.o
                0x00000f00                RTC_Enable
 .text.RTC_Init
                0x00000f14       0x20 ./emlib/em_rtc.o
                0x00000f14                RTC_Init
 .text.RTC_CounterReset
                0x00000f34       0x10 ./emlib/em_rtc.o
                0x00000f34                RTC_CounterReset
 .text.TIMER_Init
                0x00000f44       0x7c ./emlib/em_timer.o
                0x00000f44                TIMER_Init
 .text.TIMER_InitCC
                0x00000fc0       0x58 ./emlib/em_timer.o
                0x00000fc0                TIMER_InitCC
 .text.USART_BaudrateSyncSet
                0x00001018       0x3c ./emlib/em_usart.o
                0x00001018                USART_BaudrateSyncSet
 .text.USART_Reset
                0x00001054       0x3c ./emlib/em_usart.o
                0x00001054                USART_Reset
 .text.USART_InitSync
                0x00001090       0x60 ./emlib/em_usart.o
                0x00001090                USART_InitSync
 .text.INT_Disable
                0x000010f0       0x18 ./Drivers/dmadrv.o
 .text.INT_Enable
                0x00001108       0x1c ./Drivers/dmadrv.o
 .text.DmaBasicCallback
                0x00001124       0x20 ./Drivers/dmadrv.o
 .text.DmaPingPongCallback
                0x00001144       0x48 ./Drivers/dmadrv.o
 .text.StartTransfer
                0x0000118c      0x1b0 ./Drivers/dmadrv.o
 .text.DMADRV_AllocateChannel
                0x0000133c       0x60 ./Drivers/dmadrv.o
                0x0000133c                DMADRV_AllocateChannel
 .text.DMADRV_Init
                0x0000139c       0x64 ./Drivers/dmadrv.o
                0x0000139c                DMADRV_Init
 .text.DMADRV_MemoryPeripheral
                0x00001400       0x36 ./Drivers/dmadrv.o
                0x00001400                DMADRV_MemoryPeripheral
 .text.DMADRV_PeripheralMemory
                0x00001436       0x36 ./Drivers/dmadrv.o
                0x00001436                DMADRV_PeripheralMemory
 .text.ezradio_reset
                0x0000146c       0x24 ./Drivers/ezradio_api_lib.o
                0x0000146c                ezradio_reset
 .text.ezradio_start_tx
                0x00001490       0x22 ./Drivers/ezradio_api_lib.o
                0x00001490                ezradio_start_tx
 .text.ezradio_start_rx
                0x000014b2       0x2a ./Drivers/ezradio_api_lib.o
                0x000014b2                ezradio_start_rx
 .text.ezradio_get_int_status
                0x000014dc       0x42 ./Drivers/ezradio_api_lib.o
                0x000014dc                ezradio_get_int_status
 .text.ezradio_change_state
                0x0000151e       0x12 ./Drivers/ezradio_api_lib.o
                0x0000151e                ezradio_change_state
 .text.ezradio_fifo_info
                0x00001530       0x26 ./Drivers/ezradio_api_lib.o
                0x00001530                ezradio_fifo_info
 .text.ezradio_write_tx_fifo
                0x00001556       0x10 ./Drivers/ezradio_api_lib.o
                0x00001556                ezradio_write_tx_fifo
 .text.ezradio_read_rx_fifo
                0x00001566       0x10 ./Drivers/ezradio_api_lib.o
                0x00001566                ezradio_read_rx_fifo
 .text.ezradio_request_device_state
                0x00001576       0x24 ./Drivers/ezradio_api_lib.o
                0x00001576                ezradio_request_device_state
 *fill*         0x0000159a        0x2 
 .text.ezradio_comm_GetResp
                0x0000159c       0x5c ./Drivers/ezradio_comm.o
                0x0000159c                ezradio_comm_GetResp
 .text.ezradio_comm_PollCTS
                0x000015f8        0xc ./Drivers/ezradio_comm.o
                0x000015f8                ezradio_comm_PollCTS
 .text.ezradio_comm_SendCmd
                0x00001604       0x30 ./Drivers/ezradio_comm.o
                0x00001604                ezradio_comm_SendCmd
 .text.ezradio_comm_ReadData
                0x00001634       0x3c ./Drivers/ezradio_comm.o
                0x00001634                ezradio_comm_ReadData
 .text.ezradio_comm_WriteData
                0x00001670       0x3c ./Drivers/ezradio_comm.o
                0x00001670                ezradio_comm_WriteData
 .text.ezradio_comm_ClearCTS
                0x000016ac        0xc ./Drivers/ezradio_comm.o
                0x000016ac                ezradio_comm_ClearCTS
 .text.ezradio_comm_SendCmdGetResp
                0x000016b8       0x14 ./Drivers/ezradio_comm.o
                0x000016b8                ezradio_comm_SendCmdGetResp
 .text.ezradioHandleCrcErrorPlugin
                0x000016cc       0x34 ./Drivers/ezradio_crcerror_plugin.o
                0x000016cc                ezradioHandleCrcErrorPlugin
 .text.ezradio_hal_GpioInit
                0x00001700       0x48 ./Drivers/ezradio_hal.o
                0x00001700                ezradio_hal_GpioInit
 .text.ezradio_hal_SpiInit
                0x00001748       0x20 ./Drivers/ezradio_hal.o
                0x00001748                ezradio_hal_SpiInit
 .text.ezradio_hal_AssertShutdown
                0x00001768        0xc ./Drivers/ezradio_hal.o
                0x00001768                ezradio_hal_AssertShutdown
 .text.ezradio_hal_DeassertShutdown
                0x00001774        0xc ./Drivers/ezradio_hal.o
                0x00001774                ezradio_hal_DeassertShutdown
 .text.ezradio_hal_ClearNsel
                0x00001780        0xc ./Drivers/ezradio_hal.o
                0x00001780                ezradio_hal_ClearNsel
 .text.ezradio_hal_SetNsel
                0x0000178c        0xc ./Drivers/ezradio_hal.o
                0x0000178c                ezradio_hal_SetNsel
 .text.ezradio_hal_NirqLevel
                0x00001798       0x10 ./Drivers/ezradio_hal.o
                0x00001798                ezradio_hal_NirqLevel
 .text.ezradio_hal_SpiWriteByte
                0x000017a8       0x18 ./Drivers/ezradio_hal.o
                0x000017a8                ezradio_hal_SpiWriteByte
 .text.ezradio_hal_SpiReadByte
                0x000017c0       0x14 ./Drivers/ezradio_hal.o
                0x000017c0                ezradio_hal_SpiReadByte
 .text.ezradio_hal_SpiWriteData
                0x000017d4       0x10 ./Drivers/ezradio_hal.o
                0x000017d4                ezradio_hal_SpiWriteData
 .text.ezradio_hal_SpiReadData
                0x000017e4       0x10 ./Drivers/ezradio_hal.o
                0x000017e4                ezradio_hal_SpiReadData
 .text.GPIO_EZRadio_INT_IRQHandler
                0x000017f4        0xc ./Drivers/ezradio_plugin_manager.o
 .text.ezradioInit
                0x00001800       0x5c ./Drivers/ezradio_plugin_manager.o
                0x00001800                ezradioInit
 .text.ezradioPluginManager
                0x0000185c       0x4c ./Drivers/ezradio_plugin_manager.o
                0x0000185c                ezradioPluginManager
 .text.ezradioResetTRxFifo
                0x000018a8       0x14 ./Drivers/ezradio_plugin_manager.o
                0x000018a8                ezradioResetTRxFifo
 .text.ezradioStartRx
                0x000018bc       0x1a ./Drivers/ezradio_receive_plugin.o
                0x000018bc                ezradioStartRx
 *fill*         0x000018d6        0x2 
 .text.ezradioHandleReceivePlugin
                0x000018d8       0x54 ./Drivers/ezradio_receive_plugin.o
                0x000018d8                ezradioHandleReceivePlugin
 .text.ezradioStartTx.isra.0
                0x0000192c       0x7c ./Drivers/ezradio_transmit_plugin.o
 .text.ezradioStartTransmitConfigured
                0x000019a8       0x7c ./Drivers/ezradio_transmit_plugin.o
                0x000019a8                ezradioStartTransmitConfigured
 .text.ezradioHandleTransmitPlugin
                0x00001a24       0x24 ./Drivers/ezradio_transmit_plugin.o
                0x00001a24                ezradioHandleTransmitPlugin
 .text.GPIOINT_IRQDispatcher
                0x00001a48       0x34 ./Drivers/gpiointerrupt.o
 .text.GPIOINT_Init
                0x00001a7c       0x18 ./Drivers/gpiointerrupt.o
                0x00001a7c                GPIOINT_Init
 .text.GPIOINT_CallbackRegister
                0x00001a94       0x30 ./Drivers/gpiointerrupt.o
                0x00001a94                GPIOINT_CallbackRegister
 .text.GPIO_EVEN_IRQHandler
                0x00001ac4       0x20 ./Drivers/gpiointerrupt.o
                0x00001ac4                GPIO_EVEN_IRQHandler
 .text.GPIO_ODD_IRQHandler
                0x00001ae4       0x20 ./Drivers/gpiointerrupt.o
                0x00001ae4                GPIO_ODD_IRQHandler
 .text._close   0x00001b04        0x4 ./Drivers/retargetio.o
                0x00001b04                _close
 .text._exit    0x00001b08        0x2 ./Drivers/retargetio.o
                0x00001b08                _exit
 .text._fstat   0x00001b0a        0xa ./Drivers/retargetio.o
                0x00001b0a                _fstat
 .text._isatty  0x00001b14        0x4 ./Drivers/retargetio.o
                0x00001b14                _isatty
 .text._lseek   0x00001b18        0x4 ./Drivers/retargetio.o
                0x00001b18                _lseek
 .text._read    0x00001b1c       0x28 ./Drivers/retargetio.o
                0x00001b1c                _read
 .text._write   0x00001b44       0x1c ./Drivers/retargetio.o
                0x00001b44                _write
 .text._sbrk    0x00001b60       0x54 ./Drivers/retargetio.o
                0x00001b60                _sbrk
 .text.RETARGET_ReadChar
                0x00001bb4        0x6 ./Drivers/retargettextdisplay.o
                0x00001bb4                RETARGET_ReadChar
 *fill*         0x00001bba        0x2 
 .text.RETARGET_WriteChar
                0x00001bbc       0x20 ./Drivers/retargettextdisplay.o
                0x00001bbc                RETARGET_WriteChar
 .text.INT_Disable
                0x00001bdc       0x18 ./Drivers/rtcdriver.o
 .text.INT_Enable
                0x00001bf4       0x1c ./Drivers/rtcdriver.o
 .text.checkAllTimers
                0x00001c10       0xa0 ./Drivers/rtcdriver.o
 .text.executeTimerCallbacks
                0x00001cb0       0x28 ./Drivers/rtcdriver.o
 .text.rescheduleRtc
                0x00001cd8       0x90 ./Drivers/rtcdriver.o
 .text.RTCDRV_AllocateTimer
                0x00001d68       0x44 ./Drivers/rtcdriver.o
                0x00001d68                RTCDRV_AllocateTimer
 .text.RTCDRV_Init
                0x00001dac       0x98 ./Drivers/rtcdriver.o
                0x00001dac                RTCDRV_Init
 *fill*         0x00001e44        0x4 
 .text.RTCDRV_StartTimer
                0x00001e48      0x1e8 ./Drivers/rtcdriver.o
                0x00001e48                RTCDRV_StartTimer
 .text.RTC_IRQHandler
                0x00002030       0x78 ./Drivers/rtcdriver.o
                0x00002030                RTC_IRQHandler
 .text.INT_Disable
                0x000020a8       0x18 ./Drivers/spidrv.o
 .text.INT_Enable
                0x000020c0       0x1c ./Drivers/spidrv.o
 .text.BlockingComplete
                0x000020dc        0xa ./Drivers/spidrv.o
 .text.RxDMAComplete
                0x000020e6       0x28 ./Drivers/spidrv.o
 *fill*         0x0000210e        0x2 
 .text.ConfigGPIO
                0x00002110      0x1fc ./Drivers/spidrv.o
 .text.StartReceiveDMA
                0x0000230c       0x70 ./Drivers/spidrv.o
 .text.StartTransmitDMA
                0x0000237c       0x74 ./Drivers/spidrv.o
 .text.TransferApiBlockingPrologue
                0x000023f0       0x4c ./Drivers/spidrv.o
 .text.WaitForTransferCompletion
                0x0000243c       0x2e ./Drivers/spidrv.o
 *fill*         0x0000246a        0x2 
 .text.SPIDRV_Init
                0x0000246c      0x170 ./Drivers/spidrv.o
                0x0000246c                SPIDRV_Init
 .text.SPIDRV_MReceiveB
                0x000025dc       0x38 ./Drivers/spidrv.o
                0x000025dc                SPIDRV_MReceiveB
 .text.SPIDRV_MTransmitB
                0x00002614       0x38 ./Drivers/spidrv.o
                0x00002614                SPIDRV_MTransmitB
 .text.TextdisplayClear
                0x0000264c       0x24 ./Drivers/textdisplay.o
 .text.TextdisplayLineDraw
                0x00002670       0xe4 ./Drivers/textdisplay.o
 .text.TextdisplayUpdate
                0x00002754       0x94 ./Drivers/textdisplay.o
 .text.TextdisplayScrollUp
                0x000027e8       0x44 ./Drivers/textdisplay.o
 .text.TextdisplayCharAdd
                0x0000282c       0xc4 ./Drivers/textdisplay.o
 .text.TEXTDISPLAY_WriteChar
                0x000028f0       0x94 ./Drivers/textdisplay.o
                0x000028f0                TEXTDISPLAY_WriteChar
 .text.DelayTicksEM1.part.1
                0x00002984       0x74 ./Drivers/ustimer.o
 .text.USTIMER_Init
                0x000029f8       0xf8 ./Drivers/ustimer.o
                0x000029f8                USTIMER_Init
 .text.USTIMER_DeInit
                0x00002af0       0x38 ./Drivers/ustimer.o
                0x00002af0                USTIMER_DeInit
 .text.USTIMER_Delay
                0x00002b28       0x70 ./Drivers/ustimer.o
                0x00002b28                USTIMER_Delay
 .text.TIMER0_IRQHandler
                0x00002b98       0x1c ./Drivers/ustimer.o
                0x00002b98                TIMER0_IRQHandler
 .text.ezradio_write_ezconfig_array
                0x00002bb4       0x10 ./Drivers/si4x55/ezradio_api_lib_add.o
                0x00002bb4                ezradio_write_ezconfig_array
 .text.ezradio_configuration_init
                0x00002bc4       0x8c ./Drivers/si4x55/ezradio_api_lib_add.o
                0x00002bc4                ezradio_configuration_init
 .text          0x00002c50       0x30 ./CMSIS/ezr32hg/startup_ezr32hg.o
                0x00002c50                Reset_Handler
                0x00002c7c                USART0_TX_IRQHandler
                0x00002c7c                I2C0_IRQHandler
                0x00002c7c                HardFault_Handler
                0x00002c7c                SysTick_Handler
                0x00002c7c                PendSV_Handler
                0x00002c7c                NMI_Handler
                0x00002c7c                MSC_IRQHandler
                0x00002c7c                ADC0_IRQHandler
                0x00002c7c                LEUART0_IRQHandler
                0x00002c7c                USARTRF1_TX_IRQHandler
                0x00002c7c                TIMER2_IRQHandler
                0x00002c7c                TIMER1_IRQHandler
                0x00002c7c                Default_Handler
                0x00002c7c                PCNT0_IRQHandler
                0x00002c7c                USB_IRQHandler
                0x00002c7c                USART0_RX_IRQHandler
                0x00002c7c                SVC_Handler
                0x00002c7c                USARTRF1_RX_IRQHandler
                0x00002c7c                CMU_IRQHandler
                0x00002c7c                AES_IRQHandler
                0x00002c7c                VCMP_IRQHandler
 .text.SystemMaxCoreClockGet
                0x00002c80        0x8 ./CMSIS/ezr32hg/system_ezr32hg.o
                0x00002c80                SystemMaxCoreClockGet
 .text.SystemHFClockGet
                0x00002c88       0xbc ./CMSIS/ezr32hg/system_ezr32hg.o
                0x00002c88                SystemHFClockGet
 .text.SystemCoreClockGet
                0x00002d44       0x20 ./CMSIS/ezr32hg/system_ezr32hg.o
                0x00002d44                SystemCoreClockGet
 .text.SystemInit
                0x00002d64        0x2 ./CMSIS/ezr32hg/system_ezr32hg.o
                0x00002d64                SystemInit
 .text.SystemLFRCOClockGet
                0x00002d66        0x6 ./CMSIS/ezr32hg/system_ezr32hg.o
                0x00002d66                SystemLFRCOClockGet
 .text.SystemULFRCOClockGet
                0x00002d6c        0x6 ./CMSIS/ezr32hg/system_ezr32hg.o
                0x00002d6c                SystemULFRCOClockGet
 *fill*         0x00002d72        0x2 
 .text.SystemLFXOClockGet
                0x00002d74        0xc ./CMSIS/ezr32hg/system_ezr32hg.o
                0x00002d74                SystemLFXOClockGet
 .text          0x00002d80       0x14 c:/siliconlabs/simplicitystudio/v3/developer/toolchains/gnu_arm/4.8_2013q4/bin/../lib/gcc/arm-none-eabi/4.8.3/armv6-m\libgcc.a(_thumb1_case_uqi.o)
                0x00002d80                __gnu_thumb1_case_uqi
 .text          0x00002d94       0x9c c:/siliconlabs/simplicitystudio/v3/developer/toolchains/gnu_arm/4.8_2013q4/bin/../lib/gcc/arm-none-eabi/4.8.3/armv6-m\libgcc.a(_udivsi3.o)
                0x00002d94                __aeabi_uidiv
                0x00002d94                __udivsi3
                0x00002e1c                __aeabi_uidivmod
 .text          0x00002e30        0x4 c:/siliconlabs/simplicitystudio/v3/developer/toolchains/gnu_arm/4.8_2013q4/bin/../lib/gcc/arm-none-eabi/4.8.3/armv6-m\libgcc.a(_dvmd_tls.o)
                0x00002e30                __aeabi_idiv0
                0x00002e30                __aeabi_ldiv0
 .text          0x00002e34       0x3c c:/siliconlabs/simplicitystudio/v3/developer/toolchains/gnu_arm/4.8_2013q4/bin/../lib/gcc/arm-none-eabi/4.8.3/armv6-m\libgcc.a(_clzsi2.o)
                0x00002e34                __clzsi2
 .text          0x00002e70       0x40 c:/siliconlabs/simplicitystudio/v3/developer/toolchains/gnu_arm/4.8_2013q4/bin/../lib/gcc/arm-none-eabi/4.8.3/armv6-m\libgcc.a(_aeabi_uldivmod.o)
                0x00002e70                __aeabi_uldivmod
 .text          0x00002eb0       0x44 c:/siliconlabs/simplicitystudio/v3/developer/toolchains/gnu_arm/4.8_2013q4/bin/../lib/gcc/arm-none-eabi/4.8.3/armv6-m\libgcc.a(_muldi3.o)
                0x00002eb0                __muldi3
                0x00002eb0                __aeabi_lmul
 .text          0x00002ef4       0x6c c:/siliconlabs/simplicitystudio/v3/developer/toolchains/gnu_arm/4.8_2013q4/bin/../lib/gcc/arm-none-eabi/4.8.3/armv6-m\libgcc.a(bpabi.o)
                0x00002ef4                __gnu_ldivmod_helper
                0x00002f2c                __gnu_uldivmod_helper
 .text          0x00002f60      0x3b0 c:/siliconlabs/simplicitystudio/v3/developer/toolchains/gnu_arm/4.8_2013q4/bin/../lib/gcc/arm-none-eabi/4.8.3/armv6-m\libgcc.a(_divdi3.o)
                0x00002f60                __divdi3
 .text          0x00003310      0x380 c:/siliconlabs/simplicitystudio/v3/developer/toolchains/gnu_arm/4.8_2013q4/bin/../lib/gcc/arm-none-eabi/4.8.3/armv6-m\libgcc.a(_udivdi3.o)
                0x00003310                __udivdi3
 .text.exit     0x00003690       0x2c c:/siliconlabs/simplicitystudio/v3/developer/toolchains/gnu_arm/4.8_2013q4/bin/../lib/gcc/arm-none-eabi/4.8.3/../../../../arm-none-eabi/lib/armv6-m\libc_s.a(lib_a-exit.o)
                0x00003690                exit
 .text.fileno   0x000036bc       0x60 c:/siliconlabs/simplicitystudio/v3/developer/toolchains/gnu_arm/4.8_2013q4/bin/../lib/gcc/arm-none-eabi/4.8.3/../../../../arm-none-eabi/lib/armv6-m\libc_s.a(lib_a-fileno.o)
                0x000036bc                fileno
 .text._cleanup_r
                0x0000371c       0x34 c:/siliconlabs/simplicitystudio/v3/developer/toolchains/gnu_arm/4.8_2013q4/bin/../lib/gcc/arm-none-eabi/4.8.3/../../../../arm-none-eabi/lib/armv6-m\libc_s.a(lib_a-findfp.o)
                0x0000371c                _cleanup_r
 .text.std.isra.0
                0x00003750       0x48 c:/siliconlabs/simplicitystudio/v3/developer/toolchains/gnu_arm/4.8_2013q4/bin/../lib/gcc/arm-none-eabi/4.8.3/../../../../arm-none-eabi/lib/armv6-m\libc_s.a(lib_a-findfp.o)
 .text.__sfmoreglue
                0x00003798       0x2c c:/siliconlabs/simplicitystudio/v3/developer/toolchains/gnu_arm/4.8_2013q4/bin/../lib/gcc/arm-none-eabi/4.8.3/../../../../arm-none-eabi/lib/armv6-m\libc_s.a(lib_a-findfp.o)
                0x00003798                __sfmoreglue
 .text.__sinit  0x000037c4       0x64 c:/siliconlabs/simplicitystudio/v3/developer/toolchains/gnu_arm/4.8_2013q4/bin/../lib/gcc/arm-none-eabi/4.8.3/../../../../arm-none-eabi/lib/armv6-m\libc_s.a(lib_a-findfp.o)
                0x000037c4                __sinit
 .text.__sfp    0x00003828       0x7c c:/siliconlabs/simplicitystudio/v3/developer/toolchains/gnu_arm/4.8_2013q4/bin/../lib/gcc/arm-none-eabi/4.8.3/../../../../arm-none-eabi/lib/armv6-m\libc_s.a(lib_a-findfp.o)
                0x00003828                __sfp
 .text.__libc_init_array
                0x000038a4       0x4c c:/siliconlabs/simplicitystudio/v3/developer/toolchains/gnu_arm/4.8_2013q4/bin/../lib/gcc/arm-none-eabi/4.8.3/../../../../arm-none-eabi/lib/armv6-m\libc_s.a(lib_a-init.o)
                0x000038a4                __libc_init_array
 .text.memcpy   0x000038f0       0x12 c:/siliconlabs/simplicitystudio/v3/developer/toolchains/gnu_arm/4.8_2013q4/bin/../lib/gcc/arm-none-eabi/4.8.3/../../../../arm-none-eabi/lib/armv6-m\libc_s.a(lib_a-memcpy-stub.o)
                0x000038f0                memcpy
 .text.memset   0x00003902       0x10 c:/siliconlabs/simplicitystudio/v3/developer/toolchains/gnu_arm/4.8_2013q4/bin/../lib/gcc/arm-none-eabi/4.8.3/../../../../arm-none-eabi/lib/armv6-m\libc_s.a(lib_a-memset.o)
                0x00003902                memset
 *fill*         0x00003912        0x2 
 .text._malloc_r
                0x00003914       0xa8 c:/siliconlabs/simplicitystudio/v3/developer/toolchains/gnu_arm/4.8_2013q4/bin/../lib/gcc/arm-none-eabi/4.8.3/../../../../arm-none-eabi/lib/armv6-m\libc_s.a(lib_a-nano-mallocr.o)
                0x00003914                _malloc_r
 .text.printf   0x000039bc       0x34 c:/siliconlabs/simplicitystudio/v3/developer/toolchains/gnu_arm/4.8_2013q4/bin/../lib/gcc/arm-none-eabi/4.8.3/../../../../arm-none-eabi/lib/armv6-m\libc_s.a(lib_a-printf.o)
                0x000039bc                iprintf
                0x000039bc                printf
 .text._sbrk_r  0x000039f0       0x24 c:/siliconlabs/simplicitystudio/v3/developer/toolchains/gnu_arm/4.8_2013q4/bin/../lib/gcc/arm-none-eabi/4.8.3/../../../../arm-none-eabi/lib/armv6-m\libc_s.a(lib_a-sbrkr.o)
                0x000039f0                _sbrk_r
 .text.__sread  0x00003a14       0x28 c:/siliconlabs/simplicitystudio/v3/developer/toolchains/gnu_arm/4.8_2013q4/bin/../lib/gcc/arm-none-eabi/4.8.3/../../../../arm-none-eabi/lib/armv6-m\libc_s.a(lib_a-stdio.o)
                0x00003a14                __sread
 .text.__swrite
                0x00003a3c       0x38 c:/siliconlabs/simplicitystudio/v3/developer/toolchains/gnu_arm/4.8_2013q4/bin/../lib/gcc/arm-none-eabi/4.8.3/../../../../arm-none-eabi/lib/armv6-m\libc_s.a(lib_a-stdio.o)
                0x00003a3c                __swrite
 .text.__sseek  0x00003a74       0x2c c:/siliconlabs/simplicitystudio/v3/developer/toolchains/gnu_arm/4.8_2013q4/bin/../lib/gcc/arm-none-eabi/4.8.3/../../../../arm-none-eabi/lib/armv6-m\libc_s.a(lib_a-stdio.o)
                0x00003a74                __sseek
 .text.__sclose
                0x00003aa0        0xc c:/siliconlabs/simplicitystudio/v3/developer/toolchains/gnu_arm/4.8_2013q4/bin/../lib/gcc/arm-none-eabi/4.8.3/../../../../arm-none-eabi/lib/armv6-m\libc_s.a(lib_a-stdio.o)
                0x00003aa0                __sclose
 .text.strlen   0x00003aac        0xe c:/siliconlabs/simplicitystudio/v3/developer/toolchains/gnu_arm/4.8_2013q4/bin/../lib/gcc/arm-none-eabi/4.8.3/../../../../arm-none-eabi/lib/armv6-m\libc_s.a(lib_a-strlen.o)
                0x00003aac                strlen
 .text.__sfputc_r
                0x00003aba       0x2a c:/siliconlabs/simplicitystudio/v3/developer/toolchains/gnu_arm/4.8_2013q4/bin/../lib/gcc/arm-none-eabi/4.8.3/../../../../arm-none-eabi/lib/armv6-m\libc_s.a(lib_a-vfprintf.o)
 .text.__sfputs_r
                0x00003ae4       0x24 c:/siliconlabs/simplicitystudio/v3/developer/toolchains/gnu_arm/4.8_2013q4/bin/../lib/gcc/arm-none-eabi/4.8.3/../../../../arm-none-eabi/lib/armv6-m\libc_s.a(lib_a-vfprintf.o)
                0x00003ae4                __sfputs_r
 .text._vfprintf_r
                0x00003b08      0x210 c:/siliconlabs/simplicitystudio/v3/developer/toolchains/gnu_arm/4.8_2013q4/bin/../lib/gcc/arm-none-eabi/4.8.3/../../../../arm-none-eabi/lib/armv6-m\libc_s.a(lib_a-vfprintf.o)
                0x00003b08                _vfprintf_r
                0x00003b08                _vfiprintf_r
 .text._printf_common
                0x00003d18       0xe8 c:/siliconlabs/simplicitystudio/v3/developer/toolchains/gnu_arm/4.8_2013q4/bin/../lib/gcc/arm-none-eabi/4.8.3/../../../../arm-none-eabi/lib/armv6-m\libc_s.a(lib_a-vfprintf_i.o)
                0x00003d18                _printf_common
 .text._printf_i
                0x00003e00      0x22c c:/siliconlabs/simplicitystudio/v3/developer/toolchains/gnu_arm/4.8_2013q4/bin/../lib/gcc/arm-none-eabi/4.8.3/../../../../arm-none-eabi/lib/armv6-m\libc_s.a(lib_a-vfprintf_i.o)
                0x00003e00                _printf_i
 .text.__swbuf_r
                0x0000402c       0xb0 c:/siliconlabs/simplicitystudio/v3/developer/toolchains/gnu_arm/4.8_2013q4/bin/../lib/gcc/arm-none-eabi/4.8.3/../../../../arm-none-eabi/lib/armv6-m\libc_s.a(lib_a-wbuf.o)
                0x0000402c                __swbuf_r
 .text._write_r
                0x000040dc       0x28 c:/siliconlabs/simplicitystudio/v3/developer/toolchains/gnu_arm/4.8_2013q4/bin/../lib/gcc/arm-none-eabi/4.8.3/../../../../arm-none-eabi/lib/armv6-m\libc_s.a(lib_a-writer.o)
                0x000040dc                _write_r
 .text.__swsetup_r
                0x00004104       0xe4 c:/siliconlabs/simplicitystudio/v3/developer/toolchains/gnu_arm/4.8_2013q4/bin/../lib/gcc/arm-none-eabi/4.8.3/../../../../arm-none-eabi/lib/armv6-m\libc_s.a(lib_a-wsetup.o)
                0x00004104                __swsetup_r
 .text._close_r
                0x000041e8       0x24 c:/siliconlabs/simplicitystudio/v3/developer/toolchains/gnu_arm/4.8_2013q4/bin/../lib/gcc/arm-none-eabi/4.8.3/../../../../arm-none-eabi/lib/armv6-m\libc_s.a(lib_a-closer.o)
                0x000041e8                _close_r
 .text.__sflush_r
                0x0000420c      0x112 c:/siliconlabs/simplicitystudio/v3/developer/toolchains/gnu_arm/4.8_2013q4/bin/../lib/gcc/arm-none-eabi/4.8.3/../../../../arm-none-eabi/lib/armv6-m\libc_s.a(lib_a-fflush.o)
                0x0000420c                __sflush_r
 *fill*         0x0000431e        0x2 
 .text._fflush_r
                0x00004320       0x58 c:/siliconlabs/simplicitystudio/v3/developer/toolchains/gnu_arm/4.8_2013q4/bin/../lib/gcc/arm-none-eabi/4.8.3/../../../../arm-none-eabi/lib/armv6-m\libc_s.a(lib_a-fflush.o)
                0x00004320                _fflush_r
 .text._lseek_r
                0x00004378       0x28 c:/siliconlabs/simplicitystudio/v3/developer/toolchains/gnu_arm/4.8_2013q4/bin/../lib/gcc/arm-none-eabi/4.8.3/../../../../arm-none-eabi/lib/armv6-m\libc_s.a(lib_a-lseekr.o)
                0x00004378                _lseek_r
 .text.__smakebuf_r
                0x000043a0       0xa0 c:/siliconlabs/simplicitystudio/v3/developer/toolchains/gnu_arm/4.8_2013q4/bin/../lib/gcc/arm-none-eabi/4.8.3/../../../../arm-none-eabi/lib/armv6-m\libc_s.a(lib_a-makebuf.o)
                0x000043a0                __smakebuf_r
 .text.memchr   0x00004440       0x16 c:/siliconlabs/simplicitystudio/v3/developer/toolchains/gnu_arm/4.8_2013q4/bin/../lib/gcc/arm-none-eabi/4.8.3/../../../../arm-none-eabi/lib/armv6-m\libc_s.a(lib_a-memchr-stub.o)
                0x00004440                memchr
 *fill*         0x00004456        0x2 
 .text._free_r  0x00004458       0x90 c:/siliconlabs/simplicitystudio/v3/developer/toolchains/gnu_arm/4.8_2013q4/bin/../lib/gcc/arm-none-eabi/4.8.3/../../../../arm-none-eabi/lib/armv6-m\libc_s.a(lib_a-nano-freer.o)
                0x00004458                _free_r
 .text._read_r  0x000044e8       0x28 c:/siliconlabs/simplicitystudio/v3/developer/toolchains/gnu_arm/4.8_2013q4/bin/../lib/gcc/arm-none-eabi/4.8.3/../../../../arm-none-eabi/lib/armv6-m\libc_s.a(lib_a-readr.o)
                0x000044e8                _read_r
 .text._fstat_r
                0x00004510       0x24 c:/siliconlabs/simplicitystudio/v3/developer/toolchains/gnu_arm/4.8_2013q4/bin/../lib/gcc/arm-none-eabi/4.8.3/../../../../arm-none-eabi/lib/armv6-m\libc_s.a(lib_a-fstatr.o)
                0x00004510                _fstat_r
 .text._isatty_r
                0x00004534       0x24 c:/siliconlabs/simplicitystudio/v3/developer/toolchains/gnu_arm/4.8_2013q4/bin/../lib/gcc/arm-none-eabi/4.8.3/../../../../arm-none-eabi/lib/armv6-m\libc_s.a(lib_a-isattyr.o)
                0x00004534                _isatty_r
 *(.init)
 .init          0x00004558        0x4 c:/siliconlabs/simplicitystudio/v3/developer/toolchains/gnu_arm/4.8_2013q4/bin/../lib/gcc/arm-none-eabi/4.8.3/armv6-m/crti.o
                0x00004558                _init
 .init          0x0000455c        0x8 c:/siliconlabs/simplicitystudio/v3/developer/toolchains/gnu_arm/4.8_2013q4/bin/../lib/gcc/arm-none-eabi/4.8.3/armv6-m/crtn.o
 *(.fini)
 .fini          0x00004564        0x4 c:/siliconlabs/simplicitystudio/v3/developer/toolchains/gnu_arm/4.8_2013q4/bin/../lib/gcc/arm-none-eabi/4.8.3/armv6-m/crti.o
                0x00004564                _fini
 .fini          0x00004568        0x8 c:/siliconlabs/simplicitystudio/v3/developer/toolchains/gnu_arm/4.8_2013q4/bin/../lib/gcc/arm-none-eabi/4.8.3/armv6-m/crtn.o
 *crtbegin.o(.ctors)
 *crtbegin?.o(.ctors)
 *(EXCLUDE_FILE(*crtend.o *crtend?.o) .ctors)
 *(SORT(.ctors.*))
 *(.ctors)
 *crtbegin.o(.dtors)
 *crtbegin?.o(.dtors)
 *(EXCLUDE_FILE(*crtend.o *crtend?.o) .dtors)
 *(SORT(.dtors.*))
 *(.dtors)
 *(.rodata*)
 .rodata.Radio_Configuration_Data_Array
                0x00004570      0x33a ./Drivers/ezradio_plugin_manager.o
 .rodata.str1.1
                0x000048aa       0x24 ./Drivers/ezradio_plugin_manager.o
 .rodata        0x000048ce        0xa ./Drivers/ezradio_transmit_plugin.o
 .rodata.heaperr.8264
                0x000048d8       0x1a ./Drivers/retargetio.o
 .rodata.initRTC
                0x000048f2        0x3 ./Drivers/rtcdriver.o
 *fill*         0x000048f5        0x3 
 .rodata        0x000048f8       0x18 ./Drivers/spidrv.o
 .rodata.chars_6x8_bits
                0x00004910      0x320 ./Drivers/textdisplay.o
 .rodata._ctype_
                0x00004c30      0x101 c:/siliconlabs/simplicitystudio/v3/developer/toolchains/gnu_arm/4.8_2013q4/bin/../lib/gcc/arm-none-eabi/4.8.3/../../../../arm-none-eabi/lib/armv6-m\libc_s.a(lib_a-ctype_.o)
                0x00004c30                _ctype_
 *fill*         0x00004d31        0x3 
 .rodata.__sf_fake_stdin
                0x00004d34       0x20 c:/siliconlabs/simplicitystudio/v3/developer/toolchains/gnu_arm/4.8_2013q4/bin/../lib/gcc/arm-none-eabi/4.8.3/../../../../arm-none-eabi/lib/armv6-m\libc_s.a(lib_a-findfp.o)
                0x00004d34                __sf_fake_stdin
 .rodata.__sf_fake_stdout
                0x00004d54       0x20 c:/siliconlabs/simplicitystudio/v3/developer/toolchains/gnu_arm/4.8_2013q4/bin/../lib/gcc/arm-none-eabi/4.8.3/../../../../arm-none-eabi/lib/armv6-m\libc_s.a(lib_a-findfp.o)
                0x00004d54                __sf_fake_stdout
 .rodata.__sf_fake_stderr
                0x00004d74       0x20 c:/siliconlabs/simplicitystudio/v3/developer/toolchains/gnu_arm/4.8_2013q4/bin/../lib/gcc/arm-none-eabi/4.8.3/../../../../arm-none-eabi/lib/armv6-m\libc_s.a(lib_a-findfp.o)
                0x00004d74                __sf_fake_stderr
 .rodata.str1.1
                0x00004d94        0x2 c:/siliconlabs/simplicitystudio/v3/developer/toolchains/gnu_arm/4.8_2013q4/bin/../lib/gcc/arm-none-eabi/4.8.3/../../../../arm-none-eabi/lib/armv6-m\libc_s.a(lib_a-impure.o)
 *fill*         0x00004d96        0x2 
 .rodata._global_impure_ptr
                0x00004d98        0x4 c:/siliconlabs/simplicitystudio/v3/developer/toolchains/gnu_arm/4.8_2013q4/bin/../lib/gcc/arm-none-eabi/4.8.3/../../../../arm-none-eabi/lib/armv6-m\libc_s.a(lib_a-impure.o)
                0x00004d98                _global_impure_ptr
 .rodata.str1.1
                0x00004d9c       0x11 c:/siliconlabs/simplicitystudio/v3/developer/toolchains/gnu_arm/4.8_2013q4/bin/../lib/gcc/arm-none-eabi/4.8.3/../../../../arm-none-eabi/lib/armv6-m\libc_s.a(lib_a-vfprintf.o)
 .rodata.str1.1
                0x00004dad       0x22 c:/siliconlabs/simplicitystudio/v3/developer/toolchains/gnu_arm/4.8_2013q4/bin/../lib/gcc/arm-none-eabi/4.8.3/../../../../arm-none-eabi/lib/armv6-m\libc_s.a(lib_a-vfprintf_i.o)
 *(.eh_frame*)
 *fill*         0x00004dcf        0x1 
 .eh_frame      0x00004dd0        0x0 c:/siliconlabs/simplicitystudio/v3/developer/toolchains/gnu_arm/4.8_2013q4/bin/../lib/gcc/arm-none-eabi/4.8.3/armv6-m/crtbegin.o
 .eh_frame      0x00004dd0        0x4 c:/siliconlabs/simplicitystudio/v3/developer/toolchains/gnu_arm/4.8_2013q4/bin/../lib/gcc/arm-none-eabi/4.8.3/armv6-m/crtend.o

.glue_7         0x00004dd4        0x0
 .glue_7        0x00000000        0x0 linker stubs

.glue_7t        0x00004dd4        0x0
 .glue_7t       0x00000000        0x0 linker stubs

.vfp11_veneer   0x00004dd4        0x0
 .vfp11_veneer  0x00000000        0x0 linker stubs

.v4_bx          0x00004dd4        0x0
 .v4_bx         0x00000000        0x0 linker stubs

.iplt           0x00004dd4        0x0
 .iplt          0x00000000        0x0 c:/siliconlabs/simplicitystudio/v3/developer/toolchains/gnu_arm/4.8_2013q4/bin/../lib/gcc/arm-none-eabi/4.8.3/armv6-m/crtbegin.o

.ARM.extab
 *(.ARM.extab* .gnu.linkonce.armextab.*)
                0x00004dd4                __exidx_start = .

.ARM.exidx      0x00004dd4        0x8
 *(.ARM.exidx* .gnu.linkonce.armexidx.*)
 .ARM.exidx     0x00004dd4        0x8 c:/siliconlabs/simplicitystudio/v3/developer/toolchains/gnu_arm/4.8_2013q4/bin/../lib/gcc/arm-none-eabi/4.8.3/../../../../arm-none-eabi/lib/armv6-m/crt0.o
 .ARM.exidx     0x00004ddc        0x0 c:/siliconlabs/simplicitystudio/v3/developer/toolchains/gnu_arm/4.8_2013q4/bin/../lib/gcc/arm-none-eabi/4.8.3/armv6-m\libgcc.a(_divdi3.o)
                                  0x8 (size before relaxing)
 .ARM.exidx     0x00004ddc        0x0 c:/siliconlabs/simplicitystudio/v3/developer/toolchains/gnu_arm/4.8_2013q4/bin/../lib/gcc/arm-none-eabi/4.8.3/armv6-m\libgcc.a(_udivdi3.o)
                                  0x8 (size before relaxing)
                0x00004ddc                __exidx_end = .
                0x00004ddc                __etext = .

.rel.dyn        0x00004ddc        0x0
 .rel.iplt      0x00000000        0x0 c:/siliconlabs/simplicitystudio/v3/developer/toolchains/gnu_arm/4.8_2013q4/bin/../lib/gcc/arm-none-eabi/4.8.3/armv6-m/crtbegin.o

.data           0x20000000       0xd8 load address 0x00004ddc
                0x20000000                __data_start__ = .
 *(vtable)
 *(.data*)
 .data.radioTxPkt
                0x20000000       0x40 ./src/main.o
 .data.ezradioSpiInitData
                0x20000040       0x1c ./Drivers/ezradio_hal.o
 .data.SystemLFXOClock
                0x2000005c        0x4 ./CMSIS/ezr32hg/system_ezr32hg.o
 .data.SystemHFXOClock
                0x20000060        0x4 ./CMSIS/ezr32hg/system_ezr32hg.o
 .data.__ctype_ptr__
                0x20000064        0x4 c:/siliconlabs/simplicitystudio/v3/developer/toolchains/gnu_arm/4.8_2013q4/bin/../lib/gcc/arm-none-eabi/4.8.3/../../../../arm-none-eabi/lib/armv6-m\libc_s.a(lib_a-ctype_.o)
                0x20000064                __ctype_ptr__
 .data.impure_data
                0x20000068       0x60 c:/siliconlabs/simplicitystudio/v3/developer/toolchains/gnu_arm/4.8_2013q4/bin/../lib/gcc/arm-none-eabi/4.8.3/../../../../arm-none-eabi/lib/armv6-m\libc_s.a(lib_a-impure.o)
 .data._impure_ptr
                0x200000c8        0x4 c:/siliconlabs/simplicitystudio/v3/developer/toolchains/gnu_arm/4.8_2013q4/bin/../lib/gcc/arm-none-eabi/4.8.3/../../../../arm-none-eabi/lib/armv6-m\libc_s.a(lib_a-impure.o)
                0x200000c8                _impure_ptr
                0x200000cc                . = ALIGN (0x4)
 *(.ram)
                0x200000cc                . = ALIGN (0x4)
                0x200000cc                PROVIDE (__preinit_array_start, .)
 *(.preinit_array)
                0x200000cc                PROVIDE (__preinit_array_end, .)
                0x200000cc                . = ALIGN (0x4)
                0x200000cc                PROVIDE (__init_array_start, .)
 *(SORT(.init_array.*))
 *(.init_array)
 .init_array    0x200000cc        0x4 c:/siliconlabs/simplicitystudio/v3/developer/toolchains/gnu_arm/4.8_2013q4/bin/../lib/gcc/arm-none-eabi/4.8.3/armv6-m/crtbegin.o
                0x200000d0                PROVIDE (__init_array_end, .)
                0x200000d0                . = ALIGN (0x4)
                0x200000d0                PROVIDE (__fini_array_start, .)
 *(SORT(.fini_array.*))
 *(.fini_array)
 .fini_array    0x200000d0        0x4 c:/siliconlabs/simplicitystudio/v3/developer/toolchains/gnu_arm/4.8_2013q4/bin/../lib/gcc/arm-none-eabi/4.8.3/armv6-m/crtbegin.o
                0x200000d4                PROVIDE (__fini_array_end, .)
 *(.jcr*)
 .jcr           0x200000d4        0x0 c:/siliconlabs/simplicitystudio/v3/developer/toolchains/gnu_arm/4.8_2013q4/bin/../lib/gcc/arm-none-eabi/4.8.3/armv6-m/crtbegin.o
 .jcr           0x200000d4        0x4 c:/siliconlabs/simplicitystudio/v3/developer/toolchains/gnu_arm/4.8_2013q4/bin/../lib/gcc/arm-none-eabi/4.8.3/armv6-m/crtend.o
                0x200000d8                . = ALIGN (0x4)
                0x200000d8                __data_end__ = .

.igot.plt       0x200000d8        0x0 load address 0x00004eb4
 .igot.plt      0x00000000        0x0 c:/siliconlabs/simplicitystudio/v3/developer/toolchains/gnu_arm/4.8_2013q4/bin/../lib/gcc/arm-none-eabi/4.8.3/armv6-m/crtbegin.o

.bss            0x20000100      0x408 load address 0x00004f00
                0x20000100                . = ALIGN (0x4)
                0x20000100                __bss_start__ = .
 *(.bss*)
 .bss           0x20000100       0x1c c:/siliconlabs/simplicitystudio/v3/developer/toolchains/gnu_arm/4.8_2013q4/bin/../lib/gcc/arm-none-eabi/4.8.3/armv6-m/crtbegin.o
 .bss.rtcTickTimer
                0x2000011c        0x4 ./src/main.o
 .bss.relay_status
                0x20000120        0x4 ./src/main.o
 .bss.rtcTick   0x20000124        0x1 ./src/main.o
 .bss.appTxActive
                0x20000125        0x1 ./src/main.o
 *fill*         0x20000126        0x2 
 .bss.send_flag
                0x20000128        0x4 ./src/main.o
 .bss.radioRxPkt
                0x2000012c       0x40 ./src/main.o
 .bss.cmuStatus
                0x2000016c        0x4 ./emlib/em_emu.o
 .bss.INT_LockCnt
                0x20000170        0x4 ./emlib/em_int.o
                0x20000170                INT_LockCnt
 .bss.chTable   0x20000174       0x50 ./Drivers/dmadrv.o
 .bss.initialized
                0x200001c4        0x1 ./Drivers/dmadrv.o
 *fill*         0x200001c5        0x3 
 .bss.dmaCallBack
                0x200001c8       0x30 ./Drivers/dmadrv.o
 .bss.ezradio_comm_CtsWentHigh
                0x200001f8        0x1 ./Drivers/ezradio_comm.o
                0x200001f8                ezradio_comm_CtsWentHigh
 *fill*         0x200001f9        0x3 
 .bss.ezradioSpiHandle
                0x200001fc       0x54 ./Drivers/ezradio_hal.o
 .bss.ezradioIrqReceived
                0x20000250        0x1 ./Drivers/ezradio_plugin_manager.o
 *fill*         0x20000251        0x3 
 .bss.gpioCallbacks
                0x20000254       0x40 ./Drivers/gpiointerrupt.o
 .bss.heap_end.8262
                0x20000294        0x4 ./Drivers/retargetio.o
 .bss.textDisplayHandle
                0x20000298        0x4 ./Drivers/retargettextdisplay.o
                0x20000298                textDisplayHandle
 .bss.rtcRunning
                0x2000029c        0x1 ./Drivers/rtcdriver.o
 .bss.rtcdrvIsInitialized
                0x2000029d        0x1 ./Drivers/rtcdriver.o
 .bss.inTimerIRQ
                0x2000029e        0x1 ./Drivers/rtcdriver.o
 *fill*         0x2000029f        0x1 
 .bss.timer     0x200002a0       0xa0 ./Drivers/rtcdriver.o
 .bss.startTimerNestingLevel
                0x20000340        0x4 ./Drivers/rtcdriver.o
 .bss.lastStart
                0x20000344        0x4 ./Drivers/rtcdriver.o
 .bss.spidrvIsInitialized
                0x20000348        0x1 ./Drivers/spidrv.o
 *fill*         0x20000349        0x3 
 .bss.minTicks  0x2000034c        0x4 ./Drivers/ustimer.o
 .bss.freq      0x20000350        0x4 ./Drivers/ustimer.o
 .bss.timeElapsed
                0x20000354        0x1 ./Drivers/ustimer.o
 *fill*         0x20000355        0x3 
 .bss.__malloc_sbrk_start
                0x20000358        0x4 c:/siliconlabs/simplicitystudio/v3/developer/toolchains/gnu_arm/4.8_2013q4/bin/../lib/gcc/arm-none-eabi/4.8.3/../../../../arm-none-eabi/lib/armv6-m\libc_s.a(lib_a-nano-mallocr.o)
                0x20000358                __malloc_sbrk_start
 .bss.__malloc_free_list
                0x2000035c        0x4 c:/siliconlabs/simplicitystudio/v3/developer/toolchains/gnu_arm/4.8_2013q4/bin/../lib/gcc/arm-none-eabi/4.8.3/../../../../arm-none-eabi/lib/armv6-m\libc_s.a(lib_a-nano-mallocr.o)
                0x2000035c                __malloc_free_list
 *(COMMON)
 *fill*         0x20000360       0xa0 
 COMMON         0x20000400      0x100 ./Drivers/dmactrl.o
                0x20000400                dmaControlBlock
 COMMON         0x20000500        0x4 ./CMSIS/ezr32hg/system_ezr32hg.o
                0x20000500                SystemCoreClock
 COMMON         0x20000504        0x4 c:/siliconlabs/simplicitystudio/v3/developer/toolchains/gnu_arm/4.8_2013q4/bin/../lib/gcc/arm-none-eabi/4.8.3/../../../../arm-none-eabi/lib/armv6-m\libc_s.a(lib_a-reent.o)
                0x20000504                errno
                0x20000508                . = ALIGN (0x4)
                0x20000508                __bss_end__ = .

.heap           0x20000508      0x400
                0x20000508                __HeapBase = .
                0x20000508                __end__ = .
                0x20000508                end = __end__
                0x20000508                _end = __end__
 *(.heap*)
 .heap          0x20000508      0x400 ./CMSIS/ezr32hg/startup_ezr32hg.o
                0x20000908                __HeapLimit = .

.stack_dummy    0x20000508      0x400
 *(.stack*)
 .stack         0x20000508      0x400 ./CMSIS/ezr32hg/startup_ezr32hg.o
                0x20002000                __StackTop = (ORIGIN (RAM) + 0x2000)
                0x20001c00                __StackLimit = (__StackTop - SIZEOF (.stack_dummy))
                0x20002000                PROVIDE (__stack, __StackTop)
                0x00000001                ASSERT ((__StackLimit >= __HeapLimit), region RAM overflowed with stack)
                0x00000001                ASSERT ((0x10000 >= (__etext + SIZEOF (.data))), FLASH memory overflowed !)
OUTPUT(bot.axf elf32-littlearm)

.ARM.attributes
                0x00000000       0x28
 .ARM.attributes
                0x00000000       0x1e c:/siliconlabs/simplicitystudio/v3/developer/toolchains/gnu_arm/4.8_2013q4/bin/../lib/gcc/arm-none-eabi/4.8.3/armv6-m/crti.o
 .ARM.attributes
                0x0000001e       0x2c c:/siliconlabs/simplicitystudio/v3/developer/toolchains/gnu_arm/4.8_2013q4/bin/../lib/gcc/arm-none-eabi/4.8.3/armv6-m/crtbegin.o
 .ARM.attributes
                0x0000004a       0x1b c:/siliconlabs/simplicitystudio/v3/developer/toolchains/gnu_arm/4.8_2013q4/bin/../lib/gcc/arm-none-eabi/4.8.3/../../../../arm-none-eabi/lib/armv6-m/crt0.o
 .ARM.attributes
                0x00000065       0x32 ./src/main.o
 .ARM.attributes
                0x00000097       0x32 ./emlib/em_cmu.o
 .ARM.attributes
                0x000000c9       0x32 ./emlib/em_dma.o
 .ARM.attributes
                0x000000fb       0x32 ./emlib/em_emu.o
 .ARM.attributes
                0x0000012d       0x32 ./emlib/em_gpio.o
 .ARM.attributes
                0x0000015f       0x32 ./emlib/em_int.o
 .ARM.attributes
                0x00000191       0x32 ./emlib/em_rtc.o
 .ARM.attributes
                0x000001c3       0x32 ./emlib/em_timer.o
 .ARM.attributes
                0x000001f5       0x32 ./emlib/em_usart.o
 .ARM.attributes
                0x00000227       0x32 ./Drivers/dmactrl.o
 .ARM.attributes
                0x00000259       0x32 ./Drivers/dmadrv.o
 .ARM.attributes
                0x0000028b       0x32 ./Drivers/ezradio_api_lib.o
 .ARM.attributes
                0x000002bd       0x32 ./Drivers/ezradio_comm.o
 .ARM.attributes
                0x000002ef       0x32 ./Drivers/ezradio_crcerror_plugin.o
 .ARM.attributes
                0x00000321       0x32 ./Drivers/ezradio_hal.o
 .ARM.attributes
                0x00000353       0x32 ./Drivers/ezradio_plugin_manager.o
 .ARM.attributes
                0x00000385       0x32 ./Drivers/ezradio_receive_plugin.o
 .ARM.attributes
                0x000003b7       0x32 ./Drivers/ezradio_transmit_plugin.o
 .ARM.attributes
                0x000003e9       0x32 ./Drivers/gpiointerrupt.o
 .ARM.attributes
                0x0000041b       0x32 ./Drivers/retargetio.o
 .ARM.attributes
                0x0000044d       0x32 ./Drivers/retargettextdisplay.o
 .ARM.attributes
                0x0000047f       0x32 ./Drivers/rtcdriver.o
 .ARM.attributes
                0x000004b1       0x32 ./Drivers/spidrv.o
 .ARM.attributes
                0x000004e3       0x32 ./Drivers/textdisplay.o
 .ARM.attributes
                0x00000515       0x32 ./Drivers/ustimer.o
 .ARM.attributes
                0x00000547       0x32 ./Drivers/si4x55/ezradio_api_lib_add.o
 .ARM.attributes
                0x00000579       0x1b ./CMSIS/ezr32hg/startup_ezr32hg.o
 .ARM.attributes
                0x00000594       0x32 ./CMSIS/ezr32hg/system_ezr32hg.o
 .ARM.attributes
                0x000005c6       0x1e c:/siliconlabs/simplicitystudio/v3/developer/toolchains/gnu_arm/4.8_2013q4/bin/../lib/gcc/arm-none-eabi/4.8.3/armv6-m\libgcc.a(_thumb1_case_uqi.o)
 .ARM.attributes
                0x000005e4       0x1e c:/siliconlabs/simplicitystudio/v3/developer/toolchains/gnu_arm/4.8_2013q4/bin/../lib/gcc/arm-none-eabi/4.8.3/armv6-m\libgcc.a(_udivsi3.o)
 .ARM.attributes
                0x00000602       0x1e c:/siliconlabs/simplicitystudio/v3/developer/toolchains/gnu_arm/4.8_2013q4/bin/../lib/gcc/arm-none-eabi/4.8.3/armv6-m\libgcc.a(_dvmd_tls.o)
 .ARM.attributes
                0x00000620       0x1e c:/siliconlabs/simplicitystudio/v3/developer/toolchains/gnu_arm/4.8_2013q4/bin/../lib/gcc/arm-none-eabi/4.8.3/armv6-m\libgcc.a(_clzsi2.o)
 .ARM.attributes
                0x0000063e       0x1e c:/siliconlabs/simplicitystudio/v3/developer/toolchains/gnu_arm/4.8_2013q4/bin/../lib/gcc/arm-none-eabi/4.8.3/armv6-m\libgcc.a(_aeabi_uldivmod.o)
 .ARM.attributes
                0x0000065c       0x2c c:/siliconlabs/simplicitystudio/v3/developer/toolchains/gnu_arm/4.8_2013q4/bin/../lib/gcc/arm-none-eabi/4.8.3/armv6-m\libgcc.a(_muldi3.o)
 .ARM.attributes
                0x00000688       0x2c c:/siliconlabs/simplicitystudio/v3/developer/toolchains/gnu_arm/4.8_2013q4/bin/../lib/gcc/arm-none-eabi/4.8.3/armv6-m\libgcc.a(bpabi.o)
 .ARM.attributes
                0x000006b4       0x2c c:/siliconlabs/simplicitystudio/v3/developer/toolchains/gnu_arm/4.8_2013q4/bin/../lib/gcc/arm-none-eabi/4.8.3/armv6-m\libgcc.a(_divdi3.o)
 .ARM.attributes
                0x000006e0       0x2c c:/siliconlabs/simplicitystudio/v3/developer/toolchains/gnu_arm/4.8_2013q4/bin/../lib/gcc/arm-none-eabi/4.8.3/armv6-m\libgcc.a(_udivdi3.o)
 .ARM.attributes
                0x0000070c       0x2c c:/siliconlabs/simplicitystudio/v3/developer/toolchains/gnu_arm/4.8_2013q4/bin/../lib/gcc/arm-none-eabi/4.8.3/../../../../arm-none-eabi/lib/armv6-m\libc_s.a(lib_a-ctype_.o)
 .ARM.attributes
                0x00000738       0x2c c:/siliconlabs/simplicitystudio/v3/developer/toolchains/gnu_arm/4.8_2013q4/bin/../lib/gcc/arm-none-eabi/4.8.3/../../../../arm-none-eabi/lib/armv6-m\libc_s.a(lib_a-exit.o)
 .ARM.attributes
                0x00000764       0x2c c:/siliconlabs/simplicitystudio/v3/developer/toolchains/gnu_arm/4.8_2013q4/bin/../lib/gcc/arm-none-eabi/4.8.3/../../../../arm-none-eabi/lib/armv6-m\libc_s.a(lib_a-fileno.o)
 .ARM.attributes
                0x00000790       0x2c c:/siliconlabs/simplicitystudio/v3/developer/toolchains/gnu_arm/4.8_2013q4/bin/../lib/gcc/arm-none-eabi/4.8.3/../../../../arm-none-eabi/lib/armv6-m\libc_s.a(lib_a-findfp.o)
 .ARM.attributes
                0x000007bc       0x2c c:/siliconlabs/simplicitystudio/v3/developer/toolchains/gnu_arm/4.8_2013q4/bin/../lib/gcc/arm-none-eabi/4.8.3/../../../../arm-none-eabi/lib/armv6-m\libc_s.a(lib_a-impure.o)
 .ARM.attributes
                0x000007e8       0x2c c:/siliconlabs/simplicitystudio/v3/developer/toolchains/gnu_arm/4.8_2013q4/bin/../lib/gcc/arm-none-eabi/4.8.3/../../../../arm-none-eabi/lib/armv6-m\libc_s.a(lib_a-init.o)
 .ARM.attributes
                0x00000814       0x2c c:/siliconlabs/simplicitystudio/v3/developer/toolchains/gnu_arm/4.8_2013q4/bin/../lib/gcc/arm-none-eabi/4.8.3/../../../../arm-none-eabi/lib/armv6-m\libc_s.a(lib_a-memcpy-stub.o)
 .ARM.attributes
                0x00000840       0x2c c:/siliconlabs/simplicitystudio/v3/developer/toolchains/gnu_arm/4.8_2013q4/bin/../lib/gcc/arm-none-eabi/4.8.3/../../../../arm-none-eabi/lib/armv6-m\libc_s.a(lib_a-memset.o)
 .ARM.attributes
                0x0000086c       0x2c c:/siliconlabs/simplicitystudio/v3/developer/toolchains/gnu_arm/4.8_2013q4/bin/../lib/gcc/arm-none-eabi/4.8.3/../../../../arm-none-eabi/lib/armv6-m\libc_s.a(lib_a-nano-mallocr.o)
 .ARM.attributes
                0x00000898       0x2c c:/siliconlabs/simplicitystudio/v3/developer/toolchains/gnu_arm/4.8_2013q4/bin/../lib/gcc/arm-none-eabi/4.8.3/../../../../arm-none-eabi/lib/armv6-m\libc_s.a(lib_a-printf.o)
 .ARM.attributes
                0x000008c4       0x2c c:/siliconlabs/simplicitystudio/v3/developer/toolchains/gnu_arm/4.8_2013q4/bin/../lib/gcc/arm-none-eabi/4.8.3/../../../../arm-none-eabi/lib/armv6-m\libc_s.a(lib_a-sbrkr.o)
 .ARM.attributes
                0x000008f0       0x2c c:/siliconlabs/simplicitystudio/v3/developer/toolchains/gnu_arm/4.8_2013q4/bin/../lib/gcc/arm-none-eabi/4.8.3/../../../../arm-none-eabi/lib/armv6-m\libc_s.a(lib_a-stdio.o)
 .ARM.attributes
                0x0000091c       0x2c c:/siliconlabs/simplicitystudio/v3/developer/toolchains/gnu_arm/4.8_2013q4/bin/../lib/gcc/arm-none-eabi/4.8.3/../../../../arm-none-eabi/lib/armv6-m\libc_s.a(lib_a-strlen.o)
 .ARM.attributes
                0x00000948       0x2c c:/siliconlabs/simplicitystudio/v3/developer/toolchains/gnu_arm/4.8_2013q4/bin/../lib/gcc/arm-none-eabi/4.8.3/../../../../arm-none-eabi/lib/armv6-m\libc_s.a(lib_a-vfprintf.o)
 .ARM.attributes
                0x00000974       0x2c c:/siliconlabs/simplicitystudio/v3/developer/toolchains/gnu_arm/4.8_2013q4/bin/../lib/gcc/arm-none-eabi/4.8.3/../../../../arm-none-eabi/lib/armv6-m\libc_s.a(lib_a-vfprintf_i.o)
 .ARM.attributes
                0x000009a0       0x2c c:/siliconlabs/simplicitystudio/v3/developer/toolchains/gnu_arm/4.8_2013q4/bin/../lib/gcc/arm-none-eabi/4.8.3/../../../../arm-none-eabi/lib/armv6-m\libc_s.a(lib_a-wbuf.o)
 .ARM.attributes
                0x000009cc       0x2c c:/siliconlabs/simplicitystudio/v3/developer/toolchains/gnu_arm/4.8_2013q4/bin/../lib/gcc/arm-none-eabi/4.8.3/../../../../arm-none-eabi/lib/armv6-m\libc_s.a(lib_a-writer.o)
 .ARM.attributes
                0x000009f8       0x2c c:/siliconlabs/simplicitystudio/v3/developer/toolchains/gnu_arm/4.8_2013q4/bin/../lib/gcc/arm-none-eabi/4.8.3/../../../../arm-none-eabi/lib/armv6-m\libc_s.a(lib_a-wsetup.o)
 .ARM.attributes
                0x00000a24       0x2c c:/siliconlabs/simplicitystudio/v3/developer/toolchains/gnu_arm/4.8_2013q4/bin/../lib/gcc/arm-none-eabi/4.8.3/../../../../arm-none-eabi/lib/armv6-m\libc_s.a(lib_a-closer.o)
 .ARM.attributes
                0x00000a50       0x2c c:/siliconlabs/simplicitystudio/v3/developer/toolchains/gnu_arm/4.8_2013q4/bin/../lib/gcc/arm-none-eabi/4.8.3/../../../../arm-none-eabi/lib/armv6-m\libc_s.a(lib_a-fflush.o)
 .ARM.attributes
                0x00000a7c       0x2c c:/siliconlabs/simplicitystudio/v3/developer/toolchains/gnu_arm/4.8_2013q4/bin/../lib/gcc/arm-none-eabi/4.8.3/../../../../arm-none-eabi/lib/armv6-m\libc_s.a(lib_a-lseekr.o)
 .ARM.attributes
                0x00000aa8       0x2c c:/siliconlabs/simplicitystudio/v3/developer/toolchains/gnu_arm/4.8_2013q4/bin/../lib/gcc/arm-none-eabi/4.8.3/../../../../arm-none-eabi/lib/armv6-m\libc_s.a(lib_a-makebuf.o)
 .ARM.attributes
                0x00000ad4       0x2c c:/siliconlabs/simplicitystudio/v3/developer/toolchains/gnu_arm/4.8_2013q4/bin/../lib/gcc/arm-none-eabi/4.8.3/../../../../arm-none-eabi/lib/armv6-m\libc_s.a(lib_a-memchr-stub.o)
 .ARM.attributes
                0x00000b00       0x2c c:/siliconlabs/simplicitystudio/v3/developer/toolchains/gnu_arm/4.8_2013q4/bin/../lib/gcc/arm-none-eabi/4.8.3/../../../../arm-none-eabi/lib/armv6-m\libc_s.a(lib_a-nano-freer.o)
 .ARM.attributes
                0x00000b2c       0x2c c:/siliconlabs/simplicitystudio/v3/developer/toolchains/gnu_arm/4.8_2013q4/bin/../lib/gcc/arm-none-eabi/4.8.3/../../../../arm-none-eabi/lib/armv6-m\libc_s.a(lib_a-readr.o)
 .ARM.attributes
                0x00000b58       0x2c c:/siliconlabs/simplicitystudio/v3/developer/toolchains/gnu_arm/4.8_2013q4/bin/../lib/gcc/arm-none-eabi/4.8.3/../../../../arm-none-eabi/lib/armv6-m\libc_s.a(lib_a-reent.o)
 .ARM.attributes
                0x00000b84       0x2c c:/siliconlabs/simplicitystudio/v3/developer/toolchains/gnu_arm/4.8_2013q4/bin/../lib/gcc/arm-none-eabi/4.8.3/../../../../arm-none-eabi/lib/armv6-m\libc_s.a(lib_a-fstatr.o)
 .ARM.attributes
                0x00000bb0       0x2c c:/siliconlabs/simplicitystudio/v3/developer/toolchains/gnu_arm/4.8_2013q4/bin/../lib/gcc/arm-none-eabi/4.8.3/../../../../arm-none-eabi/lib/armv6-m\libc_s.a(lib_a-isattyr.o)
 .ARM.attributes
                0x00000bdc       0x2c c:/siliconlabs/simplicitystudio/v3/developer/toolchains/gnu_arm/4.8_2013q4/bin/../lib/gcc/arm-none-eabi/4.8.3/armv6-m/crtend.o
 .ARM.attributes
                0x00000c08       0x1e c:/siliconlabs/simplicitystudio/v3/developer/toolchains/gnu_arm/4.8_2013q4/bin/../lib/gcc/arm-none-eabi/4.8.3/armv6-m/crtn.o

.comment        0x00000000       0x70
 .comment       0x00000000       0x70 ./src/main.o
                                 0x71 (size before relaxing)
 .comment       0x00000000       0x71 ./emlib/em_cmu.o
 .comment       0x00000000       0x71 ./emlib/em_dma.o
 .comment       0x00000000       0x71 ./emlib/em_emu.o
 .comment       0x00000000       0x71 ./emlib/em_gpio.o
 .comment       0x00000000       0x71 ./emlib/em_int.o
 .comment       0x00000000       0x71 ./emlib/em_rtc.o
 .comment       0x00000000       0x71 ./emlib/em_timer.o
 .comment       0x00000000       0x71 ./emlib/em_usart.o
 .comment       0x00000000       0x71 ./Drivers/dmactrl.o
 .comment       0x00000000       0x71 ./Drivers/dmadrv.o
 .comment       0x00000000       0x71 ./Drivers/ezradio_api_lib.o
 .comment       0x00000000       0x71 ./Drivers/ezradio_comm.o
 .comment       0x00000000       0x71 ./Drivers/ezradio_crcerror_plugin.o
 .comment       0x00000000       0x71 ./Drivers/ezradio_hal.o
 .comment       0x00000000       0x71 ./Drivers/ezradio_plugin_manager.o
 .comment       0x00000000       0x71 ./Drivers/ezradio_receive_plugin.o
 .comment       0x00000000       0x71 ./Drivers/ezradio_transmit_plugin.o
 .comment       0x00000000       0x71 ./Drivers/gpiointerrupt.o
 .comment       0x00000000       0x71 ./Drivers/retargetio.o
 .comment       0x00000000       0x71 ./Drivers/retargettextdisplay.o
 .comment       0x00000000       0x71 ./Drivers/rtcdriver.o
 .comment       0x00000000       0x71 ./Drivers/spidrv.o
 .comment       0x00000000       0x71 ./Drivers/textdisplay.o
 .comment       0x00000000       0x71 ./Drivers/ustimer.o
 .comment       0x00000000       0x71 ./Drivers/si4x55/ezradio_api_lib_add.o
 .comment       0x00000000       0x71 ./CMSIS/ezr32hg/system_ezr32hg.o

.debug_info     0x00000000    0x15785
 .debug_info    0x00000000      0xe66 ./src/main.o
 .debug_info    0x00000e66     0x1967 ./emlib/em_cmu.o
 .debug_info    0x000027cd     0x1264 ./emlib/em_dma.o
 .debug_info    0x00003a31      0x6b0 ./emlib/em_emu.o
 .debug_info    0x000040e1      0x7aa ./emlib/em_gpio.o
 .debug_info    0x0000488b       0xa0 ./emlib/em_int.o
 .debug_info    0x0000492b      0x362 ./emlib/em_rtc.o
 .debug_info    0x00004c8d      0x8eb ./emlib/em_timer.o
 .debug_info    0x00005578      0xf25 ./emlib/em_usart.o
 .debug_info    0x0000649d      0x10d ./Drivers/dmactrl.o
 .debug_info    0x000065aa     0x19e5 ./Drivers/dmadrv.o
 .debug_info    0x00007f8f     0x1672 ./Drivers/ezradio_api_lib.o
 .debug_info    0x00009601      0x473 ./Drivers/ezradio_comm.o
 .debug_info    0x00009a74      0x94c ./Drivers/ezradio_crcerror_plugin.o
 .debug_info    0x0000a3c0     0x1008 ./Drivers/ezradio_hal.o
 .debug_info    0x0000b3c8      0xc95 ./Drivers/ezradio_plugin_manager.o
 .debug_info    0x0000c05d      0xa25 ./Drivers/ezradio_receive_plugin.o
 .debug_info    0x0000ca82      0xd55 ./Drivers/ezradio_transmit_plugin.o
 .debug_info    0x0000d7d7      0x7c6 ./Drivers/gpiointerrupt.o
 .debug_info    0x0000df9d      0xea9 ./Drivers/retargetio.o
 .debug_info    0x0000ee46      0xdc8 ./Drivers/retargettextdisplay.o
 .debug_info    0x0000fc0e     0x119d ./Drivers/rtcdriver.o
 .debug_info    0x00010dab     0x1cf9 ./Drivers/spidrv.o
 .debug_info    0x00012aa4      0xbb8 ./Drivers/textdisplay.o
 .debug_info    0x0001365c     0x1279 ./Drivers/ustimer.o
 .debug_info    0x000148d5      0x932 ./Drivers/si4x55/ezradio_api_lib_add.o
 .debug_info    0x00015207       0xe5 ./CMSIS/ezr32hg/startup_ezr32hg.o
 .debug_info    0x000152ec      0x499 ./CMSIS/ezr32hg/system_ezr32hg.o

.debug_abbrev   0x00000000     0x40b5
 .debug_abbrev  0x00000000      0x341 ./src/main.o
 .debug_abbrev  0x00000341      0x440 ./emlib/em_cmu.o
 .debug_abbrev  0x00000781      0x340 ./emlib/em_dma.o
 .debug_abbrev  0x00000ac1      0x20a ./emlib/em_emu.o
 .debug_abbrev  0x00000ccb      0x2c4 ./emlib/em_gpio.o
 .debug_abbrev  0x00000f8f       0x42 ./emlib/em_int.o
 .debug_abbrev  0x00000fd1      0x1e9 ./emlib/em_rtc.o
 .debug_abbrev  0x000011ba      0x1c0 ./emlib/em_timer.o
 .debug_abbrev  0x0000137a      0x2a1 ./emlib/em_usart.o
 .debug_abbrev  0x0000161b       0x85 ./Drivers/dmactrl.o
 .debug_abbrev  0x000016a0      0x3a1 ./Drivers/dmadrv.o
 .debug_abbrev  0x00001a41      0x1f3 ./Drivers/ezradio_api_lib.o
 .debug_abbrev  0x00001c34      0x182 ./Drivers/ezradio_comm.o
 .debug_abbrev  0x00001db6      0x16c ./Drivers/ezradio_crcerror_plugin.o
 .debug_abbrev  0x00001f22      0x2a8 ./Drivers/ezradio_hal.o
 .debug_abbrev  0x000021ca      0x255 ./Drivers/ezradio_plugin_manager.o
 .debug_abbrev  0x0000241f      0x19e ./Drivers/ezradio_receive_plugin.o
 .debug_abbrev  0x000025bd      0x23a ./Drivers/ezradio_transmit_plugin.o
 .debug_abbrev  0x000027f7      0x2a1 ./Drivers/gpiointerrupt.o
 .debug_abbrev  0x00002a98      0x2ea ./Drivers/retargetio.o
 .debug_abbrev  0x00002d82      0x231 ./Drivers/retargettextdisplay.o
 .debug_abbrev  0x00002fb3      0x423 ./Drivers/rtcdriver.o
 .debug_abbrev  0x000033d6      0x377 ./Drivers/spidrv.o
 .debug_abbrev  0x0000374d      0x275 ./Drivers/textdisplay.o
 .debug_abbrev  0x000039c2      0x39b ./Drivers/ustimer.o
 .debug_abbrev  0x00003d5d      0x1cc ./Drivers/si4x55/ezradio_api_lib_add.o
 .debug_abbrev  0x00003f29       0x14 ./CMSIS/ezr32hg/startup_ezr32hg.o
 .debug_abbrev  0x00003f3d      0x178 ./CMSIS/ezr32hg/system_ezr32hg.o

.debug_loc      0x00000000     0xa28a
 .debug_loc     0x00000000      0x429 ./src/main.o
 .debug_loc     0x00000429     0x186b ./emlib/em_cmu.o
 .debug_loc     0x00001c94      0xb17 ./emlib/em_dma.o
 .debug_loc     0x000027ab      0x178 ./emlib/em_emu.o
 .debug_loc     0x00002923      0x406 ./emlib/em_gpio.o
 .debug_loc     0x00002d29       0xfb ./emlib/em_rtc.o
 .debug_loc     0x00002e24      0x14f ./emlib/em_timer.o
 .debug_loc     0x00002f73      0x6c8 ./emlib/em_usart.o
 .debug_loc     0x0000363b     0x1437 ./Drivers/dmadrv.o
 .debug_loc     0x00004a72     0x1036 ./Drivers/ezradio_api_lib.o
 .debug_loc     0x00005aa8      0x383 ./Drivers/ezradio_comm.o
 .debug_loc     0x00005e2b       0x9c ./Drivers/ezradio_crcerror_plugin.o
 .debug_loc     0x00005ec7      0x2bb ./Drivers/ezradio_hal.o
 .debug_loc     0x00006182       0xef ./Drivers/ezradio_plugin_manager.o
 .debug_loc     0x00006271      0x118 ./Drivers/ezradio_receive_plugin.o
 .debug_loc     0x00006389      0x8be ./Drivers/ezradio_transmit_plugin.o
 .debug_loc     0x00006c47      0x157 ./Drivers/gpiointerrupt.o
 .debug_loc     0x00006d9e      0x350 ./Drivers/retargetio.o
 .debug_loc     0x000070ee      0x11d ./Drivers/retargettextdisplay.o
 .debug_loc     0x0000720b      0x970 ./Drivers/rtcdriver.o
 .debug_loc     0x00007b7b     0x1758 ./Drivers/spidrv.o
 .debug_loc     0x000092d3      0x8e7 ./Drivers/textdisplay.o
 .debug_loc     0x00009bba      0x2eb ./Drivers/ustimer.o
 .debug_loc     0x00009ea5      0x2c9 ./Drivers/si4x55/ezradio_api_lib_add.o
 .debug_loc     0x0000a16e      0x11c ./CMSIS/ezr32hg/system_ezr32hg.o

.debug_aranges  0x00000000      0xb68
 .debug_aranges
                0x00000000       0x50 ./src/main.o
 .debug_aranges
                0x00000050      0x118 ./emlib/em_cmu.o
 .debug_aranges
                0x00000168       0x90 ./emlib/em_dma.o
 .debug_aranges
                0x000001f8       0x50 ./emlib/em_emu.o
 .debug_aranges
                0x00000248       0x48 ./emlib/em_gpio.o
 .debug_aranges
                0x00000290       0x18 ./emlib/em_int.o
 .debug_aranges
                0x000002a8       0x50 ./emlib/em_rtc.o
 .debug_aranges
                0x000002f8       0x38 ./emlib/em_timer.o
 .debug_aranges
                0x00000330       0xb8 ./emlib/em_usart.o
 .debug_aranges
                0x000003e8       0x18 ./Drivers/dmactrl.o
 .debug_aranges
                0x00000400       0xb8 ./Drivers/dmadrv.o
 .debug_aranges
                0x000004b8      0x148 ./Drivers/ezradio_api_lib.o
 .debug_aranges
                0x00000600       0x50 ./Drivers/ezradio_comm.o
 .debug_aranges
                0x00000650       0x20 ./Drivers/ezradio_crcerror_plugin.o
 .debug_aranges
                0x00000670       0x78 ./Drivers/ezradio_hal.o
 .debug_aranges
                0x000006e8       0x38 ./Drivers/ezradio_plugin_manager.o
 .debug_aranges
                0x00000720       0x28 ./Drivers/ezradio_receive_plugin.o
 .debug_aranges
                0x00000748       0x50 ./Drivers/ezradio_transmit_plugin.o
 .debug_aranges
                0x00000798       0x40 ./Drivers/gpiointerrupt.o
 .debug_aranges
                0x000007d8       0x68 ./Drivers/retargetio.o
 .debug_aranges
                0x00000840       0x38 ./Drivers/retargettextdisplay.o
 .debug_aranges
                0x00000878       0x98 ./Drivers/rtcdriver.o
 .debug_aranges
                0x00000910       0xe8 ./Drivers/spidrv.o
 .debug_aranges
                0x000009f8       0x68 ./Drivers/textdisplay.o
 .debug_aranges
                0x00000a60       0x48 ./Drivers/ustimer.o
 .debug_aranges
                0x00000aa8       0x38 ./Drivers/si4x55/ezradio_api_lib_add.o
 .debug_aranges
                0x00000ae0       0x20 ./CMSIS/ezr32hg/startup_ezr32hg.o
 .debug_aranges
                0x00000b00       0x68 ./CMSIS/ezr32hg/system_ezr32hg.o

.debug_ranges   0x00000000      0xe28
 .debug_ranges  0x00000000       0x70 ./src/main.o
 .debug_ranges  0x00000070      0x230 ./emlib/em_cmu.o
 .debug_ranges  0x000002a0       0x80 ./emlib/em_dma.o
 .debug_ranges  0x00000320       0x70 ./emlib/em_emu.o
 .debug_ranges  0x00000390       0xb8 ./emlib/em_gpio.o
 .debug_ranges  0x00000448       0x58 ./emlib/em_rtc.o
 .debug_ranges  0x000004a0       0x28 ./emlib/em_timer.o
 .debug_ranges  0x000004c8       0xc8 ./emlib/em_usart.o
 .debug_ranges  0x00000590       0xc0 ./Drivers/dmadrv.o
 .debug_ranges  0x00000650      0x138 ./Drivers/ezradio_api_lib.o
 .debug_ranges  0x00000788       0x40 ./Drivers/ezradio_comm.o
 .debug_ranges  0x000007c8       0x10 ./Drivers/ezradio_crcerror_plugin.o
 .debug_ranges  0x000007d8       0x80 ./Drivers/ezradio_hal.o
 .debug_ranges  0x00000858       0x28 ./Drivers/ezradio_plugin_manager.o
 .debug_ranges  0x00000880       0x18 ./Drivers/ezradio_receive_plugin.o
 .debug_ranges  0x00000898       0x40 ./Drivers/ezradio_transmit_plugin.o
 .debug_ranges  0x000008d8       0x60 ./Drivers/gpiointerrupt.o
 .debug_ranges  0x00000938       0x58 ./Drivers/retargetio.o
 .debug_ranges  0x00000990       0x28 ./Drivers/retargettextdisplay.o
 .debug_ranges  0x000009b8      0x1a0 ./Drivers/rtcdriver.o
 .debug_ranges  0x00000b58       0xd8 ./Drivers/spidrv.o
 .debug_ranges  0x00000c30       0x58 ./Drivers/textdisplay.o
 .debug_ranges  0x00000c88      0x120 ./Drivers/ustimer.o
 .debug_ranges  0x00000da8       0x28 ./Drivers/si4x55/ezradio_api_lib_add.o
 .debug_ranges  0x00000dd0       0x58 ./CMSIS/ezr32hg/system_ezr32hg.o

.debug_line     0x00000000     0x70c6
 .debug_line    0x00000000      0x4ac ./src/main.o
 .debug_line    0x000004ac      0x8c9 ./emlib/em_cmu.o
 .debug_line    0x00000d75      0x4ea ./emlib/em_dma.o
 .debug_line    0x0000125f      0x3a4 ./emlib/em_emu.o
 .debug_line    0x00001603      0x2f7 ./emlib/em_gpio.o
 .debug_line    0x000018fa       0xdb ./emlib/em_int.o
 .debug_line    0x000019d5      0x269 ./emlib/em_rtc.o
 .debug_line    0x00001c3e      0x2bc ./emlib/em_timer.o
 .debug_line    0x00001efa      0x44c ./emlib/em_usart.o
 .debug_line    0x00002346      0x160 ./Drivers/dmactrl.o
 .debug_line    0x000024a6      0x69b ./Drivers/dmadrv.o
 .debug_line    0x00002b41      0x72d ./Drivers/ezradio_api_lib.o
 .debug_line    0x0000326e      0x21f ./Drivers/ezradio_comm.o
 .debug_line    0x0000348d      0x311 ./Drivers/ezradio_crcerror_plugin.o
 .debug_line    0x0000379e      0x4a0 ./Drivers/ezradio_hal.o
 .debug_line    0x00003c3e      0x4ad ./Drivers/ezradio_plugin_manager.o
 .debug_line    0x000040eb      0x328 ./Drivers/ezradio_receive_plugin.o
 .debug_line    0x00004413      0x414 ./Drivers/ezradio_transmit_plugin.o
 .debug_line    0x00004827      0x3b6 ./Drivers/gpiointerrupt.o
 .debug_line    0x00004bdd      0x359 ./Drivers/retargetio.o
 .debug_line    0x00004f36      0x2cc ./Drivers/retargettextdisplay.o
 .debug_line    0x00005202      0x78e ./Drivers/rtcdriver.o
 .debug_line    0x00005990      0x86a ./Drivers/spidrv.o
 .debug_line    0x000061fa      0x45b ./Drivers/textdisplay.o
 .debug_line    0x00006655      0x4d1 ./Drivers/ustimer.o
 .debug_line    0x00006b26      0x288 ./Drivers/si4x55/ezradio_api_lib_add.o
 .debug_line    0x00006dae       0xc0 ./CMSIS/ezr32hg/startup_ezr32hg.o
 .debug_line    0x00006e6e      0x258 ./CMSIS/ezr32hg/system_ezr32hg.o

.debug_str      0x00000000     0x62dd
 .debug_str     0x00000000      0xc29 ./src/main.o
                                0xc86 (size before relaxing)
 .debug_str     0x00000c29      0x908 ./emlib/em_cmu.o
                                0xd9e (size before relaxing)
 .debug_str     0x00001531      0x712 ./emlib/em_dma.o
                                0xb43 (size before relaxing)
 .debug_str     0x00001c43      0x180 ./emlib/em_emu.o
                                0x489 (size before relaxing)
 .debug_str     0x00001dc3      0x166 ./emlib/em_gpio.o
                                0x5d9 (size before relaxing)
 .debug_str     0x00001f29       0x5a ./emlib/em_int.o
                                0x1e3 (size before relaxing)
 .debug_str     0x00001f83       0xf4 ./emlib/em_rtc.o
                                0x2bf (size before relaxing)
 .debug_str     0x00002077      0x72a ./emlib/em_timer.o
                                0x90f (size before relaxing)
 .debug_str     0x000027a1      0x8b7 ./emlib/em_usart.o
                                0xc60 (size before relaxing)
 .debug_str     0x00003058       0x69 ./Drivers/dmactrl.o
                                0x221 (size before relaxing)
 .debug_str     0x000030c1      0x83f ./Drivers/dmadrv.o
                               0x119c (size before relaxing)
 .debug_str     0x00003900      0xb39 ./Drivers/ezradio_api_lib.o
                                0xd7a (size before relaxing)
 .debug_str     0x00004439      0x177 ./Drivers/ezradio_comm.o
                                0x3da (size before relaxing)
 .debug_str     0x000045b0       0xc4 ./Drivers/ezradio_crcerror_plugin.o
                                0xab5 (size before relaxing)
 .debug_str     0x00004674      0x4ad ./Drivers/ezradio_hal.o
                               0x1140 (size before relaxing)
 .debug_str     0x00004b21      0x1cb ./Drivers/ezradio_plugin_manager.o
                                0xd16 (size before relaxing)
 .debug_str     0x00004cec       0x81 ./Drivers/ezradio_receive_plugin.o
                                0xae3 (size before relaxing)
 .debug_str     0x00004d6d      0x12a ./Drivers/ezradio_transmit_plugin.o
                                0xbbc (size before relaxing)
 .debug_str     0x00004e97       0xf8 ./Drivers/gpiointerrupt.o
                                0x589 (size before relaxing)
 .debug_str     0x00004f8f      0x56c ./Drivers/retargetio.o
                                0x7a9 (size before relaxing)
 .debug_str     0x000054fb      0x2f8 ./Drivers/retargettextdisplay.o
                                0x8c3 (size before relaxing)
 .debug_str     0x000057f3      0x281 ./Drivers/rtcdriver.o
                                0xa7f (size before relaxing)
 .debug_str     0x00005a74      0x286 ./Drivers/spidrv.o
                               0x1474 (size before relaxing)
 .debug_str     0x00005cfa      0x2a4 ./Drivers/textdisplay.o
                                0x6ec (size before relaxing)
 .debug_str     0x00005f9e      0x156 ./Drivers/ustimer.o
                                0xc94 (size before relaxing)
 .debug_str     0x000060f4      0x107 ./Drivers/si4x55/ezradio_api_lib_add.o
                                0x96d (size before relaxing)
 .debug_str     0x000061fb       0xe2 ./CMSIS/ezr32hg/system_ezr32hg.o
                                0x432 (size before relaxing)

.debug_frame    0x00000000     0x2504
 .debug_frame   0x00000000       0xc4 ./src/main.o
 .debug_frame   0x000000c4      0x2cc ./emlib/em_cmu.o
 .debug_frame   0x00000390      0x1a4 ./emlib/em_dma.o
 .debug_frame   0x00000534       0xa0 ./emlib/em_emu.o
 .debug_frame   0x000005d4       0x94 ./emlib/em_gpio.o
 .debug_frame   0x00000668       0x88 ./emlib/em_rtc.o
 .debug_frame   0x000006f0       0x84 ./emlib/em_timer.o
 .debug_frame   0x00000774      0x1b8 ./emlib/em_usart.o
 .debug_frame   0x0000092c      0x224 ./Drivers/dmadrv.o
 .debug_frame   0x00000b50      0x474 ./Drivers/ezradio_api_lib.o
 .debug_frame   0x00000fc4       0xd4 ./Drivers/ezradio_comm.o
 .debug_frame   0x00001098       0x28 ./Drivers/ezradio_crcerror_plugin.o
 .debug_frame   0x000010c0      0x110 ./Drivers/ezradio_hal.o
 .debug_frame   0x000011d0       0x6c ./Drivers/ezradio_plugin_manager.o
 .debug_frame   0x0000123c       0x48 ./Drivers/ezradio_receive_plugin.o
 .debug_frame   0x00001284       0xdc ./Drivers/ezradio_transmit_plugin.o
 .debug_frame   0x00001360       0x80 ./Drivers/gpiointerrupt.o
 .debug_frame   0x000013e0       0xd8 ./Drivers/retargetio.o
 .debug_frame   0x000014b8       0x6c ./Drivers/retargettextdisplay.o
 .debug_frame   0x00001524      0x1bc ./Drivers/rtcdriver.o
 .debug_frame   0x000016e0      0x2e0 ./Drivers/spidrv.o
 .debug_frame   0x000019c0      0x12c ./Drivers/textdisplay.o
 .debug_frame   0x00001aec       0xac ./Drivers/ustimer.o
 .debug_frame   0x00001b98       0x84 ./Drivers/si4x55/ezradio_api_lib_add.o
 .debug_frame   0x00001c1c       0xd0 ./CMSIS/ezr32hg/system_ezr32hg.o
 .debug_frame   0x00001cec       0x20 c:/siliconlabs/simplicitystudio/v3/developer/toolchains/gnu_arm/4.8_2013q4/bin/../lib/gcc/arm-none-eabi/4.8.3/armv6-m\libgcc.a(_udivsi3.o)
 .debug_frame   0x00001d0c       0x30 c:/siliconlabs/simplicitystudio/v3/developer/toolchains/gnu_arm/4.8_2013q4/bin/../lib/gcc/arm-none-eabi/4.8.3/armv6-m\libgcc.a(_muldi3.o)
 .debug_frame   0x00001d3c       0x50 c:/siliconlabs/simplicitystudio/v3/developer/toolchains/gnu_arm/4.8_2013q4/bin/../lib/gcc/arm-none-eabi/4.8.3/armv6-m\libgcc.a(bpabi.o)
 .debug_frame   0x00001d8c       0x3c c:/siliconlabs/simplicitystudio/v3/developer/toolchains/gnu_arm/4.8_2013q4/bin/../lib/gcc/arm-none-eabi/4.8.3/armv6-m\libgcc.a(_divdi3.o)
 .debug_frame   0x00001dc8       0x3c c:/siliconlabs/simplicitystudio/v3/developer/toolchains/gnu_arm/4.8_2013q4/bin/../lib/gcc/arm-none-eabi/4.8.3/armv6-m\libgcc.a(_udivdi3.o)
 .debug_frame   0x00001e04       0x28 c:/siliconlabs/simplicitystudio/v3/developer/toolchains/gnu_arm/4.8_2013q4/bin/../lib/gcc/arm-none-eabi/4.8.3/../../../../arm-none-eabi/lib/armv6-m\libc_s.a(lib_a-exit.o)
 .debug_frame   0x00001e2c       0x2c c:/siliconlabs/simplicitystudio/v3/developer/toolchains/gnu_arm/4.8_2013q4/bin/../lib/gcc/arm-none-eabi/4.8.3/../../../../arm-none-eabi/lib/armv6-m\libc_s.a(lib_a-fileno.o)
 .debug_frame   0x00001e58      0x148 c:/siliconlabs/simplicitystudio/v3/developer/toolchains/gnu_arm/4.8_2013q4/bin/../lib/gcc/arm-none-eabi/4.8.3/../../../../arm-none-eabi/lib/armv6-m\libc_s.a(lib_a-findfp.o)
 .debug_frame   0x00001fa0       0x2c c:/siliconlabs/simplicitystudio/v3/developer/toolchains/gnu_arm/4.8_2013q4/bin/../lib/gcc/arm-none-eabi/4.8.3/../../../../arm-none-eabi/lib/armv6-m\libc_s.a(lib_a-init.o)
 .debug_frame   0x00001fcc       0x28 c:/siliconlabs/simplicitystudio/v3/developer/toolchains/gnu_arm/4.8_2013q4/bin/../lib/gcc/arm-none-eabi/4.8.3/../../../../arm-none-eabi/lib/armv6-m\libc_s.a(lib_a-memcpy-stub.o)
 .debug_frame   0x00001ff4       0x20 c:/siliconlabs/simplicitystudio/v3/developer/toolchains/gnu_arm/4.8_2013q4/bin/../lib/gcc/arm-none-eabi/4.8.3/../../../../arm-none-eabi/lib/armv6-m\libc_s.a(lib_a-memset.o)
 .debug_frame   0x00002014       0x2c c:/siliconlabs/simplicitystudio/v3/developer/toolchains/gnu_arm/4.8_2013q4/bin/../lib/gcc/arm-none-eabi/4.8.3/../../../../arm-none-eabi/lib/armv6-m\libc_s.a(lib_a-nano-mallocr.o)
 .debug_frame   0x00002040       0x50 c:/siliconlabs/simplicitystudio/v3/developer/toolchains/gnu_arm/4.8_2013q4/bin/../lib/gcc/arm-none-eabi/4.8.3/../../../../arm-none-eabi/lib/armv6-m\libc_s.a(lib_a-printf.o)
 .debug_frame   0x00002090       0x2c c:/siliconlabs/simplicitystudio/v3/developer/toolchains/gnu_arm/4.8_2013q4/bin/../lib/gcc/arm-none-eabi/4.8.3/../../../../arm-none-eabi/lib/armv6-m\libc_s.a(lib_a-sbrkr.o)
 .debug_frame   0x000020bc       0x90 c:/siliconlabs/simplicitystudio/v3/developer/toolchains/gnu_arm/4.8_2013q4/bin/../lib/gcc/arm-none-eabi/4.8.3/../../../../arm-none-eabi/lib/armv6-m\libc_s.a(lib_a-stdio.o)
 .debug_frame   0x0000214c       0x20 c:/siliconlabs/simplicitystudio/v3/developer/toolchains/gnu_arm/4.8_2013q4/bin/../lib/gcc/arm-none-eabi/4.8.3/../../../../arm-none-eabi/lib/armv6-m\libc_s.a(lib_a-strlen.o)
 .debug_frame   0x0000216c       0xa0 c:/siliconlabs/simplicitystudio/v3/developer/toolchains/gnu_arm/4.8_2013q4/bin/../lib/gcc/arm-none-eabi/4.8.3/../../../../arm-none-eabi/lib/armv6-m\libc_s.a(lib_a-vfprintf.o)
 .debug_frame   0x0000220c       0x54 c:/siliconlabs/simplicitystudio/v3/developer/toolchains/gnu_arm/4.8_2013q4/bin/../lib/gcc/arm-none-eabi/4.8.3/../../../../arm-none-eabi/lib/armv6-m\libc_s.a(lib_a-vfprintf_i.o)
 .debug_frame   0x00002260       0x44 c:/siliconlabs/simplicitystudio/v3/developer/toolchains/gnu_arm/4.8_2013q4/bin/../lib/gcc/arm-none-eabi/4.8.3/../../../../arm-none-eabi/lib/armv6-m\libc_s.a(lib_a-wbuf.o)
 .debug_frame   0x000022a4       0x2c c:/siliconlabs/simplicitystudio/v3/developer/toolchains/gnu_arm/4.8_2013q4/bin/../lib/gcc/arm-none-eabi/4.8.3/../../../../arm-none-eabi/lib/armv6-m\libc_s.a(lib_a-writer.o)
 .debug_frame   0x000022d0       0x2c c:/siliconlabs/simplicitystudio/v3/developer/toolchains/gnu_arm/4.8_2013q4/bin/../lib/gcc/arm-none-eabi/4.8.3/../../../../arm-none-eabi/lib/armv6-m\libc_s.a(lib_a-wsetup.o)
 .debug_frame   0x000022fc       0x2c c:/siliconlabs/simplicitystudio/v3/developer/toolchains/gnu_arm/4.8_2013q4/bin/../lib/gcc/arm-none-eabi/4.8.3/../../../../arm-none-eabi/lib/armv6-m\libc_s.a(lib_a-closer.o)
 .debug_frame   0x00002328       0x68 c:/siliconlabs/simplicitystudio/v3/developer/toolchains/gnu_arm/4.8_2013q4/bin/../lib/gcc/arm-none-eabi/4.8.3/../../../../arm-none-eabi/lib/armv6-m\libc_s.a(lib_a-fflush.o)
 .debug_frame   0x00002390       0x2c c:/siliconlabs/simplicitystudio/v3/developer/toolchains/gnu_arm/4.8_2013q4/bin/../lib/gcc/arm-none-eabi/4.8.3/../../../../arm-none-eabi/lib/armv6-m\libc_s.a(lib_a-lseekr.o)
 .debug_frame   0x000023bc       0x30 c:/siliconlabs/simplicitystudio/v3/developer/toolchains/gnu_arm/4.8_2013q4/bin/../lib/gcc/arm-none-eabi/4.8.3/../../../../arm-none-eabi/lib/armv6-m\libc_s.a(lib_a-makebuf.o)
 .debug_frame   0x000023ec       0x20 c:/siliconlabs/simplicitystudio/v3/developer/toolchains/gnu_arm/4.8_2013q4/bin/../lib/gcc/arm-none-eabi/4.8.3/../../../../arm-none-eabi/lib/armv6-m\libc_s.a(lib_a-memchr-stub.o)
 .debug_frame   0x0000240c       0x2c c:/siliconlabs/simplicitystudio/v3/developer/toolchains/gnu_arm/4.8_2013q4/bin/../lib/gcc/arm-none-eabi/4.8.3/../../../../arm-none-eabi/lib/armv6-m\libc_s.a(lib_a-nano-freer.o)
 .debug_frame   0x00002438       0x2c c:/siliconlabs/simplicitystudio/v3/developer/toolchains/gnu_arm/4.8_2013q4/bin/../lib/gcc/arm-none-eabi/4.8.3/../../../../arm-none-eabi/lib/armv6-m\libc_s.a(lib_a-readr.o)
 .debug_frame   0x00002464       0x48 c:/siliconlabs/simplicitystudio/v3/developer/toolchains/gnu_arm/4.8_2013q4/bin/../lib/gcc/arm-none-eabi/4.8.3/../../../../arm-none-eabi/lib/armv6-m\libc_s.a(lib_a-reent.o)
 .debug_frame   0x000024ac       0x2c c:/siliconlabs/simplicitystudio/v3/developer/toolchains/gnu_arm/4.8_2013q4/bin/../lib/gcc/arm-none-eabi/4.8.3/../../../../arm-none-eabi/lib/armv6-m\libc_s.a(lib_a-fstatr.o)
 .debug_frame   0x000024d8       0x2c c:/siliconlabs/simplicitystudio/v3/developer/toolchains/gnu_arm/4.8_2013q4/bin/../lib/gcc/arm-none-eabi/4.8.3/../../../../arm-none-eabi/lib/armv6-m\libc_s.a(lib_a-isattyr.o)
